Godot Engine v4.7.2.stable.official.ed1daf0bf - https://godotengine.org
OpenGL API 3.3.0 NVIDIA 595.97 - Compatibility - Using Device: NVIDIA - NVIDIA GeForce RTX 3060 Laptop GPU

Heading 1 load ms=66.911
PASS complete texture sequence
PASS cache retains at most two headings
Heading 5 load ms=70.373
PASS complete texture sequence
PASS cache retains at most two headings
Heading 1 load ms=0.011
PASS complete texture sequence
PASS cache retains at most two headings
Heading 9 load ms=62.821
PASS complete texture sequence
PASS cache retains at most two headings
Heading 1 load ms=0.011
PASS complete texture sequence
PASS cache retains at most two headings
PASS cached heading access stays below one millisecond
PASS least recently used heading is evicted
PASS live effect retains textures after cache eviction
Texture memory delta bytes=79238848
MELEE CACHE REVIEW: 0 failures
