Godot Engine v4.7.2.stable.official.ed1daf0bf - https://godotengine.org
OpenGL API 3.3.0 NVIDIA 595.97 - Compatibility - Using Device: NVIDIA - NVIDIA GeForce RTX 3060 Laptop GPU

[level] prewarmed 23 looks in 2262 ms
PASS atlas prewarmed before gameplay
PASS actual controller creates Blender trail
PASS light/heavy strike reaches visible contact
PASS actual strike cleans up on recovery
PASS actual controller creates Blender trail
PASS light/heavy strike reaches visible contact
PASS actual strike cleans up on recovery
PASS actual controller creates Blender trail
PASS light/heavy strike reaches visible contact
PASS actual strike cleans up on recovery
PASS actual controller creates Blender trail
PASS light/heavy strike reaches visible contact
PASS actual strike cleans up on recovery
PASS actual controller creates Blender trail
PASS light/heavy strike reaches visible contact
PASS actual strike cleans up on recovery
PASS actual controller creates Blender trail
PASS light/heavy strike reaches visible contact
PASS actual strike cleans up on recovery
PASS actual controller creates Blender trail
PASS light/heavy strike reaches visible contact
PASS actual strike cleans up on recovery
PASS actual controller creates Blender trail
PASS light/heavy strike reaches visible contact
PASS actual strike cleans up on recovery
PASS weapon swap cancels runtime trail
PASS knife does not borrow bat artwork
PASS roll cancels runtime trail
RUNTIME BLENDER TRAIL: 0 failures
