Godot Engine v4.7.2.stable.official.ed1daf0bf - https://godotengine.org

[   0% ] [90m[1mfirst_scan_filesystem[22m | Started Project initialization (5 steps)[39m[0m
[   0% ] [90m[1mfirst_scan_filesystem[22m | Scanning file structure...[39m[0m
[  16% ] [90m[1mfirst_scan_filesystem[22m | Loading global class names...[39m[0m
[  33% ] [90m[1mfirst_scan_filesystem[22m | Verifying GDExtensions...[39m[0m
[  50% ] [90m[1mfirst_scan_filesystem[22m | Creating autoload scripts...[39m[0m
SCRIPT ERROR: Parse Error: Could not resolve class "Effects", because of a parser error.
   at: GDScript::reload (res://scripts/player/player_controller.gd:449)
SCRIPT ERROR: Parse Error: Could not resolve class "Effects", because of a parser error.
   at: GDScript::reload (res://scripts/player/player_controller.gd:453)
SCRIPT ERROR: Parse Error: Could not resolve class "Effects", because of a parser error.
   at: GDScript::reload (res://scripts/player/player_controller.gd:460)
SCRIPT ERROR: Parse Error: Could not resolve class "Effects", because of a parser error.
   at: GDScript::reload (res://scripts/player/player_controller.gd:490)
SCRIPT ERROR: Parse Error: Could not resolve class "Effects", because of a parser error.
   at: GDScript::reload (res://scripts/player/player_controller.gd:661)
SCRIPT ERROR: Parse Error: Could not resolve class "Effects", because of a parser error.
   at: GDScript::reload (res://scripts/player/player_controller.gd:670)
SCRIPT ERROR: Parse Error: Could not resolve class "Effects", because of a parser error.
   at: GDScript::reload (res://scripts/player/player_controller.gd:672)
SCRIPT ERROR: Parse Error: Could not resolve class "Effects", because of a parser error.
   at: GDScript::reload (res://scripts/player/player_controller.gd:687)
SCRIPT ERROR: Parse Error: Could not resolve class "Effects", because of a parser error.
   at: GDScript::reload (res://scripts/player/player_controller.gd:749)
SCRIPT ERROR: Parse Error: Could not resolve class "Effects", because of a parser error.
   at: GDScript::reload (res://scripts/player/player_controller.gd:797)
SCRIPT ERROR: Parse Error: Could not resolve class "Effects", because of a parser error.
   at: GDScript::reload (res://scripts/player/player_controller.gd:810)
SCRIPT ERROR: Parse Error: Could not resolve class "Effects", because of a parser error.
   at: GDScript::reload (res://scripts/player/player_controller.gd:868)
SCRIPT ERROR: Parse Error: Could not resolve class "Effects", because of a parser error.
   at: GDScript::reload (res://scripts/player/player_controller.gd:881)
SCRIPT ERROR: Parse Error: Could not resolve class "Effects", because of a parser error.
   at: GDScript::reload (res://scripts/player/player_controller.gd:883)
SCRIPT ERROR: Parse Error: Could not resolve class "Effects", because of a parser error.
   at: GDScript::reload (res://scripts/player/player_controller.gd:1190)
SCRIPT ERROR: Parse Error: Could not resolve class "Effects", because of a parser error.
   at: GDScript::reload (res://scripts/player/player_controller.gd:1236)
SCRIPT ERROR: Parse Error: Could not resolve class "Effects", because of a parser error.
   at: GDScript::reload (res://scripts/player/player_controller.gd:1252)
SCRIPT ERROR: Parse Error: Could not resolve class "Effects", because of a parser error.
   at: GDScript::reload (res://scripts/player/player_controller.gd:1330)
SCRIPT ERROR: Parse Error: Could not resolve class "Effects", because of a parser error.
   at: GDScript::reload (res://scripts/player/player_controller.gd:1391)
SCRIPT ERROR: Parse Error: Could not resolve class "Effects", because of a parser error.
   at: GDScript::reload (res://scripts/player/player_controller.gd:1532)
SCRIPT ERROR: Parse Error: Could not resolve class "Effects", because of a parser error.
   at: GDScript::reload (res://scripts/weapons/bullet_system.gd:144)
SCRIPT ERROR: Parse Error: Could not resolve class "Effects", because of a parser error.
   at: GDScript::reload (res://scripts/weapons/bullet_system.gd:153)
SCRIPT ERROR: Parse Error: Could not resolve class "Effects", because of a parser error.
   at: GDScript::reload (res://scripts/weapons/bullet_system.gd:160)
SCRIPT ERROR: Parse Error: Could not resolve class "Enemy".
   at: GDScript::reload (res://scripts/enemies/boss_night_manager.gd:1)
SCRIPT ERROR: Parse Error: Could not resolve class "Effects", because of a parser error.
   at: GDScript::reload (res://scripts/enemies/boss_night_manager.gd:216)
SCRIPT ERROR: Parse Error: Could not resolve class "Effects", because of a parser error.
   at: GDScript::reload (res://scripts/enemies/boss_night_manager.gd:261)
SCRIPT ERROR: Parse Error: Could not resolve class "Effects", because of a parser error.
   at: GDScript::reload (res://scripts/weapons/weapon_pickup.gd:99)
SCRIPT ERROR: Parse Error: Could not resolve class "Effects", because of a parser error.
   at: GDScript::reload (res://scripts/enemies/enemy_controller.gd:719)
SCRIPT ERROR: Parse Error: Could not resolve class "Effects", because of a parser error.
   at: GDScript::reload (res://scripts/enemies/enemy_controller.gd:721)
SCRIPT ERROR: Parse Error: Could not resolve class "Effects", because of a parser error.
   at: GDScript::reload (res://scripts/enemies/enemy_controller.gd:739)
SCRIPT ERROR: Parse Error: Could not resolve class "Effects", because of a parser error.
   at: GDScript::reload (res://scripts/enemies/enemy_controller.gd:866)
SCRIPT ERROR: Parse Error: Could not resolve class "Effects", because of a parser error.
   at: GDScript::reload (res://scripts/enemies/enemy_controller.gd:884)
SCRIPT ERROR: Parse Error: Could not resolve class "Effects", because of a parser error.
   at: GDScript::reload (res://scripts/enemies/enemy_controller.gd:888)
SCRIPT ERROR: Parse Error: Could not resolve class "Effects", because of a parser error.
   at: GDScript::reload (res://scripts/enemies/enemy_controller.gd:896)
SCRIPT ERROR: Parse Error: Could not resolve class "Effects", because of a parser error.
   at: GDScript::reload (res://scripts/enemies/enemy_controller.gd:916)
SCRIPT ERROR: Parse Error: Could not resolve class "Effects", because of a parser error.
   at: GDScript::reload (res://scripts/enemies/enemy_controller.gd:1049)
SCRIPT ERROR: Compile Error: Failed to compile depended scripts.
   at: GDScript::reload (res://scripts/systems/debug_menu.gd:0)
ERROR: Failed to load script "res://scripts/systems/debug_menu.gd" with error "Parse error".
   at: load (modules/gdscript/gdscript_resource_format.cpp:46)
[  66% ] [90m[1mfirst_scan_filesystem[22m | Initializing plugins...[39m[0m
[  83% ] [90m[1mfirst_scan_filesystem[22m | Starting file scan...[39m[0m
[92m[ DONE ][39m [1mfirst_scan_filesystem[22m
[0m
[   0% ] [90m[1mupdate_scripts_classes[22m | Started Registering global classes... (7 steps)[39m[0m
[   0% ] [90m[1mupdate_scripts_classes[22m | Level[39m[0m
[  12% ] [90m[1mupdate_scripts_classes[22m | [39m[0m
[  25% ] [90m[1mupdate_scripts_classes[22m | [39m[0m
[  37% ] [90m[1mupdate_scripts_classes[22m | Player[39m[0m
[  50% ] [90m[1mupdate_scripts_classes[22m | Effects[39m[0m
[  62% ] [90m[1mupdate_scripts_classes[22m | [39m[0m
[  75% ] [90m[1mupdate_scripts_classes[22m | [39m[0m
[92m[ DONE ][39m [1mupdate_scripts_classes[22m
[0m
[   0% ] [90m[1m_update_scan_actions[22m | Started Scanning actions... (4 steps)[39m[0m
[   0% ] [90m[1m_update_scan_actions[22m | bat.png[39m[0m
[  20% ] [90m[1m_update_scan_actions[22m | all_heading_contact.png[39m[0m
[  40% ] [90m[1m_update_scan_actions[22m | level_contact.png[39m[0m
[  60% ] [90m[1m_update_scan_actions[22m | level_playback.png[39m[0m
[92m[ DONE ][39m [1m_update_scan_actions[22m
[0m
[   0% ] [90m[1mreimport[22m | Started (Re)Importing Assets (4 steps)[39m[0m
[   0% ] [90m[1mreimport[22m | Preparing files to reimport...[39m[0m
[  20% ] [90m[1mreimport[22m | Preparing files to reimport...[39m[0m
[  40% ] [90m[1mreimport[22m | Preparing files to reimport...[39m[0m
[  60% ] [90m[1mreimport[22m | Preparing files to reimport...[39m[0m
[   0% ] [90m[1mreimport[22m | Executing pre-reimport operations...[39m[0m
[   0% ] [90m[1mreimport[22m | bat.png[39m[0m
[  20% ] [90m[1mreimport[22m | all_heading_contact.png[39m[0m
[  40% ] [90m[1mreimport[22m | level_contact.png[39m[0m
[  60% ] [90m[1mreimport[22m | level_playback.png[39m[0m
[  80% ] [90m[1mreimport[22m | Finalizing Asset Import...[39m[0m
[92m[ DONE ][39m [1mreimport[22m
[0m
[   0% ] [90m[1mreimport[22m | Started (Re)Importing Assets (4 steps)[39m[0m
[   0% ] [90m[1mreimport[22m | Executing post-reimport operations...[39m[0m
[92m[ DONE ][39m [1mreimport[22m
[0m
[   0% ] [90m[1mloading_editor_layout[22m | Started Loading editor (5 steps)[39m[0m
[   0% ] [90m[1mloading_editor_layout[22m | Loading editor layout...[39m[0m
[  16% ] [90m[1mloading_editor_layout[22m | Loading docks...[39m[0m
[  33% ] [90m[1mloading_editor_layout[22m | Reopening scenes...[39m[0m
[  50% ] [90m[1mloading_editor_layout[22m | Loading central editor layout...[39m[0m
[  66% ] [90m[1mloading_editor_layout[22m | Loading plugin window layout...[39m[0m
[  83% ] [90m[1mloading_editor_layout[22m | Editor layout ready.[39m[0m
[92m[ DONE ][39m [1mloading_editor_layout[22m
[0m
