07:16:46 | INFO: Data are loaded, start creating Blender stuff
07:16:46 | INFO: Blender create Mesh node Mesh_0
07:16:46 | INFO: glTF import finished in 0.39s
07:16:46 | INFO: Data are loaded, start creating Blender stuff
07:16:46 | INFO: Blender create Mesh node Cylinder.001
07:16:46 | INFO: Blender create Mesh node Cube.103
07:16:46 | INFO: Blender create Mesh node Cube.005
07:16:46 | INFO: Blender create Mesh node Cube.102
07:16:46 | INFO: Blender create Mesh node Cylinder.003
07:16:46 | INFO: Blender create Mesh node Cylinder.004
07:16:46 | INFO: Blender create Mesh node Cube.105
07:16:46 | INFO: Blender create Mesh node Cube.108
07:16:46 | INFO: Blender create Mesh node Cube.007
07:16:46 | INFO: Blender create Mesh node Cube.008
07:16:46 | INFO: Blender create Mesh node Cube.009
07:16:46 | INFO: Blender create Mesh node Cube.010
07:16:46 | INFO: Blender create Mesh node Cube.011
07:16:46 | INFO: Blender create Mesh node Cube.012
07:16:46 | INFO: Blender create Mesh node Cube.013
07:16:46 | INFO: Blender create Mesh node Cube.014
07:16:46 | INFO: Blender create Mesh node Cube.015
07:16:46 | INFO: Blender create Mesh node Cube.016
07:16:46 | INFO: Blender create Mesh node Cube.017
07:16:46 | INFO: Blender create Mesh node Cube.018
07:16:46 | INFO: Blender create Mesh node Cube.019
07:16:46 | INFO: Blender create Mesh node Cube.020
07:16:46 | INFO: Blender create Mesh node Cube.021
07:16:46 | INFO: Blender create Mesh node Cube.022
07:16:46 | INFO: Blender create Mesh node Cube.023
07:16:46 | INFO: Blender create Mesh node Cube.024
07:16:46 | INFO: Blender create Mesh node Cube.025
07:16:46 | INFO: Blender create Mesh node Cube.026
07:16:46 | INFO: Blender create Mesh node Cube.027
07:16:46 | INFO: Blender create Mesh node Cube.028
07:16:46 | INFO: Blender create Mesh node Cube.029
07:16:46 | INFO: Blender create Mesh node Cube.030
07:16:46 | INFO: Blender create Mesh node Cube.031
07:16:46 | INFO: Blender create Mesh node Cube.032
07:16:46 | INFO: Blender create Mesh node Cube.033
07:16:46 | INFO: Blender create Mesh node Cube.034
07:16:46 | INFO: Blender create Mesh node Cube.035
07:16:46 | INFO: Blender create Mesh node Cube.036
07:16:46 | INFO: Blender create Mesh node Cube.037
07:16:46 | INFO: Blender create Mesh node Cube.038
07:16:46 | INFO: Blender create Mesh node Cube.039
07:16:46 | INFO: Blender create Mesh node Cube.040
07:16:46 | INFO: Blender create Mesh node Cube.041
07:16:46 | INFO: Blender create Mesh node Cube.042
07:16:46 | INFO: Blender create Mesh node Cube.055
07:16:46 | INFO: Blender create Mesh node Cube.056
07:16:46 | INFO: Blender create Mesh node Cube.057
07:16:46 | INFO: Blender create Mesh node Cube.058
07:16:46 | INFO: Blender create Mesh node Cube.059
07:16:46 | INFO: Blender create Mesh node Cube.060
07:16:46 | INFO: Blender create Mesh node Cube.061
07:16:46 | INFO: Blender create Mesh node Cube.062
07:16:46 | INFO: Blender create Mesh node Cube.063
07:16:46 | INFO: Blender create Mesh node Cube.064
07:16:46 | INFO: Blender create Mesh node Cube.065
07:16:46 | INFO: Blender create Mesh node Cube.066
07:16:46 | INFO: Blender create Mesh node Cube.067
07:16:46 | INFO: Blender create Mesh node Cube.068
07:16:46 | INFO: Blender create Mesh node Cube.069
07:16:46 | INFO: Blender create Mesh node Cube.070
07:16:46 | INFO: Blender create Mesh node Cube.071
07:16:46 | INFO: Blender create Mesh node Cube.072
07:16:46 | INFO: Blender create Mesh node Cube.073
07:16:46 | INFO: Blender create Mesh node Cube.074
07:16:46 | INFO: Blender create Mesh node Cube.075
07:16:46 | INFO: Blender create Mesh node Cube.076
07:16:46 | INFO: Blender create Mesh node Cube.077
07:16:46 | INFO: Blender create Mesh node Cube.078
07:16:46 | INFO: Blender create Mesh node Cube.079
07:16:46 | INFO: Blender create Mesh node Cube.080
07:16:46 | INFO: Blender create Mesh node Cube.081
07:16:46 | INFO: Blender create Mesh node Cube.082
07:16:46 | INFO: Blender create Mesh node Cube.083
07:16:46 | INFO: Blender create Mesh node Cube.084
07:16:46 | INFO: Blender create Mesh node Cube.085
07:16:46 | INFO: Blender create Mesh node Cube.086
07:16:46 | INFO: Blender create Mesh node Cube.087
07:16:46 | INFO: Blender create Mesh node Cube.088
07:16:46 | INFO: Blender create Mesh node Cube.089
07:16:46 | INFO: Blender create Mesh node Cube.090
07:16:46 | INFO: Blender create Mesh node Cube.001
07:16:46 | INFO: Blender create Mesh node Cube.006
07:16:46 | INFO: Blender create Mesh node Cube.054
07:16:46 | INFO: Blender create Mesh node Cube.053
07:16:46 | INFO: Blender create Mesh node Cube.101
07:16:46 | INFO: Blender create Mesh node Cylinder
07:16:46 | INFO: Blender create Mesh node Cube
07:16:46 | INFO: Blender create Mesh node Cube.104
07:16:46 | INFO: Blender create Mesh node Cube.106
07:16:46 | INFO: Blender create Mesh node Cube.107
07:16:46 | INFO: Blender create Mesh node Cube.002
07:16:46 | INFO: Blender create Mesh node Cylinder.002
07:16:46 | INFO: Blender create Mesh node Cube.003
07:16:46 | INFO: Blender create Mesh node Cube.052
07:16:46 | INFO: Blender create Mesh node Cube.100
07:16:46 | INFO: Blender create Mesh node Cube.043
07:16:46 | INFO: Blender create Mesh node Cube.044
07:16:46 | INFO: Blender create Mesh node Cube.045
07:16:46 | INFO: Blender create Mesh node Cube.046
07:16:46 | INFO: Blender create Mesh node Cube.047
07:16:46 | INFO: Blender create Mesh node Cube.048
07:16:46 | INFO: Blender create Mesh node Cube.049
07:16:46 | INFO: Blender create Mesh node Cube.050
07:16:46 | INFO: Blender create Mesh node Cube.051
07:16:46 | INFO: Blender create Mesh node Cube.091
07:16:46 | INFO: Blender create Mesh node Cube.092
07:16:46 | INFO: Blender create Mesh node Cube.093
07:16:46 | INFO: Blender create Mesh node Cube.094
07:16:46 | INFO: Blender create Mesh node Cube.095
07:16:46 | INFO: Blender create Mesh node Cube.096
07:16:46 | INFO: Blender create Mesh node Cube.097
07:16:46 | INFO: Blender create Mesh node Cube.098
07:16:46 | INFO: Blender create Mesh node Cube.099
07:16:46 | INFO: Blender create Mesh node Cube.004
07:16:46 | INFO: Blender create Mesh node Guard ring
07:16:46 | INFO: glTF import finished in 0.24s
{"approved": false, "source": "build/guard_pistol_anatomy_review/guard.glb", "rows": [{"side": "Right", "hand_triangles": 1358, "pierced_hand_triangles": 118, "crossing_pairs_by_part": {"Curved trigger": 157, "Trigger guard": 96}, "pierced_face_centres_hand_local_m": {"min": [-0.022310391068458557, 0.08254992216825485, 0.024165520444512367], "max": [0.012068492360413074, 0.09421948343515396, 0.05437704175710678]}}, {"side": "Left", "hand_triangles": 1364, "pierced_hand_triangles": 118, "crossing_pairs_by_part": {"Curved trigger": 157, "Trigger guard": 98}, "pierced_face_centres_hand_local_m": {"min": [-0.012061577290296555, 0.08255282044410706, 0.0233171246945858], "max": [0.022254254668951035, 0.09431272745132446, 0.05371036008000374]}}], "scope": "Dual aim frame 0, fully hand-weighted faces distal to 5 cm; segment-triangle crossings in both directions. Does not prove absence of containment, coplanar overlap or contact in other poses."}
Blender 5.2.2 LTS (hash d13f752e3b9c built 2026-09-15 01:37:04)

Blender quit
