07:19:14 | INFO: Data are loaded, start creating Blender stuff
07:19:14 | INFO: Blender create Mesh node Mesh_0
07:19:15 | INFO: glTF import finished in 0.45s
07:19:15 | INFO: Data are loaded, start creating Blender stuff
07:19:15 | INFO: Blender create Mesh node Cylinder.001
07:19:15 | INFO: Blender create Mesh node Cube.103
07:19:15 | INFO: Blender create Mesh node Cube.005
07:19:15 | INFO: Blender create Mesh node Cube.102
07:19:15 | INFO: Blender create Mesh node Cylinder.003
07:19:15 | INFO: Blender create Mesh node Cylinder.004
07:19:15 | INFO: Blender create Mesh node Cube.105
07:19:15 | INFO: Blender create Mesh node Cube.108
07:19:15 | INFO: Blender create Mesh node Cube.007
07:19:15 | INFO: Blender create Mesh node Cube.008
07:19:15 | INFO: Blender create Mesh node Cube.009
07:19:15 | INFO: Blender create Mesh node Cube.010
07:19:15 | INFO: Blender create Mesh node Cube.011
07:19:15 | INFO: Blender create Mesh node Cube.012
07:19:15 | INFO: Blender create Mesh node Cube.013
07:19:15 | INFO: Blender create Mesh node Cube.014
07:19:15 | INFO: Blender create Mesh node Cube.015
07:19:15 | INFO: Blender create Mesh node Cube.016
07:19:15 | INFO: Blender create Mesh node Cube.017
07:19:15 | INFO: Blender create Mesh node Cube.018
07:19:15 | INFO: Blender create Mesh node Cube.019
07:19:15 | INFO: Blender create Mesh node Cube.020
07:19:15 | INFO: Blender create Mesh node Cube.021
07:19:15 | INFO: Blender create Mesh node Cube.022
07:19:15 | INFO: Blender create Mesh node Cube.023
07:19:15 | INFO: Blender create Mesh node Cube.024
07:19:15 | INFO: Blender create Mesh node Cube.025
07:19:15 | INFO: Blender create Mesh node Cube.026
07:19:15 | INFO: Blender create Mesh node Cube.027
07:19:15 | INFO: Blender create Mesh node Cube.028
07:19:15 | INFO: Blender create Mesh node Cube.029
07:19:15 | INFO: Blender create Mesh node Cube.030
07:19:15 | INFO: Blender create Mesh node Cube.031
07:19:15 | INFO: Blender create Mesh node Cube.032
07:19:15 | INFO: Blender create Mesh node Cube.033
07:19:15 | INFO: Blender create Mesh node Cube.034
07:19:15 | INFO: Blender create Mesh node Cube.035
07:19:15 | INFO: Blender create Mesh node Cube.036
07:19:15 | INFO: Blender create Mesh node Cube.037
07:19:15 | INFO: Blender create Mesh node Cube.038
07:19:15 | INFO: Blender create Mesh node Cube.039
07:19:15 | INFO: Blender create Mesh node Cube.040
07:19:15 | INFO: Blender create Mesh node Cube.041
07:19:15 | INFO: Blender create Mesh node Cube.042
07:19:15 | INFO: Blender create Mesh node Cube.055
07:19:15 | INFO: Blender create Mesh node Cube.056
07:19:15 | INFO: Blender create Mesh node Cube.057
07:19:15 | INFO: Blender create Mesh node Cube.058
07:19:15 | INFO: Blender create Mesh node Cube.059
07:19:15 | INFO: Blender create Mesh node Cube.060
07:19:15 | INFO: Blender create Mesh node Cube.061
07:19:15 | INFO: Blender create Mesh node Cube.062
07:19:15 | INFO: Blender create Mesh node Cube.063
07:19:15 | INFO: Blender create Mesh node Cube.064
07:19:15 | INFO: Blender create Mesh node Cube.065
07:19:15 | INFO: Blender create Mesh node Cube.066
07:19:15 | INFO: Blender create Mesh node Cube.067
07:19:15 | INFO: Blender create Mesh node Cube.068
07:19:15 | INFO: Blender create Mesh node Cube.069
07:19:15 | INFO: Blender create Mesh node Cube.070
07:19:15 | INFO: Blender create Mesh node Cube.071
07:19:15 | INFO: Blender create Mesh node Cube.072
07:19:15 | INFO: Blender create Mesh node Cube.073
07:19:15 | INFO: Blender create Mesh node Cube.074
07:19:15 | INFO: Blender create Mesh node Cube.075
07:19:15 | INFO: Blender create Mesh node Cube.076
07:19:15 | INFO: Blender create Mesh node Cube.077
07:19:15 | INFO: Blender create Mesh node Cube.078
07:19:15 | INFO: Blender create Mesh node Cube.079
07:19:15 | INFO: Blender create Mesh node Cube.080
07:19:15 | INFO: Blender create Mesh node Cube.081
07:19:15 | INFO: Blender create Mesh node Cube.082
07:19:15 | INFO: Blender create Mesh node Cube.083
07:19:15 | INFO: Blender create Mesh node Cube.084
07:19:15 | INFO: Blender create Mesh node Cube.085
07:19:15 | INFO: Blender create Mesh node Cube.086
07:19:15 | INFO: Blender create Mesh node Cube.087
07:19:15 | INFO: Blender create Mesh node Cube.088
07:19:15 | INFO: Blender create Mesh node Cube.089
07:19:15 | INFO: Blender create Mesh node Cube.090
07:19:15 | INFO: Blender create Mesh node Cube.001
07:19:15 | INFO: Blender create Mesh node Cube.006
07:19:15 | INFO: Blender create Mesh node Cube.054
07:19:15 | INFO: Blender create Mesh node Cube.053
07:19:15 | INFO: Blender create Mesh node Cube.101
07:19:15 | INFO: Blender create Mesh node Cylinder
07:19:15 | INFO: Blender create Mesh node Cube
07:19:15 | INFO: Blender create Mesh node Cube.104
07:19:15 | INFO: Blender create Mesh node Cube.106
07:19:15 | INFO: Blender create Mesh node Cube.107
07:19:15 | INFO: Blender create Mesh node Cube.002
07:19:15 | INFO: Blender create Mesh node Cylinder.002
07:19:15 | INFO: Blender create Mesh node Cube.003
07:19:15 | INFO: Blender create Mesh node Cube.052
07:19:15 | INFO: Blender create Mesh node Cube.100
07:19:15 | INFO: Blender create Mesh node Cube.043
07:19:15 | INFO: Blender create Mesh node Cube.044
07:19:15 | INFO: Blender create Mesh node Cube.045
07:19:15 | INFO: Blender create Mesh node Cube.046
07:19:15 | INFO: Blender create Mesh node Cube.047
07:19:15 | INFO: Blender create Mesh node Cube.048
07:19:15 | INFO: Blender create Mesh node Cube.049
07:19:15 | INFO: Blender create Mesh node Cube.050
07:19:15 | INFO: Blender create Mesh node Cube.051
07:19:15 | INFO: Blender create Mesh node Cube.091
07:19:15 | INFO: Blender create Mesh node Cube.092
07:19:15 | INFO: Blender create Mesh node Cube.093
07:19:15 | INFO: Blender create Mesh node Cube.094
07:19:15 | INFO: Blender create Mesh node Cube.095
07:19:15 | INFO: Blender create Mesh node Cube.096
07:19:15 | INFO: Blender create Mesh node Cube.097
07:19:15 | INFO: Blender create Mesh node Cube.098
07:19:15 | INFO: Blender create Mesh node Cube.099
07:19:15 | INFO: Blender create Mesh node Cube.004
07:19:15 | INFO: Blender create Mesh node Guard ring
07:19:15 | INFO: glTF import finished in 0.27s
{"approved": false, "source": "build/guard_pistol_contact_review/guard.glb", "rows": [{"side": "Right", "hand_triangles": 1358, "pierced_hand_triangles": 265, "crossing_pairs_by_part": {"Curved trigger": 18, "Grip side panel": 76, "Polymer grip": 50, "Receiver": 62, "Slide catch": 41, "Slide catch.001": 40, "Trigger guard": 299}, "pierced_face_centres_hand_local_m": {"min": [-0.02250004932284355, 0.07118965685367584, 0.019897039979696274], "max": [0.02611171081662178, 0.09167460352182388, 0.059315718710422516]}}, {"side": "Left", "hand_triangles": 1364, "pierced_hand_triangles": 288, "crossing_pairs_by_part": {"Grip side panel.001": 94, "Polymer grip": 150, "Receiver": 64, "Slide catch": 44, "Slide catch.001": 45, "Trigger guard": 288}, "pierced_face_centres_hand_local_m": {"min": [-0.026104770600795746, 0.07301455736160278, 0.018945567309856415], "max": [0.024715697392821312, 0.08966787159442902, 0.058321066200733185]}}], "scope": "Dual aim frame 0, fully hand-weighted faces distal to 5 cm; segment-triangle crossings in both directions. Does not prove absence of containment, coplanar overlap or contact in other poses."}
Blender 5.2.2 LTS (hash d13f752e3b9c built 2026-09-15 01:37:04)

Blender quit
