Godot Engine v4.7.2.stable.official.ed1daf0bf - https://godotengine.org
OpenGL API 3.3.0 NVIDIA 595.97 - Compatibility - Using Device: NVIDIA - NVIDIA GeForce RTX 3060 Laptop GPU

[level] prewarmed 23 looks in 2266 ms
PASS atlas prewarmed before gameplay
PASS actual controller creates Blender trail
PASS heavy knife strike reaches visible contact
PASS actual strike cleans up on recovery
PASS actual controller creates Blender trail
PASS heavy knife strike reaches visible contact
PASS actual strike cleans up on recovery
PASS actual controller creates Blender trail
PASS heavy knife strike reaches visible contact
PASS actual strike cleans up on recovery
PASS actual controller creates Blender trail
PASS heavy knife strike reaches visible contact
PASS actual strike cleans up on recovery
PASS light knife does not borrow heavy artwork
PASS weapon swap cancels runtime trail
PASS bat does not borrow knife artwork
PASS roll cancels runtime trail
RUNTIME BLENDER HEAVY KNIFE: 0 failures
