Godot Engine v4.7.2.stable.official.ed1daf0bf - https://godotengine.org
OpenGL API 3.3.0 NVIDIA 595.97 - Compatibility - Using Device: NVIDIA - NVIDIA GeForce RTX 3060 Laptop GPU

COWER_RUNTIME_BONE 0 RightHand (-19.12769, 94.04149, 20.90627)
COWER_RUNTIME_BONE 0 LeftHand (20.58398, 94.30705, 20.69082)
COWER_RUNTIME_BONE 0 RightForeArm (-17.50284, 114.8083, 2.10712)
COWER_RUNTIME_BONE 0 LeftForeArm (18.41916, 115.3338, 1.978087)
COWER_RUNTIME_BONE 5 RightHand (-17.80286, 113.9264, 24.21184)
COWER_RUNTIME_BONE 5 LeftHand (19.31792, 113.9272, 24.2162)
COWER_RUNTIME_BONE 5 RightForeArm (-29.76408, 127.7012, 2.893063)
COWER_RUNTIME_BONE 5 LeftForeArm (30.49459, 128.5114, 2.783547)
COWER_RUNTIME_BONE 10 RightHand (-14.28541, 123.7817, 8.389507)
COWER_RUNTIME_BONE 10 LeftHand (15.91253, 123.7582, 8.385986)
COWER_RUNTIME_BONE 10 RightForeArm (-35.64879, 128.8017, -9.095095)
COWER_RUNTIME_BONE 10 LeftForeArm (36.24322, 130.1536, -10.1272)
COWER_RUNTIME_BONE 20 RightHand (-11.24037, 102.3751, -3.957829)
COWER_RUNTIME_BONE 20 LeftHand (12.75822, 102.375, -3.957692)
COWER_RUNTIME_BONE 20 RightForeArm (-36.44538, 99.76927, -16.00868)
COWER_RUNTIME_BONE 20 LeftForeArm (37.00872, 101.2466, -18.36656)
COWER_RUNTIME_BONE 36 RightHand (-11.24037, 102.1235, -3.962192)
COWER_RUNTIME_BONE 36 LeftHand (12.75824, 102.1234, -3.962067)
COWER_RUNTIME_BONE 36 RightForeArm (-36.44318, 99.56409, -16.02758)
COWER_RUNTIME_BONE 36 LeftForeArm (37.00792, 101.0454, -18.37617)
CIVILIAN COWER MOTION: 37 frames, four directions
