Godot Engine v4.7.2.stable.official.ed1daf0bf - https://godotengine.org
OpenGL API 3.3.0 NVIDIA 595.97 - Compatibility - Using Device: NVIDIA - NVIDIA GeForce RTX 3060 Laptop GPU

COWER_RUNTIME_BONE 0 RightHand (-15.24067, 117.1491, 12.16842)
COWER_RUNTIME_BONE 0 LeftHand (16.7593, 117.1491, 12.16847)
COWER_RUNTIME_BONE 0 RightForeArm (-34.26423, 132.0068, -2.137439)
COWER_RUNTIME_BONE 0 LeftForeArm (34.916, 133.1065, -2.41481)
COWER_RUNTIME_BONE 5 RightHand (-13.80619, 126.2048, 6.414761)
COWER_RUNTIME_BONE 5 LeftHand (15.32767, 126.2038, 6.414809)
COWER_RUNTIME_BONE 5 RightForeArm (-35.74805, 136.8539, -7.458144)
COWER_RUNTIME_BONE 5 LeftForeArm (36.19838, 138.2858, -8.262201)
COWER_RUNTIME_BONE 10 RightHand (-12.21918, 135.6771, 4.101477)
COWER_RUNTIME_BONE 10 LeftHand (13.73498, 135.6786, 4.082238)
COWER_RUNTIME_BONE 10 RightForeArm (-36.39642, 135.7458, -10.13801)
COWER_RUNTIME_BONE 10 LeftForeArm (36.33628, 137.2595, -12.7599)
COWER_RUNTIME_BONE 20 RightHand (-11.24035, 110.7891, 13.94629)
COWER_RUNTIME_BONE 20 LeftHand (12.7582, 110.789, 13.94648)
COWER_RUNTIME_BONE 20 RightForeArm (-36.4454, 108.183, 1.895534)
COWER_RUNTIME_BONE 20 LeftForeArm (37.00872, 109.6604, -0.462326)
COWER_RUNTIME_BONE 36 RightHand (-11.24036, 110.4036, 14.03777)
COWER_RUNTIME_BONE 36 LeftHand (12.75822, 110.4036, 14.03795)
COWER_RUNTIME_BONE 36 RightForeArm (-36.44319, 107.8443, 1.97238)
COWER_RUNTIME_BONE 36 LeftForeArm (37.00791, 109.3256, -0.376146)
CIVILIAN COWER MOTION: 37 frames, four directions
