Godot Engine v4.7.2.stable.official.ed1daf0bf - https://godotengine.org

[   0% ] first_scan_filesystem | Started Project initialization (5 steps)
[   0% ] first_scan_filesystem | Scanning file structure...
[  16% ] first_scan_filesystem | Loading global class names...
[  33% ] first_scan_filesystem | Verifying GDExtensions...
[  50% ] first_scan_filesystem | Creating autoload scripts...
[  66% ] first_scan_filesystem | Initializing plugins...
[  83% ] first_scan_filesystem | Starting file scan...
[ DONE ] first_scan_filesystem

[   0% ] _update_scan_actions | Started Scanning actions... (10 steps)
[   0% ] _update_scan_actions | handler.glb
[   9% ] _update_scan_actions | hunter.glb
[  18% ] _update_scan_actions | security.glb
[  27% ] _update_scan_actions | guard_idle_review.png
[  36% ] _update_scan_actions | handler_before_activity_polish.glb
[  45% ] _update_scan_actions | handler_idle_review.png
[  54% ] _update_scan_actions | hunter_before_activity_polish.glb
[  63% ] _update_scan_actions | hunter_idle_review.png
[  72% ] _update_scan_actions | security_before_activity_polish.glb
[  81% ] _update_scan_actions | security_idle_review.png
[ DONE ] _update_scan_actions

[   0% ] reimport | Started (Re)Importing Assets (12 steps)
[   0% ] reimport | Preparing files to reimport...
[   7% ] reimport | Preparing files to reimport...
[  15% ] reimport | Preparing files to reimport...
[  23% ] reimport | Preparing files to reimport...
[  30% ] reimport | Preparing files to reimport...
[  38% ] reimport | Preparing files to reimport...
[  46% ] reimport | Preparing files to reimport...
[  53% ] reimport | Preparing files to reimport...
[  61% ] reimport | Preparing files to reimport...
[  69% ] reimport | Preparing files to reimport...
[  76% ] reimport | Preparing files to reimport...
[  84% ] reimport | Preparing files to reimport...
[   0% ] reimport | Executing pre-reimport operations...
[   0% ] preload_reimporting_scene | Started Preparing scenes for reload (1 steps)
[   0% ] preload_reimporting_scene | Analyzing scene [empty]
[  50% ] preload_reimporting_scene | Preparation done.
[ DONE ] preload_reimporting_scene

[   0% ] reimport | handler_Image_0.jpg
[   7% ] reimport | hunter_Image_0.jpg
[  15% ] reimport | security_Image_0.jpg
[  23% ] reimport | handler_idle_review.png
[  23% ] reimport | handler_idle_review.png
[  30% ] reimport | hunter_idle_review.png
[  38% ] reimport | security_idle_review.png
[  46% ] reimport | handler.glb
[   0% ] import | Started Import Scene (104 steps)
[   0% ] import | Importing Scene...
[   1% ] import | Running Custom Script...
[  99% ] import | Saving...
[ DONE ] import

[  53% ] reimport | hunter.glb
[   0% ] import | Started Import Scene (104 steps)
[   0% ] import | Importing Scene...
[   1% ] import | Running Custom Script...
[  99% ] import | Saving...
[ DONE ] import

[  61% ] reimport | security.glb
[   0% ] import | Started Import Scene (104 steps)
[   0% ] import | Importing Scene...
[   1% ] import | Running Custom Script...
[  99% ] import | Saving...
[ DONE ] import

[  69% ] reimport | handler_before_activity_polish.glb
[   0% ] import | Started Import Scene (104 steps)
[   0% ] import | Importing Scene...
[   1% ] import | Running Custom Script...
[  99% ] import | Saving...
[ DONE ] import

[  76% ] reimport | hunter_before_activity_polish.glb
[   0% ] import | Started Import Scene (104 steps)
[   0% ] import | Importing Scene...
[   1% ] import | Running Custom Script...
[  99% ] import | Saving...
[ DONE ] import

[  84% ] reimport | security_before_activity_polish.glb
[   0% ] import | Started Import Scene (104 steps)
[   0% ] import | Importing Scene...
[   1% ] import | Running Custom Script...
[  99% ] import | Saving...
[ DONE ] import

[  92% ] reimport | Finalizing Asset Import...
[ DONE ] reimport

[   0% ] reimport | Started (Re)Importing Assets (12 steps)
[   0% ] reimport | Executing post-reimport operations...
[ DONE ] reimport

[   0% ] loading_editor_layout | Started Loading editor (5 steps)
[   0% ] loading_editor_layout | Loading editor layout...
[  16% ] loading_editor_layout | Loading docks...
[  33% ] loading_editor_layout | Reopening scenes...
[  50% ] loading_editor_layout | Loading central editor layout...
[  66% ] loading_editor_layout | Loading plugin window layout...
[  83% ] loading_editor_layout | Editor layout ready.
[ DONE ] loading_editor_layout

