bellhop head cycles 2 unresolved edges 0
bellhop arm cycles 1 unresolved edges 0
bellhop leg cycles 1 unresolved edges 0
bellhop legs cycles 1 unresolved edges 0
biker head cycles 2 unresolved edges 0
biker arm cycles 1 unresolved edges 0
biker leg cycles 3 unresolved edges 0
biker legs cycles 0 unresolved edges 400
boss head cycles 1 unresolved edges 0
boss arm cycles 1 unresolved edges 0
boss leg cycles 2 unresolved edges 0
boss legs cycles 5 unresolved edges 0
buck head cycles 4 unresolved edges 0
buck arm cycles 2 unresolved edges 0
buck leg cycles 3 unresolved edges 0
buck legs cycles 3 unresolved edges 0
burnt head cycles 1 unresolved edges 0
burnt arm cycles 1 unresolved edges 0
burnt leg cycles 1 unresolved edges 0
burnt legs cycles 2 unresolved edges 0
cass head cycles 9 unresolved edges 0
cass arm cycles 6 unresolved edges 0
cass leg cycles 1 unresolved edges 0
cass legs cycles 1 unresolved edges 0
civilian head cycles 1 unresolved edges 0
civilian arm cycles 1 unresolved edges 0
civilian leg cycles 1 unresolved edges 0
civilian legs cycles 2 unresolved edges 190
cultist head cycles 1 unresolved edges 0
cultist arm cycles 3 unresolved edges 0
cultist leg cycles 4 unresolved edges 0
cultist legs cycles 0 unresolved edges 255
demon head cycles 4 unresolved edges 0
demon arm cycles 2 unresolved edges 0
demon leg cycles 3 unresolved edges 0
demon legs cycles 3 unresolved edges 0
fireman head cycles 0 unresolved edges 134
fireman arm cycles 1 unresolved edges 0
fireman leg cycles 1 unresolved edges 0
fireman legs cycles 0 unresolved edges 194
ghoul head cycles 2 unresolved edges 0
ghoul arm cycles 2 unresolved edges 0
ghoul leg cycles 3 unresolved edges 287
ghoul legs cycles 6 unresolved edges 0
guard head cycles 4 unresolved edges 174
guard arm cycles 1 unresolved edges 0
guard leg cycles 5 unresolved edges 0
guard legs cycles 2 unresolved edges 0
gunner head cycles 2 unresolved edges 0
gunner arm cycles 3 unresolved edges 0
gunner leg cycles 2 unresolved edges 0
gunner legs cycles 5 unresolved edges 0
handler head cycles 1 unresolved edges 0
handler arm cycles 2 unresolved edges 0
handler leg cycles 1 unresolved edges 0
handler legs cycles 1 unresolved edges 217
heavy head cycles 1 unresolved edges 0
heavy arm cycles 3 unresolved edges 0
heavy leg cycles 4 unresolved edges 0
heavy legs cycles 2 unresolved edges 0
hunter head cycles 1 unresolved edges 0
hunter arm cycles 1 unresolved edges 0
hunter leg cycles 1 unresolved edges 2
hunter legs cycles 3 unresolved edges 0
riot head cycles 2 unresolved edges 0
riot arm cycles 2 unresolved edges 0
riot leg cycles 1 unresolved edges 0
riot legs cycles 6 unresolved edges 0
scout head cycles 1 unresolved edges 0
scout arm cycles 1 unresolved edges 0
scout leg cycles 2 unresolved edges 0
scout legs cycles 1 unresolved edges 0
scrapper head cycles 1 unresolved edges 0
scrapper arm cycles 1 unresolved edges 0
scrapper leg cycles 0 unresolved edges 195
scrapper legs cycles 1 unresolved edges 0
security head cycles 3 unresolved edges 0
security arm cycles 2 unresolved edges 0
security leg cycles 7 unresolved edges 0
security legs cycles 4 unresolved edges 0
sniper head cycles 3 unresolved edges 0
sniper arm cycles 2 unresolved edges 0
sniper leg cycles 0 unresolved edges 146
sniper legs cycles 1 unresolved edges 0
stagehand head cycles 1 unresolved edges 0
stagehand arm cycles 1 unresolved edges 0
stagehand leg cycles 1 unresolved edges 0
stagehand legs cycles 0 unresolved edges 150
welder head cycles 4 unresolved edges 0
welder arm cycles 1 unresolved edges 0
welder leg cycles 2 unresolved edges 0
welder legs cycles 1 unresolved edges 0
zombie head cycles 1 unresolved edges 0
zombie arm cycles 3 unresolved edges 0
zombie leg cycles 1 unresolved edges 0
zombie legs cycles 0 unresolved edges 261
