Godot Engine v4.7.2.stable.official.ed1daf0bf - https://godotengine.org

bellhop head open regions=1
bellhop arm open regions=1
bellhop leg open regions=1
bellhop legs open regions=1
biker head open regions=1
biker arm open regions=1
biker leg open regions=1
biker legs open regions=1
boss head open regions=1
boss arm open regions=1
boss leg open regions=1
boss legs open regions=1
buck head open regions=1
buck arm open regions=1
buck leg open regions=1
buck legs open regions=1
burnt head open regions=1
burnt arm open regions=1
burnt leg open regions=1
burnt legs open regions=1
cass head open regions=1
cass arm open regions=1
cass leg open regions=1
cass legs open regions=1
civilian head open regions=1
civilian arm open regions=1
civilian leg open regions=1
civilian legs open regions=1
cultist head open regions=1
cultist arm open regions=1
cultist leg open regions=1
cultist legs open regions=1
demon head open regions=1
demon arm open regions=1
demon leg open regions=1
demon legs open regions=1
fireman head open regions=1
fireman arm open regions=1
fireman leg open regions=1
fireman legs open regions=1
ghoul head open regions=1
ghoul arm open regions=1
ghoul leg open regions=1
ghoul legs open regions=1
guard head open regions=1
guard arm open regions=1
guard leg open regions=1
guard legs open regions=1
gunner head open regions=1
gunner arm open regions=1
gunner leg open regions=1
gunner legs open regions=1
handler head open regions=1
handler arm open regions=1
handler leg open regions=1
handler legs open regions=1
heavy head open regions=1
heavy arm open regions=1
heavy leg open regions=1
heavy legs open regions=1
hunter head open regions=1
hunter arm open regions=1
hunter leg open regions=1
hunter legs open regions=1
riot head open regions=1
riot arm open regions=1
riot leg open regions=1
riot legs open regions=1
scout head open regions=1
scout arm open regions=1
scout leg open regions=1
scout legs open regions=1
scrapper head open regions=1
scrapper arm open regions=1
scrapper leg open regions=1
scrapper legs open regions=1
security head open regions=1
security arm open regions=1
security leg open regions=1
security legs open regions=1
sniper head open regions=1
sniper arm open regions=1
sniper leg open regions=1
sniper legs open regions=1
stagehand head open regions=1
stagehand arm open regions=1
stagehand leg open regions=1
stagehand legs open regions=1
welder head open regions=1
welder arm open regions=1
welder leg open regions=1
welder legs open regions=1
zombie head open regions=1
zombie arm open regions=1
zombie leg open regions=1
zombie legs open regions=1
