Godot Engine v4.7.2.stable.official.ed1daf0bf - https://godotengine.org

[   0% ] [90m[1mfirst_scan_filesystem[22m | Started Project initialization (5 steps)[39m[0m
[   0% ] [90m[1mfirst_scan_filesystem[22m | Scanning file structure...[39m[0m
[  16% ] [90m[1mfirst_scan_filesystem[22m | Loading global class names...[39m[0m
[  33% ] [90m[1mfirst_scan_filesystem[22m | Verifying GDExtensions...[39m[0m
[  50% ] [90m[1mfirst_scan_filesystem[22m | Creating autoload scripts...[39m[0m
[  66% ] [90m[1mfirst_scan_filesystem[22m | Initializing plugins...[39m[0m
[  83% ] [90m[1mfirst_scan_filesystem[22m | Starting file scan...[39m[0m
[92m[ DONE ][39m [1mfirst_scan_filesystem[22m
[0m
[   0% ] [90m[1mupdate_scripts_classes[22m | Started Registering global classes... (9 steps)[39m[0m
[   0% ] [90m[1mupdate_scripts_classes[22m | Portrait[39m[0m
[  10% ] [90m[1mupdate_scripts_classes[22m | CharacterVisual[39m[0m
[  20% ] [90m[1mupdate_scripts_classes[22m | Player[39m[0m
[  30% ] [90m[1mupdate_scripts_classes[22m | [39m[0m
[  40% ] [90m[1mupdate_scripts_classes[22m | [39m[0m
[  50% ] [90m[1mupdate_scripts_classes[22m | [39m[0m
[  60% ] [90m[1mupdate_scripts_classes[22m | [39m[0m
[  70% ] [90m[1mupdate_scripts_classes[22m | [39m[0m
[  80% ] [90m[1mupdate_scripts_classes[22m | [39m[0m
[92m[ DONE ][39m [1mupdate_scripts_classes[22m
[0m
[   0% ] [90m[1m_update_scan_actions[22m | Started Scanning actions... (40 steps)[39m[0m
[   0% ] [90m[1m_update_scan_actions[22m | cass_star.png[39m[0m
[   2% ] [90m[1m_update_scan_actions[22m | 00.png[39m[0m
[   4% ] [90m[1m_update_scan_actions[22m | 01.png[39m[0m
[   7% ] [90m[1m_update_scan_actions[22m | 02.png[39m[0m
[   9% ] [90m[1m_update_scan_actions[22m | 03.png[39m[0m
[  12% ] [90m[1m_update_scan_actions[22m | 04.png[39m[0m
[  14% ] [90m[1m_update_scan_actions[22m | 05.png[39m[0m
[  17% ] [90m[1m_update_scan_actions[22m | 06.png[39m[0m
[  19% ] [90m[1m_update_scan_actions[22m | 07.png[39m[0m
[  21% ] [90m[1m_update_scan_actions[22m | 08.png[39m[0m
[  24% ] [90m[1m_update_scan_actions[22m | 09.png[39m[0m
[  26% ] [90m[1m_update_scan_actions[22m | 10.png[39m[0m
[  29% ] [90m[1m_update_scan_actions[22m | 11.png[39m[0m
[  31% ] [90m[1m_update_scan_actions[22m | 12.png[39m[0m
[  34% ] [90m[1m_update_scan_actions[22m | 13.png[39m[0m
[  36% ] [90m[1m_update_scan_actions[22m | 14.png[39m[0m
[  39% ] [90m[1m_update_scan_actions[22m | 15.png[39m[0m
[  41% ] [90m[1m_update_scan_actions[22m | 16.png[39m[0m
[  43% ] [90m[1m_update_scan_actions[22m | 17.png[39m[0m
[  46% ] [90m[1m_update_scan_actions[22m | 18.png[39m[0m
[  48% ] [90m[1m_update_scan_actions[22m | 19.png[39m[0m
[  51% ] [90m[1m_update_scan_actions[22m | 20.png[39m[0m
[  53% ] [90m[1m_update_scan_actions[22m | 21.png[39m[0m
[  56% ] [90m[1m_update_scan_actions[22m | 22.png[39m[0m
[  58% ] [90m[1m_update_scan_actions[22m | 23.png[39m[0m
[  60% ] [90m[1m_update_scan_actions[22m | trot_07.png[39m[0m
[  63% ] [90m[1m_update_scan_actions[22m | trot_19.png[39m[0m
[  65% ] [90m[1m_update_scan_actions[22m | godot_idle_review.png[39m[0m
[  68% ] [90m[1m_update_scan_actions[22m | godot_trot_review.png[39m[0m
[  70% ] [90m[1m_update_scan_actions[22m | godot_walk_review.png[39m[0m
[  73% ] [90m[1m_update_scan_actions[22m | shepherd_idle_candidate.glb[39m[0m
[  75% ] [90m[1m_update_scan_actions[22m | shepherd_trot_candidate.glb[39m[0m
[  78% ] [90m[1m_update_scan_actions[22m | shepherd_walk_candidate.glb[39m[0m
[  80% ] [90m[1m_update_scan_actions[22m | trot_01.png[39m[0m
[  82% ] [90m[1m_update_scan_actions[22m | trot_07.png[39m[0m
[  85% ] [90m[1m_update_scan_actions[22m | trot_13.png[39m[0m
[  87% ] [90m[1m_update_scan_actions[22m | trot_19.png[39m[0m
[  90% ] [90m[1m_update_scan_actions[22m | hunter.glb[39m[0m
[  92% ] [90m[1m_update_scan_actions[22m | cass_combat_directions.png[39m[0m
[  95% ] [90m[1m_update_scan_actions[22m | cass_combat_review.png[39m[0m
[92m[ DONE ][39m [1m_update_scan_actions[22m
[0m
[   0% ] [90m[1mreimport[22m | Started (Re)Importing Assets (43 steps)[39m[0m
[   0% ] [90m[1mreimport[22m | Preparing files to reimport...[39m[0m
[   2% ] [90m[1mreimport[22m | Preparing files to reimport...[39m[0m
[   4% ] [90m[1mreimport[22m | Preparing files to reimport...[39m[0m
[   6% ] [90m[1mreimport[22m | Preparing files to reimport...[39m[0m
[   9% ] [90m[1mreimport[22m | Preparing files to reimport...[39m[0m
[  11% ] [90m[1mreimport[22m | Preparing files to reimport...[39m[0m
[  13% ] [90m[1mreimport[22m | Preparing files to reimport...[39m[0m
[  15% ] [90m[1mreimport[22m | Preparing files to reimport...[39m[0m
[  18% ] [90m[1mreimport[22m | Preparing files to reimport...[39m[0m
[  20% ] [90m[1mreimport[22m | Preparing files to reimport...[39m[0m
[  22% ] [90m[1mreimport[22m | Preparing files to reimport...[39m[0m
[  25% ] [90m[1mreimport[22m | Preparing files to reimport...[39m[0m
[  27% ] [90m[1mreimport[22m | Preparing files to reimport...[39m[0m
[  29% ] [90m[1mreimport[22m | Preparing files to reimport...[39m[0m
[  31% ] [90m[1mreimport[22m | Preparing files to reimport...[39m[0m
[  34% ] [90m[1mreimport[22m | Preparing files to reimport...[39m[0m
[  36% ] [90m[1mreimport[22m | Preparing files to reimport...[39m[0m
[  38% ] [90m[1mreimport[22m | Preparing files to reimport...[39m[0m
[  40% ] [90m[1mreimport[22m | Preparing files to reimport...[39m[0m
[  43% ] [90m[1mreimport[22m | Preparing files to reimport...[39m[0m
[  45% ] [90m[1mreimport[22m | Preparing files to reimport...[39m[0m
[  47% ] [90m[1mreimport[22m | Preparing files to reimport...[39m[0m
[  50% ] [90m[1mreimport[22m | Preparing files to reimport...[39m[0m
[  52% ] [90m[1mreimport[22m | Preparing files to reimport...[39m[0m
[  54% ] [90m[1mreimport[22m | Preparing files to reimport...[39m[0m
[  56% ] [90m[1mreimport[22m | Preparing files to reimport...[39m[0m
[  59% ] [90m[1mreimport[22m | Preparing files to reimport...[39m[0m
[  61% ] [90m[1mreimport[22m | Preparing files to reimport...[39m[0m
[  63% ] [90m[1mreimport[22m | Preparing files to reimport...[39m[0m
[  65% ] [90m[1mreimport[22m | Preparing files to reimport...[39m[0m
[  68% ] [90m[1mreimport[22m | Preparing files to reimport...[39m[0m
[  70% ] [90m[1mreimport[22m | Preparing files to reimport...[39m[0m
[  72% ] [90m[1mreimport[22m | Preparing files to reimport...[39m[0m
[  75% ] [90m[1mreimport[22m | Preparing files to reimport...[39m[0m
[  77% ] [90m[1mreimport[22m | Preparing files to reimport...[39m[0m
[  79% ] [90m[1mreimport[22m | Preparing files to reimport...[39m[0m
[  81% ] [90m[1mreimport[22m | Preparing files to reimport...[39m[0m
[  84% ] [90m[1mreimport[22m | Preparing files to reimport...[39m[0m
[  86% ] [90m[1mreimport[22m | Preparing files to reimport...[39m[0m
[  88% ] [90m[1mreimport[22m | Preparing files to reimport...[39m[0m
[  90% ] [90m[1mreimport[22m | Preparing files to reimport...[39m[0m
[  93% ] [90m[1mreimport[22m | Preparing files to reimport...[39m[0m
[  95% ] [90m[1mreimport[22m | Preparing files to reimport...[39m[0m
[   0% ] [90m[1mreimport[22m | Executing pre-reimport operations...[39m[0m
[   0% ] [90m[1mpreload_reimporting_scene[22m | Started Preparing scenes for reload (1 steps)[39m[0m
[   0% ] [90m[1mpreload_reimporting_scene[22m | Analyzing scene [empty][39m[0m
[  50% ] [90m[1mpreload_reimporting_scene[22m | Preparation done.[39m[0m
[92m[ DONE ][39m [1mpreload_reimporting_scene[22m
[0m
[   0% ] [90m[1mreimport[22m | 19.png[39m[0m
[   2% ] [90m[1mreimport[22m | 20.png[39m[0m
[   4% ] [90m[1mreimport[22m | 21.png[39m[0m
[   6% ] [90m[1mreimport[22m | 22.png[39m[0m
[   9% ] [90m[1mreimport[22m | 23.png[39m[0m
[  11% ] [90m[1mreimport[22m | trot_07.png[39m[0m
[  13% ] [90m[1mreimport[22m | trot_19.png[39m[0m
[  15% ] [90m[1mreimport[22m | godot_idle_review.png[39m[0m
[  18% ] [90m[1mreimport[22m | godot_trot_review.png[39m[0m
[  20% ] [90m[1mreimport[22m | godot_walk_review.png[39m[0m
[  22% ] [90m[1mreimport[22m | shepherd_idle_candidate_Image_0.jpg[39m[0m
[  25% ] [90m[1mreimport[22m | shepherd_trot_candidate_Image_0.jpg[39m[0m
[  27% ] [90m[1mreimport[22m | trot_01.png[39m[0m
[  29% ] [90m[1mreimport[22m | trot_07.png[39m[0m
[  31% ] [90m[1mreimport[22m | trot_13.png[39m[0m
[  34% ] [90m[1mreimport[22m | trot_19.png[39m[0m
[  36% ] [90m[1mreimport[22m | hunter_Image_0.jpg[39m[0m
[  38% ] [90m[1mreimport[22m | cass_combat_directions.png[39m[0m
[  40% ] [90m[1mreimport[22m | cass_combat_review.png[39m[0m
[  43% ] [90m[1mreimport[22m | cass_star.png[39m[0m
[  45% ] [90m[1mreimport[22m | 00.png[39m[0m
[  47% ] [90m[1mreimport[22m | 01.png[39m[0m
[  50% ] [90m[1mreimport[22m | 02.png[39m[0m
[  52% ] [90m[1mreimport[22m | 03.png[39m[0m
[  54% ] [90m[1mreimport[22m | 04.png[39m[0m
[  56% ] [90m[1mreimport[22m | 05.png[39m[0m
[  59% ] [90m[1mreimport[22m | 06.png[39m[0m
[  61% ] [90m[1mreimport[22m | 07.png[39m[0m
[  63% ] [90m[1mreimport[22m | 08.png[39m[0m
[  65% ] [90m[1mreimport[22m | 09.png[39m[0m
[  68% ] [90m[1mreimport[22m | 10.png[39m[0m
[  70% ] [90m[1mreimport[22m | 11.png[39m[0m
[  72% ] [90m[1mreimport[22m | 12.png[39m[0m
[  75% ] [90m[1mreimport[22m | 13.png[39m[0m
[  77% ] [90m[1mreimport[22m | 14.png[39m[0m
[  79% ] [90m[1mreimport[22m | 15.png[39m[0m
[  81% ] [90m[1mreimport[22m | 16.png[39m[0m
[  84% ] [90m[1mreimport[22m | 17.png[39m[0m
[  86% ] [90m[1mreimport[22m | 18.png[39m[0m
[  88% ] [90m[1mreimport[22m | shepherd_idle_candidate.glb[39m[0m
[   0% ] [90m[1mimport[22m | Started Import Scene (104 steps)[39m[0m
[   0% ] [90m[1mimport[22m | Importing Scene...[39m[0m
[   1% ] [90m[1mimport[22m | Running Custom Script...[39m[0m
[  99% ] [90m[1mimport[22m | Saving...[39m[0m
[92m[ DONE ][39m [1mimport[22m
[0m
[  90% ] [90m[1mreimport[22m | shepherd_trot_candidate.glb[39m[0m
[   0% ] [90m[1mimport[22m | Started Import Scene (104 steps)[39m[0m
[   0% ] [90m[1mimport[22m | Importing Scene...[39m[0m
[   1% ] [90m[1mimport[22m | Running Custom Script...[39m[0m
[  99% ] [90m[1mimport[22m | Saving...[39m[0m
[92m[ DONE ][39m [1mimport[22m
[0m
[  93% ] [90m[1mreimport[22m | shepherd_walk_candidate.glb[39m[0m
[   0% ] [90m[1mimport[22m | Started Import Scene (104 steps)[39m[0m
[   0% ] [90m[1mimport[22m | Importing Scene...[39m[0m
[   1% ] [90m[1mimport[22m | Running Custom Script...[39m[0m
[  99% ] [90m[1mimport[22m | Saving...[39m[0m
[92m[ DONE ][39m [1mimport[22m
[0m
[  95% ] [90m[1mreimport[22m | hunter.glb[39m[0m
[   0% ] [90m[1mimport[22m | Started Import Scene (104 steps)[39m[0m
[   0% ] [90m[1mimport[22m | Importing Scene...[39m[0m
[   1% ] [90m[1mimport[22m | Running Custom Script...[39m[0m
[  99% ] [90m[1mimport[22m | Saving...[39m[0m
[92m[ DONE ][39m [1mimport[22m
[0m
[  97% ] [90m[1mreimport[22m | Finalizing Asset Import...[39m[0m
[92m[ DONE ][39m [1mreimport[22m
[0m
[   0% ] [90m[1mreimport[22m | Started (Re)Importing Assets (43 steps)[39m[0m
[   0% ] [90m[1mreimport[22m | Executing post-reimport operations...[39m[0m
[92m[ DONE ][39m [1mreimport[22m
[0m
[   0% ] [90m[1mloading_editor_layout[22m | Started Loading editor (5 steps)[39m[0m
[   0% ] [90m[1mloading_editor_layout[22m | Loading editor layout...[39m[0m
[  16% ] [90m[1mloading_editor_layout[22m | Loading docks...[39m[0m
[  33% ] [90m[1mloading_editor_layout[22m | Reopening scenes...[39m[0m
[  50% ] [90m[1mloading_editor_layout[22m | Loading central editor layout...[39m[0m
[  66% ] [90m[1mloading_editor_layout[22m | Loading plugin window layout...[39m[0m
[  83% ] [90m[1mloading_editor_layout[22m | Editor layout ready.[39m[0m
[92m[ DONE ][39m [1mloading_editor_layout[22m
[0m
