Godot Engine v4.7.2.stable.official.ed1daf0bf - https://godotengine.org
OpenGL API 3.3.0 NVIDIA 595.97 - Compatibility - Using Device: NVIDIA - NVIDIA GeForce RTX 3060 Laptop GPU

WEAPON BOUNDS [P: (-0.5925, -0.045, -0.1575), S: (1.105, 0.375, 0.315)] root=[X: (1.0, 0.0, 0.0), Y: (0.0, 1.0, 0.0), Z: (0.0, 0.0, 1.0), O: (0.0, 0.0, 0.0)]
WEAPON BOUNDS [P: (-0.5925, -0.045, -0.1575), S: (1.105, 0.375, 0.315)] root=[X: (1.0, 0.0, 0.0), Y: (0.0, 1.0, 0.0), Z: (0.0, 0.0, 1.0), O: (0.0, 0.0, 0.0)]
WEAPON BOUNDS [P: (-0.5925, -0.045, -0.1575), S: (1.105, 0.375, 0.315)] root=[X: (1.0, 0.0, 0.0), Y: (0.0, 1.0, 0.0), Z: (0.0, 0.0, 1.0), O: (0.0, 0.0, 0.0)]
WEAPON BOUNDS [P: (-0.5925, -0.045, -0.1575), S: (1.105, 0.375, 0.315)] root=[X: (1.0, 0.0, 0.0), Y: (0.0, 1.0, 0.0), Z: (0.0, 0.0, 1.0), O: (0.0, 0.0, 0.0)]
WEAPON BOUNDS [P: (-0.5925, -0.045, -0.1575), S: (1.105, 0.375, 0.315)] root=[X: (1.0, 0.0, 0.0), Y: (0.0, 1.0, 0.0), Z: (0.0, 0.0, 1.0), O: (0.0, 0.0, 0.0)]
WEAPON BOUNDS [P: (-0.5925, -0.045, -0.1575), S: (1.105, 0.375, 0.315)] root=[X: (1.0, 0.0, 0.0), Y: (0.0, 1.0, 0.0), Z: (0.0, 0.0, 1.0), O: (0.0, 0.0, 0.0)]
WEAPON BOUNDS [P: (-0.5925, -0.045, -0.1575), S: (1.105, 0.375, 0.315)] root=[X: (1.0, 0.0, 0.0), Y: (0.0, 1.0, 0.0), Z: (0.0, 0.0, 1.0), O: (0.0, 0.0, 0.0)]
WEAPON BOUNDS [P: (-0.5925, -0.045, -0.1575), S: (1.105, 0.375, 0.315)] root=[X: (1.0, 0.0, 0.0), Y: (0.0, 1.0, 0.0), Z: (0.0, 0.0, 1.0), O: (0.0, 0.0, 0.0)]
WEAPON BOUNDS [P: (-0.5925, -0.045, -0.1575), S: (1.105, 0.375, 0.315)] root=[X: (1.0, 0.0, 0.0), Y: (0.0, 1.0, 0.0), Z: (0.0, 0.0, 1.0), O: (0.0, 0.0, 0.0)]
WEAPON BOUNDS [P: (-0.5925, -0.045, -0.1575), S: (1.105, 0.375, 0.315)] root=[X: (1.0, 0.0, 0.0), Y: (0.0, 1.0, 0.0), Z: (0.0, 0.0, 1.0), O: (0.0, 0.0, 0.0)]
WEAPON BOUNDS [P: (-0.5925, -0.045, -0.1575), S: (1.105, 0.375, 0.315)] root=[X: (1.0, 0.0, 0.0), Y: (0.0, 1.0, 0.0), Z: (0.0, 0.0, 1.0), O: (0.0, 0.0, 0.0)]
WEAPON BOUNDS [P: (-0.5925, -0.045, -0.1575), S: (1.105, 0.375, 0.315)] root=[X: (1.0, 0.0, 0.0), Y: (0.0, 1.0, 0.0), Z: (0.0, 0.0, 1.0), O: (0.0, 0.0, 0.0)]
WEAPON BOUNDS [P: (-0.5925, -0.045, -0.1575), S: (1.105, 0.375, 0.315)] root=[X: (1.0, 0.0, 0.0), Y: (0.0, 1.0, 0.0), Z: (0.0, 0.0, 1.0), O: (0.0, 0.0, 0.0)]
WEAPON BOUNDS [P: (-0.5925, -0.045, -0.1575), S: (1.105, 0.375, 0.315)] root=[X: (1.0, 0.0, 0.0), Y: (0.0, 1.0, 0.0), Z: (0.0, 0.0, 1.0), O: (0.0, 0.0, 0.0)]
WEAPON BOUNDS [P: (-0.5925, -0.045, -0.1575), S: (1.105, 0.375, 0.315)] root=[X: (1.0, 0.0, 0.0), Y: (0.0, 1.0, 0.0), Z: (0.0, 0.0, 1.0), O: (0.0, 0.0, 0.0)]
WEAPON BOUNDS [P: (-0.5925, -0.045, -0.1575), S: (1.105, 0.375, 0.315)] root=[X: (1.0, 0.0, 0.0), Y: (0.0, 1.0, 0.0), Z: (0.0, 0.0, 1.0), O: (0.0, 0.0, 0.0)]
WEAPON BOUNDS [P: (-0.5925, -0.045, -0.1575), S: (1.105, 0.375, 0.315)] root=[X: (1.0, 0.0, 0.0), Y: (0.0, 1.0, 0.0), Z: (0.0, 0.0, 1.0), O: (0.0, 0.0, 0.0)]
WEAPON BOUNDS [P: (-0.5925, -0.045, -0.1575), S: (1.105, 0.375, 0.315)] root=[X: (1.0, 0.0, 0.0), Y: (0.0, 1.0, 0.0), Z: (0.0, 0.0, 1.0), O: (0.0, 0.0, 0.0)]
WEAPON BOUNDS [P: (-0.5925, -0.045, -0.1575), S: (1.105, 0.375, 0.315)] root=[X: (1.0, 0.0, 0.0), Y: (0.0, 1.0, 0.0), Z: (0.0, 0.0, 1.0), O: (0.0, 0.0, 0.0)]
WEAPON BOUNDS [P: (-0.5925, -0.045, -0.1575), S: (1.105, 0.375, 0.315)] root=[X: (1.0, 0.0, 0.0), Y: (0.0, 1.0, 0.0), Z: (0.0, 0.0, 1.0), O: (0.0, 0.0, 0.0)]
WEAPON BOUNDS [P: (-0.5925, -0.045, -0.1575), S: (1.105, 0.375, 0.315)] root=[X: (1.0, 0.0, 0.0), Y: (0.0, 1.0, 0.0), Z: (0.0, 0.0, 1.0), O: (0.0, 0.0, 0.0)]
WEAPON BOUNDS [P: (-0.5925, -0.045, -0.1575), S: (1.105, 0.375, 0.315)] root=[X: (1.0, 0.0, 0.0), Y: (0.0, 1.0, 0.0), Z: (0.0, 0.0, 1.0), O: (0.0, 0.0, 0.0)]
WEAPON BOUNDS [P: (-0.5925, -0.045, -0.1575), S: (1.105, 0.375, 0.315)] root=[X: (1.0, 0.0, 0.0), Y: (0.0, 1.0, 0.0), Z: (0.0, 0.0, 1.0), O: (0.0, 0.0, 0.0)]
WEAPON BOUNDS [P: (-0.5925, -0.045, -0.1575), S: (1.105, 0.375, 0.315)] root=[X: (1.0, 0.0, 0.0), Y: (0.0, 1.0, 0.0), Z: (0.0, 0.0, 1.0), O: (0.0, 0.0, 0.0)]
WEAPON BOUNDS [P: (-0.5925, -0.045, -0.1575), S: (1.105, 0.375, 0.315)] root=[X: (1.0, 0.0, 0.0), Y: (0.0, 1.0, 0.0), Z: (0.0, 0.0, 1.0), O: (0.0, 0.0, 0.0)]
WEAPON BOUNDS [P: (-0.5925, -0.045, -0.1575), S: (1.105, 0.375, 0.315)] root=[X: (1.0, 0.0, 0.0), Y: (0.0, 1.0, 0.0), Z: (0.0, 0.0, 1.0), O: (0.0, 0.0, 0.0)]
WEAPON BOUNDS [P: (-0.5925, -0.045, -0.1575), S: (1.105, 0.375, 0.315)] root=[X: (1.0, 0.0, 0.0), Y: (0.0, 1.0, 0.0), Z: (0.0, 0.0, 1.0), O: (0.0, 0.0, 0.0)]
WEAPON BOUNDS [P: (-0.5925, -0.045, -0.1575), S: (1.105, 0.375, 0.315)] root=[X: (1.0, 0.0, 0.0), Y: (0.0, 1.0, 0.0), Z: (0.0, 0.0, 1.0), O: (0.0, 0.0, 0.0)]
WEAPON BOUNDS [P: (-0.5925, -0.045, -0.1575), S: (1.105, 0.375, 0.315)] root=[X: (1.0, 0.0, 0.0), Y: (0.0, 1.0, 0.0), Z: (0.0, 0.0, 1.0), O: (0.0, 0.0, 0.0)]
WEAPON BOUNDS [P: (-0.5925, -0.045, -0.1575), S: (1.105, 0.375, 0.315)] root=[X: (1.0, 0.0, 0.0), Y: (0.0, 1.0, 0.0), Z: (0.0, 0.0, 1.0), O: (0.0, 0.0, 0.0)]
WEAPON BOUNDS [P: (-0.5925, -0.045, -0.1575), S: (1.105, 0.375, 0.315)] root=[X: (1.0, 0.0, 0.0), Y: (0.0, 1.0, 0.0), Z: (0.0, 0.0, 1.0), O: (0.0, 0.0, 0.0)]
WEAPON BOUNDS [P: (-0.5925, -0.045, -0.1575), S: (1.105, 0.375, 0.315)] root=[X: (1.0, 0.0, 0.0), Y: (0.0, 1.0, 0.0), Z: (0.0, 0.0, 1.0), O: (0.0, 0.0, 0.0)]
GRIP_SPAN metres=0.2887222468853 right=(0.08, 1.059904, 0.119999) left=(0.326997, 1.209414, 0.119994)
GRIP_SPAN metres=0.28872227668762 right=(-0.028284, 1.059904, 0.141421) left=(0.146373, 1.209414, 0.31607)
GRIP_SPAN metres=0.2887222468853 right=(-0.119999, 1.059904, 0.08) left=(-0.119994, 1.209414, 0.326997)
GRIP_SPAN metres=0.2887222468853 right=(-0.141421, 1.059904, -0.028284) left=(-0.31607, 1.209414, 0.146373)
GRIP_SPAN metres=0.2887222468853 right=(-0.08, 1.059904, -0.119999) left=(-0.326997, 1.209414, -0.119994)
GRIP_SPAN metres=0.2887222468853 right=(0.028284, 1.059904, -0.141421) left=(-0.146373, 1.209414, -0.31607)
GRIP_SPAN metres=0.2887222468853 right=(0.119999, 1.059904, -0.08) left=(0.119994, 1.209414, -0.326997)
GRIP_SPAN metres=0.28872227668762 right=(0.141421, 1.059904, 0.028284) left=(0.31607, 1.209414, -0.146373)
GRIP_SPAN metres=0.28872284293175 right=(0.079999, 1.132729, 0.12) left=(0.326998, 1.282236, 0.119996)
GRIP_SPAN metres=0.28872281312943 right=(-0.028284, 1.132729, 0.141421) left=(0.146372, 1.282236, 0.316073)
GRIP_SPAN metres=0.28872284293175 right=(-0.12, 1.132729, 0.079999) left=(-0.119996, 1.282236, 0.326998)
GRIP_SPAN metres=0.28872281312943 right=(-0.141421, 1.132729, -0.028284) left=(-0.316073, 1.282236, 0.146372)
GRIP_SPAN metres=0.28872284293175 right=(-0.079999, 1.132729, -0.12) left=(-0.326998, 1.282236, -0.119996)
GRIP_SPAN metres=0.28872281312943 right=(0.028284, 1.132729, -0.141421) left=(-0.146372, 1.282236, -0.316073)
GRIP_SPAN metres=0.28872284293175 right=(0.12, 1.132729, -0.079999) left=(0.119996, 1.282236, -0.326998)
GRIP_SPAN metres=0.28872284293175 right=(0.141421, 1.132729, 0.028284) left=(0.316073, 1.282236, -0.146372)
GRIP_SPAN metres=0.28872689604759 right=(0.079997, 1.057161, 0.119999) left=(0.326999, 1.20667, 0.119997)
GRIP_SPAN metres=0.28872689604759 right=(-0.028286, 1.057161, 0.141418) left=(0.146373, 1.20667, 0.316074)
GRIP_SPAN metres=0.28872689604759 right=(-0.119999, 1.057161, 0.079997) left=(-0.119997, 1.20667, 0.326999)
GRIP_SPAN metres=0.28872689604759 right=(-0.141418, 1.057161, -0.028286) left=(-0.316074, 1.20667, 0.146373)
GRIP_SPAN metres=0.28872689604759 right=(-0.079997, 1.057161, -0.119999) left=(-0.326999, 1.20667, -0.119997)
GRIP_SPAN metres=0.28872689604759 right=(0.028286, 1.057161, -0.141418) left=(-0.146373, 1.20667, -0.316074)
GRIP_SPAN metres=0.28872689604759 right=(0.119999, 1.057161, -0.079997) left=(0.119997, 1.20667, -0.326999)
GRIP_SPAN metres=0.28872689604759 right=(0.141418, 1.057161, 0.028286) left=(0.316074, 1.20667, -0.146373)
GRIP_SPAN metres=0.28872916102409 right=(0.079999, 0.88484, 0.119998) left=(0.327003, 1.034352, 0.120002)
GRIP_SPAN metres=0.28872916102409 right=(-0.028283, 0.88484, 0.14142) left=(0.146372, 1.034352, 0.31608)
GRIP_SPAN metres=0.28872919082642 right=(-0.119998, 0.88484, 0.079999) left=(-0.120002, 1.034352, 0.327003)
GRIP_SPAN metres=0.28872919082642 right=(-0.14142, 0.88484, -0.028283) left=(-0.31608, 1.034352, 0.146372)
GRIP_SPAN metres=0.28872919082642 right=(-0.079999, 0.88484, -0.119998) left=(-0.327003, 1.034352, -0.120002)
GRIP_SPAN metres=0.28872916102409 right=(0.028283, 0.88484, -0.14142) left=(-0.146372, 1.034352, -0.31608)
GRIP_SPAN metres=0.28872916102409 right=(0.119998, 0.88484, -0.079999) left=(0.120002, 1.034352, -0.327003)
GRIP_SPAN metres=0.28872916102409 right=(0.14142, 0.88484, 0.028283) left=(0.31608, 1.034352, -0.146372)
CHAINSAW GAIT REVIEW: 160 measurements
