Godot Engine v4.7.2.stable.official.ed1daf0bf - https://godotengine.org
OpenGL API 3.3.0 NVIDIA 595.97 - Compatibility - Using Device: NVIDIA - NVIDIA GeForce RTX 3060 Laptop GPU

WEAPON BOUNDS [P: (-0.5925, -0.045, -0.1575), S: (1.105, 0.375, 0.315)] root=[X: (1.0, 0.0, 0.0), Y: (0.0, 1.0, 0.0), Z: (0.0, 0.0, 1.0), O: (0.0, 0.0, 0.0)]
WEAPON BOUNDS [P: (-0.5925, -0.045, -0.1575), S: (1.105, 0.375, 0.315)] root=[X: (1.0, 0.0, 0.0), Y: (0.0, 1.0, 0.0), Z: (0.0, 0.0, 1.0), O: (0.0, 0.0, 0.0)]
WEAPON BOUNDS [P: (-0.5925, -0.045, -0.1575), S: (1.105, 0.375, 0.315)] root=[X: (1.0, 0.0, 0.0), Y: (0.0, 1.0, 0.0), Z: (0.0, 0.0, 1.0), O: (0.0, 0.0, 0.0)]
WEAPON BOUNDS [P: (-0.5925, -0.045, -0.1575), S: (1.105, 0.375, 0.315)] root=[X: (1.0, 0.0, 0.0), Y: (0.0, 1.0, 0.0), Z: (0.0, 0.0, 1.0), O: (0.0, 0.0, 0.0)]
WEAPON BOUNDS [P: (-0.5925, -0.045, -0.1575), S: (1.105, 0.375, 0.315)] root=[X: (1.0, 0.0, 0.0), Y: (0.0, 1.0, 0.0), Z: (0.0, 0.0, 1.0), O: (0.0, 0.0, 0.0)]
WEAPON BOUNDS [P: (-0.5925, -0.045, -0.1575), S: (1.105, 0.375, 0.315)] root=[X: (1.0, 0.0, 0.0), Y: (0.0, 1.0, 0.0), Z: (0.0, 0.0, 1.0), O: (0.0, 0.0, 0.0)]
WEAPON BOUNDS [P: (-0.5925, -0.045, -0.1575), S: (1.105, 0.375, 0.315)] root=[X: (1.0, 0.0, 0.0), Y: (0.0, 1.0, 0.0), Z: (0.0, 0.0, 1.0), O: (0.0, 0.0, 0.0)]
WEAPON BOUNDS [P: (-0.5925, -0.045, -0.1575), S: (1.105, 0.375, 0.315)] root=[X: (1.0, 0.0, 0.0), Y: (0.0, 1.0, 0.0), Z: (0.0, 0.0, 1.0), O: (0.0, 0.0, 0.0)]
WEAPON BOUNDS [P: (-0.5925, -0.045, -0.1575), S: (1.105, 0.375, 0.315)] root=[X: (1.0, 0.0, 0.0), Y: (0.0, 1.0, 0.0), Z: (0.0, 0.0, 1.0), O: (0.0, 0.0, 0.0)]
WEAPON BOUNDS [P: (-0.5925, -0.045, -0.1575), S: (1.105, 0.375, 0.315)] root=[X: (1.0, 0.0, 0.0), Y: (0.0, 1.0, 0.0), Z: (0.0, 0.0, 1.0), O: (0.0, 0.0, 0.0)]
WEAPON BOUNDS [P: (-0.5925, -0.045, -0.1575), S: (1.105, 0.375, 0.315)] root=[X: (1.0, 0.0, 0.0), Y: (0.0, 1.0, 0.0), Z: (0.0, 0.0, 1.0), O: (0.0, 0.0, 0.0)]
WEAPON BOUNDS [P: (-0.5925, -0.045, -0.1575), S: (1.105, 0.375, 0.315)] root=[X: (1.0, 0.0, 0.0), Y: (0.0, 1.0, 0.0), Z: (0.0, 0.0, 1.0), O: (0.0, 0.0, 0.0)]
WEAPON BOUNDS [P: (-0.5925, -0.045, -0.1575), S: (1.105, 0.375, 0.315)] root=[X: (1.0, 0.0, 0.0), Y: (0.0, 1.0, 0.0), Z: (0.0, 0.0, 1.0), O: (0.0, 0.0, 0.0)]
WEAPON BOUNDS [P: (-0.5925, -0.045, -0.1575), S: (1.105, 0.375, 0.315)] root=[X: (1.0, 0.0, 0.0), Y: (0.0, 1.0, 0.0), Z: (0.0, 0.0, 1.0), O: (0.0, 0.0, 0.0)]
WEAPON BOUNDS [P: (-0.5925, -0.045, -0.1575), S: (1.105, 0.375, 0.315)] root=[X: (1.0, 0.0, 0.0), Y: (0.0, 1.0, 0.0), Z: (0.0, 0.0, 1.0), O: (0.0, 0.0, 0.0)]
WEAPON BOUNDS [P: (-0.5925, -0.045, -0.1575), S: (1.105, 0.375, 0.315)] root=[X: (1.0, 0.0, 0.0), Y: (0.0, 1.0, 0.0), Z: (0.0, 0.0, 1.0), O: (0.0, 0.0, 0.0)]
WEAPON BOUNDS [P: (-0.5925, -0.045, -0.1575), S: (1.105, 0.375, 0.315)] root=[X: (1.0, 0.0, 0.0), Y: (0.0, 1.0, 0.0), Z: (0.0, 0.0, 1.0), O: (0.0, 0.0, 0.0)]
WEAPON BOUNDS [P: (-0.5925, -0.045, -0.1575), S: (1.105, 0.375, 0.315)] root=[X: (1.0, 0.0, 0.0), Y: (0.0, 1.0, 0.0), Z: (0.0, 0.0, 1.0), O: (0.0, 0.0, 0.0)]
WEAPON BOUNDS [P: (-0.5925, -0.045, -0.1575), S: (1.105, 0.375, 0.315)] root=[X: (1.0, 0.0, 0.0), Y: (0.0, 1.0, 0.0), Z: (0.0, 0.0, 1.0), O: (0.0, 0.0, 0.0)]
WEAPON BOUNDS [P: (-0.5925, -0.045, -0.1575), S: (1.105, 0.375, 0.315)] root=[X: (1.0, 0.0, 0.0), Y: (0.0, 1.0, 0.0), Z: (0.0, 0.0, 1.0), O: (0.0, 0.0, 0.0)]
WEAPON BOUNDS [P: (-0.5925, -0.045, -0.1575), S: (1.105, 0.375, 0.315)] root=[X: (1.0, 0.0, 0.0), Y: (0.0, 1.0, 0.0), Z: (0.0, 0.0, 1.0), O: (0.0, 0.0, 0.0)]
WEAPON BOUNDS [P: (-0.5925, -0.045, -0.1575), S: (1.105, 0.375, 0.315)] root=[X: (1.0, 0.0, 0.0), Y: (0.0, 1.0, 0.0), Z: (0.0, 0.0, 1.0), O: (0.0, 0.0, 0.0)]
WEAPON BOUNDS [P: (-0.5925, -0.045, -0.1575), S: (1.105, 0.375, 0.315)] root=[X: (1.0, 0.0, 0.0), Y: (0.0, 1.0, 0.0), Z: (0.0, 0.0, 1.0), O: (0.0, 0.0, 0.0)]
WEAPON BOUNDS [P: (-0.5925, -0.045, -0.1575), S: (1.105, 0.375, 0.315)] root=[X: (1.0, 0.0, 0.0), Y: (0.0, 1.0, 0.0), Z: (0.0, 0.0, 1.0), O: (0.0, 0.0, 0.0)]
WEAPON BOUNDS [P: (-0.5925, -0.045, -0.1575), S: (1.105, 0.375, 0.315)] root=[X: (1.0, 0.0, 0.0), Y: (0.0, 1.0, 0.0), Z: (0.0, 0.0, 1.0), O: (0.0, 0.0, 0.0)]
WEAPON BOUNDS [P: (-0.5925, -0.045, -0.1575), S: (1.105, 0.375, 0.315)] root=[X: (1.0, 0.0, 0.0), Y: (0.0, 1.0, 0.0), Z: (0.0, 0.0, 1.0), O: (0.0, 0.0, 0.0)]
WEAPON BOUNDS [P: (-0.5925, -0.045, -0.1575), S: (1.105, 0.375, 0.315)] root=[X: (1.0, 0.0, 0.0), Y: (0.0, 1.0, 0.0), Z: (0.0, 0.0, 1.0), O: (0.0, 0.0, 0.0)]
WEAPON BOUNDS [P: (-0.5925, -0.045, -0.1575), S: (1.105, 0.375, 0.315)] root=[X: (1.0, 0.0, 0.0), Y: (0.0, 1.0, 0.0), Z: (0.0, 0.0, 1.0), O: (0.0, 0.0, 0.0)]
WEAPON BOUNDS [P: (-0.5925, -0.045, -0.1575), S: (1.105, 0.375, 0.315)] root=[X: (1.0, 0.0, 0.0), Y: (0.0, 1.0, 0.0), Z: (0.0, 0.0, 1.0), O: (0.0, 0.0, 0.0)]
WEAPON BOUNDS [P: (-0.5925, -0.045, -0.1575), S: (1.105, 0.375, 0.315)] root=[X: (1.0, 0.0, 0.0), Y: (0.0, 1.0, 0.0), Z: (0.0, 0.0, 1.0), O: (0.0, 0.0, 0.0)]
WEAPON BOUNDS [P: (-0.5925, -0.045, -0.1575), S: (1.105, 0.375, 0.315)] root=[X: (1.0, 0.0, 0.0), Y: (0.0, 1.0, 0.0), Z: (0.0, 0.0, 1.0), O: (0.0, 0.0, 0.0)]
WEAPON BOUNDS [P: (-0.5925, -0.045, -0.1575), S: (1.105, 0.375, 0.315)] root=[X: (1.0, 0.0, 0.0), Y: (0.0, 1.0, 0.0), Z: (0.0, 0.0, 1.0), O: (0.0, 0.0, 0.0)]
GRIP_SPAN metres=0.4579738676548 right=(0.026047, 0.953698, 0.228489) left=(0.026181, 0.946552, -0.229429)
GRIP_SPAN metres=0.45797383785248 right=(-0.14949, 0.956352, 0.187662) left=(0.173903, 0.943702, -0.13637)
GRIP_SPAN metres=0.45797383785248 right=(-0.247966, 0.960147, 0.030037) left=(0.209554, 0.939803, 0.028892)
GRIP_SPAN metres=0.45797389745712 right=(-0.206364, 0.965837, -0.156659) left=(0.118068, 0.934659, 0.165073)
GRIP_SPAN metres=0.4579738676548 right=(-0.04205, 0.937654, -0.192732) left=(-0.044634, 0.965047, 0.264414)
GRIP_SPAN metres=0.45797389745712 right=(0.11681, 0.942986, -0.16663) left=(-0.208221, 0.957958, 0.15566)
GRIP_SPAN metres=0.45797389745712 right=(0.209167, 0.947626, -0.030242) left=(-0.248776, 0.952724, -0.031506)
GRIP_SPAN metres=0.45797383785248 right=(0.173796, 0.951094, 0.135392) left=(-0.149559, 0.949197, -0.188919)
GRIP_SPAN metres=0.4579738676548 right=(0.026047, 0.953698, 0.228489) left=(0.026181, 0.946552, -0.229429)
GRIP_SPAN metres=0.45797383785248 right=(-0.14949, 0.956352, 0.187662) left=(0.173903, 0.943702, -0.13637)
GRIP_SPAN metres=0.45797383785248 right=(-0.247966, 0.960147, 0.030037) left=(0.209554, 0.939803, 0.028892)
GRIP_SPAN metres=0.45797389745712 right=(-0.206364, 0.965837, -0.156659) left=(0.118068, 0.934659, 0.165073)
GRIP_SPAN metres=0.4579738676548 right=(-0.04205, 0.937654, -0.192732) left=(-0.044634, 0.965047, 0.264414)
GRIP_SPAN metres=0.45797389745712 right=(0.11681, 0.942986, -0.16663) left=(-0.208221, 0.957958, 0.15566)
GRIP_SPAN metres=0.45797389745712 right=(0.209167, 0.947626, -0.030242) left=(-0.248776, 0.952724, -0.031506)
GRIP_SPAN metres=0.45797383785248 right=(0.173796, 0.951094, 0.135392) left=(-0.149559, 0.949197, -0.188919)
GRIP_SPAN metres=0.4579738676548 right=(0.026047, 0.953698, 0.228489) left=(0.026181, 0.946552, -0.229429)
GRIP_SPAN metres=0.45797383785248 right=(-0.14949, 0.956352, 0.187662) left=(0.173903, 0.943702, -0.13637)
GRIP_SPAN metres=0.45797383785248 right=(-0.247966, 0.960147, 0.030037) left=(0.209554, 0.939803, 0.028892)
GRIP_SPAN metres=0.45797389745712 right=(-0.206364, 0.965837, -0.156659) left=(0.118068, 0.934659, 0.165073)
GRIP_SPAN metres=0.4579738676548 right=(-0.04205, 0.937654, -0.192732) left=(-0.044634, 0.965047, 0.264414)
GRIP_SPAN metres=0.45797389745712 right=(0.11681, 0.942986, -0.16663) left=(-0.208221, 0.957958, 0.15566)
GRIP_SPAN metres=0.45797389745712 right=(0.209167, 0.947626, -0.030242) left=(-0.248776, 0.952724, -0.031506)
GRIP_SPAN metres=0.45797383785248 right=(0.173796, 0.951094, 0.135392) left=(-0.149559, 0.949197, -0.188919)
GRIP_SPAN metres=0.4579738676548 right=(0.026047, 0.953698, 0.228489) left=(0.026181, 0.946552, -0.229429)
GRIP_SPAN metres=0.45797383785248 right=(-0.14949, 0.956352, 0.187662) left=(0.173903, 0.943702, -0.13637)
GRIP_SPAN metres=0.45797383785248 right=(-0.247966, 0.960147, 0.030037) left=(0.209554, 0.939803, 0.028892)
GRIP_SPAN metres=0.45797389745712 right=(-0.206364, 0.965837, -0.156659) left=(0.118068, 0.934659, 0.165073)
GRIP_SPAN metres=0.4579738676548 right=(-0.04205, 0.937654, -0.192732) left=(-0.044634, 0.965047, 0.264414)
GRIP_SPAN metres=0.45797389745712 right=(0.11681, 0.942986, -0.16663) left=(-0.208221, 0.957958, 0.15566)
GRIP_SPAN metres=0.45797389745712 right=(0.209167, 0.947626, -0.030242) left=(-0.248776, 0.952724, -0.031506)
GRIP_SPAN metres=0.45797383785248 right=(0.173796, 0.951094, 0.135392) left=(-0.149559, 0.949197, -0.188919)
GRIP_SPAN metres=0.2887344956398 right=(0.08, 1.059904, 0.119999) left=(0.327017, 1.209404, 0.120012)
SUPPORT_GAP metres=0.00001449508454
GRIP_SPAN metres=0.28873443603516 right=(-0.028293, 1.059909, 0.14143) left=(0.14637, 1.209408, 0.316102)
SUPPORT_GAP metres=0.00001443543442
GRIP_SPAN metres=0.28873446583748 right=(-0.120026, 1.059913, 0.08) left=(-0.120026, 1.209412, 0.327017)
SUPPORT_GAP metres=0.00001444413738
GRIP_SPAN metres=0.28873428702354 right=(-0.14145, 1.059918, -0.028313) left=(-0.316112, 1.209416, 0.14636)
SUPPORT_GAP metres=0.00001426547897
GRIP_SPAN metres=0.2887344956398 right=(-0.08, 1.059886, -0.119945) left=(-0.327015, 1.209388, -0.119984)
SUPPORT_GAP metres=0.00001449508727
GRIP_SPAN metres=0.28873452544212 right=(0.028255, 1.05989, -0.141392) left=(-0.146389, 1.209392, -0.316081)
SUPPORT_GAP metres=0.00001454356425
GRIP_SPAN metres=0.28873452544212 right=(0.119972, 1.059895, -0.08) left=(0.119998, 1.209396, -0.327016)
SUPPORT_GAP metres=0.00001446960323
GRIP_SPAN metres=0.28873437643051 right=(0.141411, 1.0599, 0.028274) left=(0.316092, 1.2094, -0.146379)
SUPPORT_GAP metres=0.00001432863428
GRIP_SPAN metres=0.28870734572411 right=(0.080023, 1.155057, 0.119981) left=(0.326985, 1.304595, 0.120005)
SUPPORT_GAP metres=0.000012649989
GRIP_SPAN metres=0.28870734572411 right=(-0.028276, 1.155077, 0.14145) left=(0.146347, 1.304627, 0.316075)
SUPPORT_GAP metres=0.00001258212251
GRIP_SPAN metres=0.28870731592178 right=(-0.120047, 1.155097, 0.08003) left=(-0.120026, 1.304658, 0.326978)
SUPPORT_GAP metres=0.00001270099983
GRIP_SPAN metres=0.28870734572411 right=(-0.141502, 1.155118, -0.028317) left=(-0.316085, 1.304689, 0.146327)
SUPPORT_GAP metres=0.00001265256014
GRIP_SPAN metres=0.28870734572411 right=(-0.08001, 1.154975, -0.119849) left=(-0.326998, 1.30447, -0.119962)
SUPPORT_GAP metres=0.0000126754876
GRIP_SPAN metres=0.28870731592178 right=(0.028192, 1.154996, -0.141347) left=(-0.146386, 1.304501, -0.316054)
SUPPORT_GAP metres=0.00001270667235
GRIP_SPAN metres=0.28870728611946 right=(0.119915, 1.155016, -0.080016) left=(0.119984, 1.304533, -0.326991)
SUPPORT_GAP metres=0.00001275208797
GRIP_SPAN metres=0.28870734572411 right=(0.141399, 1.155036, 0.028234) left=(0.316064, 1.304564, -0.146367)
SUPPORT_GAP metres=0.00001270575467
GRIP_SPAN metres=0.28541278839111 right=(0.085535, 1.010051, 0.116884) left=(0.327549, 1.161308, 0.120234)
SUPPORT_GAP metres=0.00330718653277
GRIP_SPAN metres=0.28541278839111 right=(-0.022167, 1.010104, 0.143165) left=(0.146686, 1.161351, 0.316583)
SUPPORT_GAP metres=0.00330721097998
GRIP_SPAN metres=0.28541272878647 right=(-0.116931, 1.010156, 0.085583) left=(-0.120037, 1.161393, 0.327612)
SUPPORT_GAP metres=0.00330731878057
GRIP_SPAN metres=0.28541272878647 right=(-0.143233, 1.010208, -0.022166) left=(-0.316488, 1.161436, 0.14687)
SUPPORT_GAP metres=0.00330723309889
GRIP_SPAN metres=0.28541260957718 right=(-0.08544, 1.009843, -0.116789) left=(-0.327423, 1.161137, -0.120629)
SUPPORT_GAP metres=0.00330737186596
GRIP_SPAN metres=0.28541275858879 right=(0.022167, 1.009895, -0.143031) left=(-0.146317, 1.16118, -0.316773)
SUPPORT_GAP metres=0.00330721167848
GRIP_SPAN metres=0.28541272878647 right=(0.116836, 1.009947, -0.085488) left=(0.120432, 1.161223, -0.327486)
SUPPORT_GAP metres=0.00330728432164
GRIP_SPAN metres=0.28541275858879 right=(0.143098, 1.009999, 0.022167) left=(0.316678, 1.161265, -0.146502)
SUPPORT_GAP metres=0.00330721912906
GRIP_SPAN metres=0.28881958127022 right=(0.079987, 0.884613, 0.119984) left=(0.327065, 1.034176, 0.120101)
SUPPORT_GAP metres=0.00009959501767
GRIP_SPAN metres=0.28881952166557 right=(-0.028248, 0.884634, 0.141402) left=(0.146517, 1.034085, 0.316155)
SUPPORT_GAP metres=0.00009951845277
GRIP_SPAN metres=0.28881952166557 right=(-0.119937, 0.884654, 0.080038) left=(-0.119802, 1.033994, 0.327251)
SUPPORT_GAP metres=0.00009955879796
GRIP_SPAN metres=0.28881949186325 right=(-0.141405, 0.884674, -0.028178) left=(-0.316074, 1.033903, 0.146859)
SUPPORT_GAP metres=0.00009953804692
GRIP_SPAN metres=0.28881961107254 right=(-0.079886, 0.884533, -0.120079) left=(-0.326693, 1.034541, -0.120699)
SUPPORT_GAP metres=0.00009968256927
GRIP_SPAN metres=0.28881949186325 right=(0.028386, 0.884553, -0.141398) left=(-0.145831, 1.03445, -0.316314)
SUPPORT_GAP metres=0.00009949032392
GRIP_SPAN metres=0.2888195514679 right=(0.120032, 0.884573, -0.079936) left=(0.1204, 1.034359, -0.326879)
SUPPORT_GAP metres=0.00009951864195
GRIP_SPAN metres=0.28881961107254 right=(0.1414, 0.884593, 0.028317) left=(0.316234, 1.034267, -0.146174)
SUPPORT_GAP metres=0.00009964329365
CHAINSAW CONTINUOUS REVIEW: 0 failures
