Godot Engine v4.7.2.stable.official.ed1daf0bf - https://godotengine.org
OpenGL API 3.3.0 NVIDIA 595.97 - Compatibility - Using Device: NVIDIA - NVIDIA GeForce RTX 3060 Laptop GPU

WEAPON BOUNDS [P: (-0.5925, -0.045, -0.1575), S: (1.105, 0.375, 0.315)] root=[X: (1.0, 0.0, 0.0), Y: (0.0, 1.0, 0.0), Z: (0.0, 0.0, 1.0), O: (0.0, 0.0, 0.0)]
WEAPON BOUNDS [P: (-0.5925, -0.045, -0.1575), S: (1.105, 0.375, 0.315)] root=[X: (1.0, 0.0, 0.0), Y: (0.0, 1.0, 0.0), Z: (0.0, 0.0, 1.0), O: (0.0, 0.0, 0.0)]
WEAPON BOUNDS [P: (-0.5925, -0.045, -0.1575), S: (1.105, 0.375, 0.315)] root=[X: (1.0, 0.0, 0.0), Y: (0.0, 1.0, 0.0), Z: (0.0, 0.0, 1.0), O: (0.0, 0.0, 0.0)]
WEAPON BOUNDS [P: (-0.5925, -0.045, -0.1575), S: (1.105, 0.375, 0.315)] root=[X: (1.0, 0.0, 0.0), Y: (0.0, 1.0, 0.0), Z: (0.0, 0.0, 1.0), O: (0.0, 0.0, 0.0)]
WEAPON BOUNDS [P: (-0.5925, -0.045, -0.1575), S: (1.105, 0.375, 0.315)] root=[X: (1.0, 0.0, 0.0), Y: (0.0, 1.0, 0.0), Z: (0.0, 0.0, 1.0), O: (0.0, 0.0, 0.0)]
WEAPON BOUNDS [P: (-0.5925, -0.045, -0.1575), S: (1.105, 0.375, 0.315)] root=[X: (1.0, 0.0, 0.0), Y: (0.0, 1.0, 0.0), Z: (0.0, 0.0, 1.0), O: (0.0, 0.0, 0.0)]
WEAPON BOUNDS [P: (-0.5925, -0.045, -0.1575), S: (1.105, 0.375, 0.315)] root=[X: (1.0, 0.0, 0.0), Y: (0.0, 1.0, 0.0), Z: (0.0, 0.0, 1.0), O: (0.0, 0.0, 0.0)]
WEAPON BOUNDS [P: (-0.5925, -0.045, -0.1575), S: (1.105, 0.375, 0.315)] root=[X: (1.0, 0.0, 0.0), Y: (0.0, 1.0, 0.0), Z: (0.0, 0.0, 1.0), O: (0.0, 0.0, 0.0)]
GRIP_SPAN metres=0.28881666064262 right=(0.079998, 1.059905, 0.119999) left=(0.327203, 1.209252, 0.120156)
GRIP_SPAN metres=0.28881672024727 right=(-0.028285, 1.059905, 0.141419) left=(0.146404, 1.209252, 0.316331)
GRIP_SPAN metres=0.28881669044495 right=(-0.119999, 1.059905, 0.079998) left=(-0.120156, 1.209252, 0.327203)
GRIP_SPAN metres=0.28881669044495 right=(-0.141419, 1.059905, -0.028285) left=(-0.316331, 1.209252, 0.146404)
GRIP_SPAN metres=0.28881666064262 right=(-0.079998, 1.059905, -0.119999) left=(-0.327203, 1.209252, -0.120156)
GRIP_SPAN metres=0.28881672024727 right=(0.028285, 1.059905, -0.141419) left=(-0.146404, 1.209252, -0.316331)
GRIP_SPAN metres=0.28881669044495 right=(0.119999, 1.059905, -0.079998) left=(0.120156, 1.209252, -0.327203)
GRIP_SPAN metres=0.28881672024727 right=(0.141419, 1.059905, 0.028285) left=(0.316331, 1.209252, -0.146404)
GRIP_SPAN metres=0.28692099452019 right=(0.08, 1.059904, 0.119999) left=(0.323718, 1.211296, 0.117585)
SUPPORT_GAP metres=0.00449207471684
GRIP_SPAN metres=0.28692099452019 right=(-0.028284, 1.059904, 0.141421) left=(0.145757, 1.211296, 0.312048)
SUPPORT_GAP metres=0.0044921208173
GRIP_SPAN metres=0.28692099452019 right=(-0.119999, 1.059904, 0.08) left=(-0.117585, 1.211296, 0.323718)
SUPPORT_GAP metres=0.00449207052588
GRIP_SPAN metres=0.28692096471786 right=(-0.141421, 1.059904, -0.028284) left=(-0.312048, 1.211296, 0.145757)
SUPPORT_GAP metres=0.00449214736
GRIP_SPAN metres=0.28692099452019 right=(-0.08, 1.059904, -0.119999) left=(-0.323718, 1.211296, -0.117585)
SUPPORT_GAP metres=0.00449207052588
GRIP_SPAN metres=0.28692096471786 right=(0.028284, 1.059904, -0.141421) left=(-0.145757, 1.211296, -0.312048)
SUPPORT_GAP metres=0.00449211057276
GRIP_SPAN metres=0.28692096471786 right=(0.119999, 1.059904, -0.08) left=(0.117585, 1.211296, -0.323718)
SUPPORT_GAP metres=0.00449208822101
GRIP_SPAN metres=0.28692099452019 right=(0.141421, 1.059904, 0.028284) left=(0.312048, 1.211296, -0.145758)
SUPPORT_GAP metres=0.00449206121266
