Godot Engine v4.7.2.stable.official.ed1daf0bf - https://godotengine.org

[   0% ] first_scan_filesystem | Started Project initialization (5 steps)
[   0% ] first_scan_filesystem | Scanning file structure...
[  16% ] first_scan_filesystem | Loading global class names...
[  33% ] first_scan_filesystem | Verifying GDExtensions...
[  50% ] first_scan_filesystem | Creating autoload scripts...
[  66% ] first_scan_filesystem | Initializing plugins...
[  83% ] first_scan_filesystem | Starting file scan...
[ DONE ] first_scan_filesystem

[   0% ] update_scripts_classes | Started Registering global classes... (2 steps)
[   0% ] update_scripts_classes | CharacterVisual
[  33% ] update_scripts_classes | Player
[ DONE ] update_scripts_classes

[   0% ] _update_scan_actions | Started Scanning actions... (11 steps)
[   0% ] _update_scan_actions | chainsaw_chain0.png
[   8% ] _update_scan_actions | chainsaw_chain1.png
[  16% ] _update_scan_actions | chainsaw_chain2.png
[  25% ] _update_scan_actions | chainsaw_chain3.png
[  33% ] _update_scan_actions | chainsaw_chain0.png
[  41% ] _update_scan_actions | chainsaw_chain1.png
[  50% ] _update_scan_actions | chainsaw_chain2.png
[  58% ] _update_scan_actions | chainsaw_chain3.png
[  66% ] _update_scan_actions | chainsaw_side.png
[  75% ] _update_scan_actions | chainsaw_top.png
[  83% ] _update_scan_actions | chainsaw_held_visual.png
[ DONE ] _update_scan_actions

[   0% ] reimport | Started (Re)Importing Assets (11 steps)
[   0% ] reimport | Preparing files to reimport...
[   8% ] reimport | Preparing files to reimport...
[  16% ] reimport | Preparing files to reimport...
[  25% ] reimport | Preparing files to reimport...
[  33% ] reimport | Preparing files to reimport...
[  41% ] reimport | Preparing files to reimport...
[  50% ] reimport | Preparing files to reimport...
[  58% ] reimport | Preparing files to reimport...
[  66% ] reimport | Preparing files to reimport...
[  75% ] reimport | Preparing files to reimport...
[  83% ] reimport | Preparing files to reimport...
[   0% ] reimport | Executing pre-reimport operations...
[   0% ] reimport | chainsaw_chain0.png
[   8% ] reimport | chainsaw_chain1.png
[  16% ] reimport | chainsaw_chain2.png
[  25% ] reimport | chainsaw_chain3.png
[  33% ] reimport | chainsaw_chain0.png
[  41% ] reimport | chainsaw_chain1.png
[  50% ] reimport | chainsaw_chain2.png
[  58% ] reimport | chainsaw_chain3.png
[  66% ] reimport | chainsaw_side.png
[  75% ] reimport | chainsaw_top.png
[  83% ] reimport | chainsaw_held_visual.png
[  91% ] reimport | Finalizing Asset Import...
[ DONE ] reimport

[   0% ] reimport | Started (Re)Importing Assets (11 steps)
[   0% ] reimport | Executing post-reimport operations...
[ DONE ] reimport

[   0% ] loading_editor_layout | Started Loading editor (5 steps)
[   0% ] loading_editor_layout | Loading editor layout...
[  16% ] loading_editor_layout | Loading docks...
[  33% ] loading_editor_layout | Reopening scenes...
[  50% ] loading_editor_layout | Loading central editor layout...
[  66% ] loading_editor_layout | Loading plugin window layout...
[  83% ] loading_editor_layout | Editor layout ready.
[ DONE ] loading_editor_layout

