Godot Engine v4.7.2.stable.official.ed1daf0bf - https://godotengine.org
OpenGL API 3.3.0 NVIDIA 595.97 - Compatibility - Using Device: NVIDIA - NVIDIA GeForce RTX 3060 Laptop GPU

GRIP_SPAN metres=0.45796582102776 right=(0.025998, 0.953717, 0.228485) left=(0.026136, 0.946571, -0.229425)
GRIP_SPAN metres=0.45796585083008 right=(-0.14318, 0.953717, 0.179946) left=(0.180709, 0.946571, -0.143747)
GRIP_SPAN metres=0.45796582102776 right=(-0.228485, 0.953717, 0.025998) left=(0.229425, 0.946571, 0.026136)
GRIP_SPAN metres=0.45796582102776 right=(-0.179946, 0.953717, -0.14318) left=(0.143747, 0.946571, 0.180709)
GRIP_SPAN metres=0.45796582102776 right=(-0.025998, 0.953717, -0.228485) left=(-0.026136, 0.946571, 0.229425)
GRIP_SPAN metres=0.45796582102776 right=(0.14318, 0.953717, -0.179946) left=(-0.180709, 0.946571, 0.143747)
GRIP_SPAN metres=0.45796582102776 right=(0.228485, 0.953717, -0.025998) left=(-0.229425, 0.946571, -0.026136)
GRIP_SPAN metres=0.45796582102776 right=(0.179946, 0.953717, 0.14318) left=(-0.143747, 0.946571, -0.180709)
GRIP_SPAN metres=0.28747099637985 right=(0.079994, 1.059895, 0.120003) left=(0.325602, 1.209276, 0.118669)
SUPPORT_GAP metres=0.00169373617973
GRIP_SPAN metres=0.28747102618217 right=(-0.02829, 1.059895, 0.141419) left=(0.146323, 1.209276, 0.314147)
SUPPORT_GAP metres=0.00169376761187
GRIP_SPAN metres=0.28747099637985 right=(-0.120003, 1.059895, 0.079994) left=(-0.118669, 1.209276, 0.325602)
SUPPORT_GAP metres=0.00169377459679
GRIP_SPAN metres=0.28747099637985 right=(-0.141419, 1.059895, -0.02829) left=(-0.314147, 1.209276, 0.146323)
SUPPORT_GAP metres=0.00169376155827
GRIP_SPAN metres=0.28747099637985 right=(-0.079994, 1.059895, -0.120003) left=(-0.325602, 1.209276, -0.118669)
SUPPORT_GAP metres=0.00169374037068
GRIP_SPAN metres=0.28747099637985 right=(0.02829, 1.059895, -0.141419) left=(-0.146323, 1.209276, -0.314147)
SUPPORT_GAP metres=0.00169377366547
GRIP_SPAN metres=0.28747096657753 right=(0.120003, 1.059895, -0.079994) left=(0.118669, 1.209276, -0.325602)
SUPPORT_GAP metres=0.00169377028942
GRIP_SPAN metres=0.28747102618217 right=(0.141419, 1.059895, 0.02829) left=(0.314147, 1.209276, -0.146323)
SUPPORT_GAP metres=0.00169376458507
CHAINSAW TRANSITION REVIEW: 0 failures
