Godot Engine v4.7.2.stable.official.ed1daf0bf - https://godotengine.org

[   0% ] first_scan_filesystem | Started Project initialization (5 steps)
[   0% ] first_scan_filesystem | Scanning file structure...
[  16% ] first_scan_filesystem | Loading global class names...
[  33% ] first_scan_filesystem | Verifying GDExtensions...
[  50% ] first_scan_filesystem | Creating autoload scripts...
[  66% ] first_scan_filesystem | Initializing plugins...
[  83% ] first_scan_filesystem | Starting file scan...
[ DONE ] first_scan_filesystem

[   0% ] update_scripts_classes | Started Registering global classes... (18 steps)
[   0% ] update_scripts_classes | Corpse
[   5% ] update_scripts_classes | Handler
[  10% ] update_scripts_classes | IdleActivity
[  15% ] update_scripts_classes | CastModel
[  21% ] update_scripts_classes | Effects
[  26% ] update_scripts_classes | Gore
[  31% ] update_scripts_classes | SpriteForge
[  36% ] update_scripts_classes | 
[  42% ] update_scripts_classes | 
[  47% ] update_scripts_classes | 
[  52% ] update_scripts_classes | 
[  57% ] update_scripts_classes | 
[  63% ] update_scripts_classes | 
[  68% ] update_scripts_classes | 
[  73% ] update_scripts_classes | 
[  78% ] update_scripts_classes | 
[  84% ] update_scripts_classes | 
[  89% ] update_scripts_classes | 
[ DONE ] update_scripts_classes

[   0% ] _update_scan_actions | Started Scanning actions... (159 steps)
[   0% ] _update_scan_actions | bellhop_arm.png
[   0% ] _update_scan_actions | bellhop_head.png
[   1% ] _update_scan_actions | bellhop_leg.png
[   1% ] _update_scan_actions | biker_arm.png
[   2% ] _update_scan_actions | biker_head.png
[   3% ] _update_scan_actions | biker_leg.png
[   3% ] _update_scan_actions | boss_arm.png
[   4% ] _update_scan_actions | boss_head.png
[   5% ] _update_scan_actions | boss_leg.png
[   5% ] _update_scan_actions | buck_arm.png
[   6% ] _update_scan_actions | buck_head.png
[   6% ] _update_scan_actions | buck_leg.png
[   7% ] _update_scan_actions | burnt_arm.png
[   8% ] _update_scan_actions | burnt_head.png
[   8% ] _update_scan_actions | burnt_leg.png
[   9% ] _update_scan_actions | cass_arm.png
[  10% ] _update_scan_actions | cass_head.png
[  10% ] _update_scan_actions | cass_leg.png
[  11% ] _update_scan_actions | civilian_arm.png
[  11% ] _update_scan_actions | civilian_head.png
[  12% ] _update_scan_actions | civilian_leg.png
[  13% ] _update_scan_actions | cultist_arm.png
[  13% ] _update_scan_actions | cultist_head.png
[  14% ] _update_scan_actions | cultist_leg.png
[  15% ] _update_scan_actions | demon_arm.png
[  15% ] _update_scan_actions | demon_head.png
[  16% ] _update_scan_actions | demon_leg.png
[  16% ] _update_scan_actions | fireman_arm.png
[  17% ] _update_scan_actions | fireman_head.png
[  18% ] _update_scan_actions | fireman_leg.png
[  18% ] _update_scan_actions | ghoul_arm.png
[  19% ] _update_scan_actions | ghoul_head.png
[  20% ] _update_scan_actions | ghoul_leg.png
[  20% ] _update_scan_actions | guard_arm.png
[  21% ] _update_scan_actions | guard_head.png
[  21% ] _update_scan_actions | guard_leg.png
[  22% ] _update_scan_actions | gunner_arm.png
[  23% ] _update_scan_actions | gunner_head.png
[  23% ] _update_scan_actions | gunner_leg.png
[  24% ] _update_scan_actions | handler_arm.png
[  25% ] _update_scan_actions | handler_head.png
[  25% ] _update_scan_actions | handler_leg.png
[  26% ] _update_scan_actions | heavy_arm.png
[  26% ] _update_scan_actions | heavy_head.png
[  27% ] _update_scan_actions | heavy_leg.png
[  28% ] _update_scan_actions | hunter_arm.png
[  28% ] _update_scan_actions | hunter_head.png
[  29% ] _update_scan_actions | hunter_leg.png
[  30% ] _update_scan_actions | riot_arm.png
[  30% ] _update_scan_actions | riot_head.png
[  31% ] _update_scan_actions | riot_leg.png
[  31% ] _update_scan_actions | scout_arm.png
[  32% ] _update_scan_actions | scout_head.png
[  33% ] _update_scan_actions | scout_leg.png
[  33% ] _update_scan_actions | scrapper_arm.png
[  34% ] _update_scan_actions | scrapper_head.png
[  35% ] _update_scan_actions | scrapper_leg.png
[  35% ] _update_scan_actions | security_arm.png
[  36% ] _update_scan_actions | security_head.png
[  36% ] _update_scan_actions | security_leg.png
[  37% ] _update_scan_actions | sniper_arm.png
[  38% ] _update_scan_actions | sniper_head.png
[  38% ] _update_scan_actions | sniper_leg.png
[  39% ] _update_scan_actions | stagehand_arm.png
[  40% ] _update_scan_actions | stagehand_head.png
[  40% ] _update_scan_actions | stagehand_leg.png
[  41% ] _update_scan_actions | welder_arm.png
[  41% ] _update_scan_actions | welder_head.png
[  42% ] _update_scan_actions | welder_leg.png
[  43% ] _update_scan_actions | zombie_arm.png
[  43% ] _update_scan_actions | zombie_head.png
[  44% ] _update_scan_actions | zombie_leg.png
[  45% ] _update_scan_actions | bellhop_arm.png
[  45% ] _update_scan_actions | bellhop_head.png
[  46% ] _update_scan_actions | bellhop_leg.png
[  46% ] _update_scan_actions | biker_arm.png
[  47% ] _update_scan_actions | biker_head.png
[  48% ] _update_scan_actions | biker_leg.png
[  48% ] _update_scan_actions | boss_arm.png
[  49% ] _update_scan_actions | boss_head.png
[  50% ] _update_scan_actions | boss_leg.png
[  50% ] _update_scan_actions | buck_arm.png
[  51% ] _update_scan_actions | buck_head.png
[  51% ] _update_scan_actions | buck_leg.png
[  52% ] _update_scan_actions | burnt_arm.png
[  53% ] _update_scan_actions | burnt_head.png
[  53% ] _update_scan_actions | burnt_leg.png
[  54% ] _update_scan_actions | cass_arm.png
[  55% ] _update_scan_actions | cass_head.png
[  55% ] _update_scan_actions | cass_leg.png
[  56% ] _update_scan_actions | civilian_arm.png
[  56% ] _update_scan_actions | civilian_head.png
[  57% ] _update_scan_actions | civilian_leg.png
[  58% ] _update_scan_actions | cultist_arm.png
[  58% ] _update_scan_actions | cultist_head.png
[  59% ] _update_scan_actions | cultist_leg.png
[  60% ] _update_scan_actions | demon_arm.png
[  60% ] _update_scan_actions | demon_head.png
[  61% ] _update_scan_actions | demon_leg.png
[  61% ] _update_scan_actions | fireman_arm.png
[  62% ] _update_scan_actions | fireman_head.png
[  63% ] _update_scan_actions | fireman_leg.png
[  63% ] _update_scan_actions | ghoul_arm.png
[  64% ] _update_scan_actions | ghoul_head.png
[  65% ] _update_scan_actions | ghoul_leg.png
[  65% ] _update_scan_actions | guard_arm.png
[  66% ] _update_scan_actions | guard_head.png
[  66% ] _update_scan_actions | guard_leg.png
[  67% ] _update_scan_actions | gunner_arm.png
[  68% ] _update_scan_actions | gunner_head.png
[  68% ] _update_scan_actions | gunner_leg.png
[  69% ] _update_scan_actions | handler_arm.png
[  70% ] _update_scan_actions | handler_head.png
[  70% ] _update_scan_actions | handler_leg.png
[  71% ] _update_scan_actions | heavy_arm.png
[  71% ] _update_scan_actions | heavy_head.png
[  72% ] _update_scan_actions | heavy_leg.png
[  73% ] _update_scan_actions | hunter_arm.png
[  73% ] _update_scan_actions | hunter_head.png
[  74% ] _update_scan_actions | hunter_leg.png
[  75% ] _update_scan_actions | review.png
[  75% ] _update_scan_actions | review_all_0.png
[  76% ] _update_scan_actions | review_all_1.png
[  76% ] _update_scan_actions | review_all_2.png
[  77% ] _update_scan_actions | riot_arm.png
[  78% ] _update_scan_actions | riot_head.png
[  78% ] _update_scan_actions | riot_leg.png
[  79% ] _update_scan_actions | scout_arm.png
[  80% ] _update_scan_actions | scout_head.png
[  80% ] _update_scan_actions | scout_leg.png
[  81% ] _update_scan_actions | scrapper_arm.png
[  81% ] _update_scan_actions | scrapper_head.png
[  82% ] _update_scan_actions | scrapper_leg.png
[  83% ] _update_scan_actions | security_arm.png
[  83% ] _update_scan_actions | security_head.png
[  84% ] _update_scan_actions | security_leg.png
[  85% ] _update_scan_actions | sniper_arm.png
[  85% ] _update_scan_actions | sniper_head.png
[  86% ] _update_scan_actions | sniper_leg.png
[  86% ] _update_scan_actions | stagehand_arm.png
[  87% ] _update_scan_actions | stagehand_head.png
[  88% ] _update_scan_actions | stagehand_leg.png
[  88% ] _update_scan_actions | welder_arm.png
[  89% ] _update_scan_actions | welder_head.png
[  90% ] _update_scan_actions | welder_leg.png
[  90% ] _update_scan_actions | zombie_arm.png
[  91% ] _update_scan_actions | zombie_head.png
[  91% ] _update_scan_actions | zombie_leg.png
[  92% ] _update_scan_actions | guard.glb
[  93% ] _update_scan_actions | guard.glb
[  93% ] _update_scan_actions | cass_gait_visual.png
[  94% ] _update_scan_actions | gore_parts_integrated_visual.png
[  95% ] _update_scan_actions | guard_idle_review_consumables.png
[  95% ] _update_scan_actions | handler_leash_review.png
[  96% ] _update_scan_actions | heavy_sever_mesh_visual.png
[  96% ] _update_scan_actions | scout_sever_mesh_visual.png
[  97% ] _update_scan_actions | sever_mesh_visual.png
[  98% ] _update_scan_actions | stagehand_sever_mesh_visual.png
[  98% ] _update_scan_actions | surface_blood_visual.png
[ DONE ] _update_scan_actions

[   0% ] reimport | Started (Re)Importing Assets (159 steps)
[   0% ] reimport | Preparing files to reimport...
[   0% ] reimport | Preparing files to reimport...
[   1% ] reimport | Preparing files to reimport...
[   1% ] reimport | Preparing files to reimport...
[   2% ] reimport | Preparing files to reimport...
[   3% ] reimport | Preparing files to reimport...
[   3% ] reimport | Preparing files to reimport...
[   4% ] reimport | Preparing files to reimport...
[   5% ] reimport | Preparing files to reimport...
[   5% ] reimport | Preparing files to reimport...
[   6% ] reimport | Preparing files to reimport...
[   6% ] reimport | Preparing files to reimport...
[   7% ] reimport | Preparing files to reimport...
[   8% ] reimport | Preparing files to reimport...
[   8% ] reimport | Preparing files to reimport...
[   9% ] reimport | Preparing files to reimport...
[  10% ] reimport | Preparing files to reimport...
[  10% ] reimport | Preparing files to reimport...
[  11% ] reimport | Preparing files to reimport...
[  11% ] reimport | Preparing files to reimport...
[  12% ] reimport | Preparing files to reimport...
[  13% ] reimport | Preparing files to reimport...
[  13% ] reimport | Preparing files to reimport...
[  14% ] reimport | Preparing files to reimport...
[  15% ] reimport | Preparing files to reimport...
[  15% ] reimport | Preparing files to reimport...
[  16% ] reimport | Preparing files to reimport...
[  16% ] reimport | Preparing files to reimport...
[  17% ] reimport | Preparing files to reimport...
[  18% ] reimport | Preparing files to reimport...
[  18% ] reimport | Preparing files to reimport...
[  19% ] reimport | Preparing files to reimport...
[  20% ] reimport | Preparing files to reimport...
[  20% ] reimport | Preparing files to reimport...
[  21% ] reimport | Preparing files to reimport...
[  21% ] reimport | Preparing files to reimport...
[  22% ] reimport | Preparing files to reimport...
[  23% ] reimport | Preparing files to reimport...
[  23% ] reimport | Preparing files to reimport...
[  24% ] reimport | Preparing files to reimport...
[  25% ] reimport | Preparing files to reimport...
[  25% ] reimport | Preparing files to reimport...
[  26% ] reimport | Preparing files to reimport...
[  26% ] reimport | Preparing files to reimport...
[  27% ] reimport | Preparing files to reimport...
[  28% ] reimport | Preparing files to reimport...
[  28% ] reimport | Preparing files to reimport...
[  29% ] reimport | Preparing files to reimport...
[  30% ] reimport | Preparing files to reimport...
[  30% ] reimport | Preparing files to reimport...
[  31% ] reimport | Preparing files to reimport...
[  31% ] reimport | Preparing files to reimport...
[  32% ] reimport | Preparing files to reimport...
[  33% ] reimport | Preparing files to reimport...
[  33% ] reimport | Preparing files to reimport...
[  34% ] reimport | Preparing files to reimport...
[  35% ] reimport | Preparing files to reimport...
[  35% ] reimport | Preparing files to reimport...
[  36% ] reimport | Preparing files to reimport...
[  36% ] reimport | Preparing files to reimport...
[  37% ] reimport | Preparing files to reimport...
[  38% ] reimport | Preparing files to reimport...
[  38% ] reimport | Preparing files to reimport...
[  39% ] reimport | Preparing files to reimport...
[  40% ] reimport | Preparing files to reimport...
[  40% ] reimport | Preparing files to reimport...
[  41% ] reimport | Preparing files to reimport...
[  41% ] reimport | Preparing files to reimport...
[  42% ] reimport | Preparing files to reimport...
[  43% ] reimport | Preparing files to reimport...
[  43% ] reimport | Preparing files to reimport...
[  44% ] reimport | Preparing files to reimport...
[  45% ] reimport | Preparing files to reimport...
[  45% ] reimport | Preparing files to reimport...
[  46% ] reimport | Preparing files to reimport...
[  46% ] reimport | Preparing files to reimport...
[  47% ] reimport | Preparing files to reimport...
[  48% ] reimport | Preparing files to reimport...
[  48% ] reimport | Preparing files to reimport...
[  49% ] reimport | Preparing files to reimport...
[  50% ] reimport | Preparing files to reimport...
[  50% ] reimport | Preparing files to reimport...
[  51% ] reimport | Preparing files to reimport...
[  51% ] reimport | Preparing files to reimport...
[  52% ] reimport | Preparing files to reimport...
[  53% ] reimport | Preparing files to reimport...
[  53% ] reimport | Preparing files to reimport...
[  54% ] reimport | Preparing files to reimport...
[  55% ] reimport | Preparing files to reimport...
[  55% ] reimport | Preparing files to reimport...
[  56% ] reimport | Preparing files to reimport...
[  56% ] reimport | Preparing files to reimport...
[  57% ] reimport | Preparing files to reimport...
[  58% ] reimport | Preparing files to reimport...
[  58% ] reimport | Preparing files to reimport...
[  59% ] reimport | Preparing files to reimport...
[  60% ] reimport | Preparing files to reimport...
[  60% ] reimport | Preparing files to reimport...
[  61% ] reimport | Preparing files to reimport...
[  61% ] reimport | Preparing files to reimport...
[  62% ] reimport | Preparing files to reimport...
[  63% ] reimport | Preparing files to reimport...
[  63% ] reimport | Preparing files to reimport...
[  64% ] reimport | Preparing files to reimport...
[  65% ] reimport | Preparing files to reimport...
[  65% ] reimport | Preparing files to reimport...
[  66% ] reimport | Preparing files to reimport...
[  66% ] reimport | Preparing files to reimport...
[  67% ] reimport | Preparing files to reimport...
[  68% ] reimport | Preparing files to reimport...
[  68% ] reimport | Preparing files to reimport...
[  69% ] reimport | Preparing files to reimport...
[  70% ] reimport | Preparing files to reimport...
[  70% ] reimport | Preparing files to reimport...
[  71% ] reimport | Preparing files to reimport...
[  71% ] reimport | Preparing files to reimport...
[  72% ] reimport | Preparing files to reimport...
[  73% ] reimport | Preparing files to reimport...
[  73% ] reimport | Preparing files to reimport...
[  74% ] reimport | Preparing files to reimport...
[  75% ] reimport | Preparing files to reimport...
[  75% ] reimport | Preparing files to reimport...
[  76% ] reimport | Preparing files to reimport...
[  76% ] reimport | Preparing files to reimport...
[  77% ] reimport | Preparing files to reimport...
[  78% ] reimport | Preparing files to reimport...
[  78% ] reimport | Preparing files to reimport...
[  79% ] reimport | Preparing files to reimport...
[  80% ] reimport | Preparing files to reimport...
[  80% ] reimport | Preparing files to reimport...
[  81% ] reimport | Preparing files to reimport...
[  81% ] reimport | Preparing files to reimport...
[  82% ] reimport | Preparing files to reimport...
[  83% ] reimport | Preparing files to reimport...
[  83% ] reimport | Preparing files to reimport...
[  84% ] reimport | Preparing files to reimport...
[  85% ] reimport | Preparing files to reimport...
[  85% ] reimport | Preparing files to reimport...
[  86% ] reimport | Preparing files to reimport...
[  86% ] reimport | Preparing files to reimport...
[  87% ] reimport | Preparing files to reimport...
[  88% ] reimport | Preparing files to reimport...
[  88% ] reimport | Preparing files to reimport...
[  89% ] reimport | Preparing files to reimport...
[  90% ] reimport | Preparing files to reimport...
[  90% ] reimport | Preparing files to reimport...
[  91% ] reimport | Preparing files to reimport...
[  91% ] reimport | Preparing files to reimport...
[  92% ] reimport | Preparing files to reimport...
[  93% ] reimport | Preparing files to reimport...
[  93% ] reimport | Preparing files to reimport...
[  94% ] reimport | Preparing files to reimport...
[  95% ] reimport | Preparing files to reimport...
[  95% ] reimport | Preparing files to reimport...
[  96% ] reimport | Preparing files to reimport...
[  96% ] reimport | Preparing files to reimport...
[  97% ] reimport | Preparing files to reimport...
[  98% ] reimport | Preparing files to reimport...
[  98% ] reimport | Preparing files to reimport...
[   0% ] reimport | Executing pre-reimport operations...
[   0% ] reimport | fireman_arm.png
[   0% ] reimport | fireman_head.png
[   1% ] reimport | fireman_leg.png
[   1% ] reimport | ghoul_arm.png
[   2% ] reimport | ghoul_head.png
[   3% ] reimport | ghoul_leg.png
[   3% ] reimport | guard_arm.png
[   4% ] reimport | guard_head.png
[   5% ] reimport | guard_leg.png
[   5% ] reimport | gunner_arm.png
[   6% ] reimport | gunner_head.png
[   6% ] reimport | gunner_leg.png
[   7% ] reimport | handler_arm.png
[   8% ] reimport | handler_head.png
[   8% ] reimport | handler_leg.png
[   9% ] reimport | heavy_arm.png
[  10% ] reimport | heavy_head.png
[  10% ] reimport | heavy_leg.png
[  11% ] reimport | hunter_arm.png
[  11% ] reimport | boss_head.png
[  12% ] reimport | boss_leg.png
[  13% ] reimport | buck_arm.png
[  13% ] reimport | buck_head.png
[  14% ] reimport | buck_leg.png
[  15% ] reimport | burnt_arm.png
[  15% ] reimport | burnt_head.png
[  16% ] reimport | burnt_leg.png
[  16% ] reimport | cass_arm.png
[  17% ] reimport | cass_head.png
[  18% ] reimport | cass_leg.png
[  18% ] reimport | civilian_arm.png
[  19% ] reimport | civilian_head.png
[  20% ] reimport | civilian_leg.png
[  20% ] reimport | cultist_arm.png
[  21% ] reimport | cultist_head.png
[  21% ] reimport | cultist_leg.png
[  22% ] reimport | demon_arm.png
[  23% ] reimport | demon_head.png
[  23% ] reimport | demon_leg.png
[  24% ] reimport | sniper_leg.png
[  25% ] reimport | stagehand_arm.png
[  25% ] reimport | stagehand_head.png
[  26% ] reimport | stagehand_leg.png
[  26% ] reimport | welder_arm.png
[  27% ] reimport | welder_head.png
[  28% ] reimport | welder_leg.png
[  28% ] reimport | zombie_arm.png
[  29% ] reimport | zombie_head.png
[  30% ] reimport | zombie_leg.png
[  30% ] reimport | cass_gait_visual.png
[  31% ] reimport | gore_parts_integrated_visual.png
[  31% ] reimport | guard_idle_review_consumables.png
[  32% ] reimport | handler_leash_review.png
[  33% ] reimport | heavy_sever_mesh_visual.png
[  33% ] reimport | scout_sever_mesh_visual.png
[  34% ] reimport | sever_mesh_visual.png
[  35% ] reimport | stagehand_sever_mesh_visual.png
[  35% ] reimport | surface_blood_visual.png
[  36% ] reimport | hunter_head.png
[  36% ] reimport | hunter_leg.png
[  37% ] reimport | review.png
[  38% ] reimport | review_all_0.png
[  38% ] reimport | review_all_1.png
[  39% ] reimport | review_all_2.png
[  40% ] reimport | riot_arm.png
[  40% ] reimport | riot_head.png
[  41% ] reimport | riot_leg.png
[  41% ] reimport | scout_arm.png
[  42% ] reimport | scout_head.png
[  43% ] reimport | scout_leg.png
[  43% ] reimport | scrapper_arm.png
[  44% ] reimport | scrapper_head.png
[  45% ] reimport | scrapper_leg.png
[  45% ] reimport | security_arm.png
[  46% ] reimport | security_head.png
[  46% ] reimport | security_leg.png
[  47% ] reimport | sniper_arm.png
[  48% ] reimport | sniper_head.png
[  48% ] reimport | civilian_leg.png
[  49% ] reimport | cultist_arm.png
[  50% ] reimport | cultist_head.png
[  50% ] reimport | cultist_leg.png
[  51% ] reimport | demon_arm.png
[  51% ] reimport | demon_head.png
[  52% ] reimport | demon_leg.png
[  53% ] reimport | fireman_arm.png
[  53% ] reimport | fireman_head.png
[  54% ] reimport | fireman_leg.png
[  55% ] reimport | ghoul_arm.png
[  55% ] reimport | ghoul_head.png
[  56% ] reimport | ghoul_leg.png
[  56% ] reimport | guard_arm.png
[  57% ] reimport | guard_head.png
[  58% ] reimport | guard_leg.png
[  58% ] reimport | gunner_arm.png
[  59% ] reimport | gunner_head.png
[  60% ] reimport | gunner_leg.png
[  60% ] reimport | bellhop_arm.png
[  61% ] reimport | bellhop_head.png
[  61% ] reimport | bellhop_leg.png
[  62% ] reimport | biker_arm.png
[  63% ] reimport | biker_head.png
[  63% ] reimport | biker_leg.png
[  64% ] reimport | boss_arm.png
[  65% ] reimport | boss_head.png
[  65% ] reimport | boss_leg.png
[  66% ] reimport | buck_arm.png
[  66% ] reimport | buck_head.png
[  67% ] reimport | buck_leg.png
[  68% ] reimport | burnt_arm.png
[  68% ] reimport | burnt_head.png
[  69% ] reimport | burnt_leg.png
[  70% ] reimport | cass_arm.png
[  70% ] reimport | cass_head.png
[  71% ] reimport | cass_leg.png
[  71% ] reimport | civilian_arm.png
[  72% ] reimport | civilian_head.png
[  73% ] reimport | security_leg.png
[  73% ] reimport | sniper_arm.png
[  74% ] reimport | sniper_head.png
[  75% ] reimport | sniper_leg.png
[  75% ] reimport | stagehand_arm.png
[  76% ] reimport | stagehand_head.png
[  76% ] reimport | stagehand_leg.png
[  77% ] reimport | welder_arm.png
[  78% ] reimport | welder_head.png
[  78% ] reimport | welder_leg.png
[  79% ] reimport | zombie_arm.png
[  80% ] reimport | zombie_head.png
[  80% ] reimport | zombie_leg.png
[  81% ] reimport | bellhop_arm.png
[  81% ] reimport | bellhop_head.png
[  82% ] reimport | bellhop_leg.png
[  83% ] reimport | biker_arm.png
[  83% ] reimport | biker_head.png
[  84% ] reimport | biker_leg.png
[  85% ] reimport | boss_arm.png
[  85% ] reimport | handler_arm.png
[  86% ] reimport | handler_head.png
[  86% ] reimport | handler_leg.png
[  87% ] reimport | heavy_arm.png
[  88% ] reimport | heavy_head.png
[  88% ] reimport | heavy_leg.png
[  89% ] reimport | hunter_arm.png
[  90% ] reimport | hunter_head.png
[  90% ] reimport | hunter_leg.png
[  91% ] reimport | riot_arm.png
[  91% ] reimport | riot_head.png
[  92% ] reimport | riot_leg.png
[  93% ] reimport | scout_arm.png
[  93% ] reimport | scout_head.png
[  94% ] reimport | scout_leg.png
[  95% ] reimport | scrapper_arm.png
[  95% ] reimport | scrapper_head.png
[  96% ] reimport | scrapper_leg.png
[  96% ] reimport | security_arm.png
[  97% ] reimport | security_head.png
[  98% ] reimport | guard.glb
[   0% ] import | Started Import Scene (104 steps)
[   0% ] import | Importing Scene...
[   1% ] import | Running Custom Script...
[  99% ] import | Saving...
[ DONE ] import

[  98% ] reimport | guard.glb
[   0% ] import | Started Import Scene (104 steps)
[   0% ] import | Importing Scene...
[   1% ] import | Running Custom Script...
[  99% ] import | Saving...
[ DONE ] import

[  99% ] reimport | Finalizing Asset Import...
[ DONE ] reimport

[   0% ] reimport | Started (Re)Importing Assets (159 steps)
[   0% ] reimport | Executing post-reimport operations...
[ DONE ] reimport

[   0% ] loading_editor_layout | Started Loading editor (5 steps)
[   0% ] loading_editor_layout | Loading editor layout...
[  16% ] loading_editor_layout | Loading docks...
[  33% ] loading_editor_layout | Reopening scenes...
[  50% ] loading_editor_layout | Loading central editor layout...
[  66% ] loading_editor_layout | Loading plugin window layout...
[  83% ] loading_editor_layout | Editor layout ready.
[ DONE ] loading_editor_layout

