Godot Engine v4.7.2.stable.official.ed1daf0bf - https://godotengine.org

bellhop head complement error=0.00000001948538 valid=true
bellhop arm complement error=0.00000002869022 valid=true
bellhop leg complement error=0.00000002804543 valid=true
bellhop legs complement error=0.00000005215268 valid=true
biker head complement error=0.00000001784513 valid=true
biker arm complement error=0.00000006131854 valid=true
biker leg complement error=0.00000005087184 valid=true
biker legs complement error=0.00000007829163 valid=true
boss head complement error=0.00000002755132 valid=true
boss arm complement error=0.0000000284824 valid=true
boss leg complement error=0.00000005940824 valid=true
boss legs complement error=0.00000009202124 valid=true
buck head complement error=0.00000000741529 valid=true
buck arm complement error=0.00000001403468 valid=true
buck leg complement error=0.00000006483137 valid=true
buck legs complement error=0.0000000647411 valid=true
burnt head complement error=0.00000000626487 valid=true
burnt arm complement error=0.0000000278432 valid=true
burnt leg complement error=0.00000007745528 valid=true
burnt legs complement error=0.00000010145819 valid=true
cass head complement error=0.00000002777889 valid=true
cass arm complement error=0.00000002470254 valid=true
cass leg complement error=0.00000006482941 valid=true
cass legs complement error=0.00000006477508 valid=true
civilian head complement error=0.0000000004662 valid=true
civilian arm complement error=0.00000007397888 valid=true
civilian leg complement error=0.00000002413881 valid=true
civilian legs complement error=0.00000005404483 valid=true
cultist head complement error=0.0000000370449 valid=true
cultist arm complement error=0.00000002439708 valid=true
cultist leg complement error=0.00000006296255 valid=true
cultist legs complement error=0.00000007834214 valid=true
demon head complement error=0.00000000426775 valid=true
demon arm complement error=0.00000001528532 valid=true
demon leg complement error=0.00000002988089 valid=true
demon legs complement error=0.00000004199541 valid=true
fireman head complement error=0.00000013408365 valid=true
fireman arm complement error=0.00000003719575 valid=true
fireman leg complement error=0.00000002865483 valid=true
fireman legs complement error=0.00000002909694 valid=true
ghoul head complement error=0.00000003068 valid=true
ghoul arm complement error=0.00000000103033 valid=true
ghoul leg complement error=0.00000012039687 valid=true
ghoul legs complement error=0.00000015689543 valid=true
guard head complement error=0.00000004625843 valid=true
guard arm complement error=0.00000002602426 valid=true
guard leg complement error=0.0000000213566 valid=true
guard legs complement error=0.00000003789631 valid=true
gunner head complement error=0.00000008187472 valid=true
gunner arm complement error=0.00000008218912 valid=true
gunner leg complement error=0.00000004079089 valid=true
gunner legs complement error=0.00000004086273 valid=true
handler head complement error=0.00000000056603 valid=true
handler arm complement error=0.00000000009106 valid=true
handler leg complement error=0.00000012459988 valid=true
handler legs complement error=0.00000016370012 valid=true
heavy head complement error=0.00000000716064 valid=true
heavy arm complement error=0.00000001330861 valid=true
heavy leg complement error=0.00000004876939 valid=true
heavy legs complement error=0.0000000520943 valid=true
hunter head complement error=0.00000000056049 valid=true
hunter arm complement error=0.00000000132958 valid=true
hunter leg complement error=0.00000007583225 valid=true
hunter legs complement error=0.00000008481689 valid=true
riot head complement error=0.00000001285202 valid=true
riot arm complement error=0.00000001315108 valid=true
riot leg complement error=0.00000003316102 valid=true
riot legs complement error=0.00000004415846 valid=true
scout head complement error=0.00000000052588 valid=true
scout arm complement error=0.00000000010031 valid=true
scout leg complement error=0.00000003057703 valid=true
scout legs complement error=0.00000003062082 valid=true
scrapper head complement error=0.00000000541061 valid=true
scrapper arm complement error=0.00000000834714 valid=true
scrapper leg complement error=0.00000003809023 valid=true
scrapper legs complement error=0.00000006766314 valid=true
security head complement error=0.00000003757322 valid=true
security arm complement error=0.00000004498863 valid=true
security leg complement error=0.00000009578377 valid=true
security legs complement error=0.00000012063774 valid=true
sniper head complement error=0.00000000817911 valid=true
sniper arm complement error=0.00000001689014 valid=true
sniper leg complement error=0.00000001788366 valid=true
sniper legs complement error=0.00000001781109 valid=true
stagehand head complement error=0.0000000122788 valid=true
stagehand arm complement error=0.00000009495172 valid=true
stagehand leg complement error=0.00000000026661 valid=true
stagehand legs complement error=0.0000000035637 valid=true
welder head complement error=0.00000002919392 valid=true
welder arm complement error=0.00000000012952 valid=true
welder leg complement error=0.00000004199137 valid=true
welder legs complement error=0.00000007876624 valid=true
zombie head complement error=0.00000001605359 valid=true
zombie arm complement error=0.00000000007656 valid=true
zombie leg complement error=0.00000011388624 valid=true
zombie legs complement error=0.0000001254336 valid=true
