Godot Engine v4.7.2.stable.official.ed1daf0bf - https://godotengine.org

PASS correct number of tossed pistols
PASS pistol begins at its drawn hand/barrel
PASS pistol begins at its drawn hand/barrel
PASS retains loaded pistol only
PASS pistol settles to floor
PASS pistol settles to floor
PASS correct number of tossed pistols
PASS pistol begins at its drawn hand/barrel
PASS pistol begins at its drawn hand/barrel
PASS retains loaded pistol only
PASS pistol settles to floor
PASS pistol settles to floor
PASS correct number of tossed pistols
PASS pistol begins at its drawn hand/barrel
PASS pistol begins at its drawn hand/barrel
PASS retains loaded pistol only
PASS pistol settles to floor
PASS pistol settles to floor
PASS correct number of tossed pistols
PASS pistol begins at its drawn hand/barrel
PASS pistol begins at its drawn hand/barrel
PASS retains loaded pistol only
PASS pistol settles to floor
PASS pistol settles to floor
PASS correct number of tossed pistols
PASS pistol begins at its drawn hand/barrel
PASS pistol begins at its drawn hand/barrel
PASS retains loaded pistol only
PASS pistol settles to floor
PASS pistol settles to floor
PASS correct number of tossed pistols
PASS pistol begins at its drawn hand/barrel
PASS pistol begins at its drawn hand/barrel
PASS retains loaded pistol only
PASS pistol settles to floor
PASS pistol settles to floor
PASS correct number of tossed pistols
PASS pistol begins at its drawn hand/barrel
PASS pistol begins at its drawn hand/barrel
PASS retains loaded pistol only
PASS pistol settles to floor
PASS pistol settles to floor
PASS correct number of tossed pistols
PASS pistol begins at its drawn hand/barrel
PASS pistol begins at its drawn hand/barrel
PASS retains loaded pistol only
PASS pistol settles to floor
PASS pistol settles to floor
PASS correct number of tossed pistols
PASS pistol begins at its drawn hand/barrel
PASS retains loaded pistol only
PASS pistol settles to floor
PASS correct number of tossed pistols
PASS pistol begins at its drawn hand/barrel
PASS retains loaded pistol only
PASS pistol settles to floor
PASS correct number of tossed pistols
PASS pistol begins at its drawn hand/barrel
PASS retains loaded pistol only
PASS pistol settles to floor
PASS correct number of tossed pistols
PASS pistol begins at its drawn hand/barrel
PASS retains loaded pistol only
PASS pistol settles to floor
PASS correct number of tossed pistols
PASS pistol begins at its drawn hand/barrel
PASS retains loaded pistol only
PASS pistol settles to floor
PASS correct number of tossed pistols
PASS pistol begins at its drawn hand/barrel
PASS retains loaded pistol only
PASS pistol settles to floor
PASS correct number of tossed pistols
PASS pistol begins at its drawn hand/barrel
PASS retains loaded pistol only
PASS pistol settles to floor
PASS correct number of tossed pistols
PASS pistol begins at its drawn hand/barrel
PASS retains loaded pistol only
PASS pistol settles to floor
DUAL THROW REVIEW: 0 failures
