Godot Engine v4.7.2.stable.official.ed1daf0bf - https://godotengine.org

[   0% ] [90m[1mfirst_scan_filesystem[22m | Started Project initialization (5 steps)[39m[0m
[   0% ] [90m[1mfirst_scan_filesystem[22m | Scanning file structure...[39m[0m
[  16% ] [90m[1mfirst_scan_filesystem[22m | Loading global class names...[39m[0m
[  33% ] [90m[1mfirst_scan_filesystem[22m | Verifying GDExtensions...[39m[0m
[  50% ] [90m[1mfirst_scan_filesystem[22m | Creating autoload scripts...[39m[0m
[  66% ] [90m[1mfirst_scan_filesystem[22m | Initializing plugins...[39m[0m
[  83% ] [90m[1mfirst_scan_filesystem[22m | Starting file scan...[39m[0m
[92m[ DONE ][39m [1mfirst_scan_filesystem[22m
[0m
ERROR: Safe save failed. This may be a permissions problem, but also may happen because you are running a paranoid antivirus. If this is the case, please switch to Windows Defender or disable the 'safe save' option in editor settings. This makes it work, but increases the risk of file corruption in a crash.
   at: _close (drivers/windows/file_access_windows.cpp:277)
ERROR: Condition "error != OK" is true. Returning: ERR_CANT_OPEN
   at: _modify_template (platform/windows/export/template_modifier.cpp:624)
[   0% ] [90m[1msavepack[22m | Started Packing (102 steps)[39m[0m
ERROR: Save PCK: Can't open file for reading-writing at path "build/HotshotCalifornia.tmp".
   at: add_message (./editor/export/editor_export_platform.h:270)
[92m[ DONE ][39m [1msavepack[22m
[0m
ERROR: Project export for preset "Windows Desktop" failed.
   at: _fs_changed (editor/editor_node.cpp:1417)
