22:00:16 | INFO: Data are loaded, start creating Blender stuff
22:00:16 | INFO: Blender create Mesh node Mesh_0
22:00:17 | INFO: glTF import finished in 0.37s
22:00:17 | INFO: Data are loaded, start creating Blender stuff
22:00:17 | INFO: Blender create Mesh node Cylinder.001
22:00:17 | INFO: Blender create Mesh node Cube.103
22:00:17 | INFO: Blender create Mesh node Cube.005
22:00:17 | INFO: Blender create Mesh node Cube.102
22:00:17 | INFO: Blender create Mesh node Cylinder.003
22:00:17 | INFO: Blender create Mesh node Cylinder.004
22:00:17 | INFO: Blender create Mesh node Cube.105
22:00:17 | INFO: Blender create Mesh node Cube.108
22:00:17 | INFO: Blender create Mesh node Cube.007
22:00:17 | INFO: Blender create Mesh node Cube.008
22:00:17 | INFO: Blender create Mesh node Cube.009
22:00:17 | INFO: Blender create Mesh node Cube.010
22:00:17 | INFO: Blender create Mesh node Cube.011
22:00:17 | INFO: Blender create Mesh node Cube.012
22:00:17 | INFO: Blender create Mesh node Cube.013
22:00:17 | INFO: Blender create Mesh node Cube.014
22:00:17 | INFO: Blender create Mesh node Cube.015
22:00:17 | INFO: Blender create Mesh node Cube.016
22:00:17 | INFO: Blender create Mesh node Cube.017
22:00:17 | INFO: Blender create Mesh node Cube.018
22:00:17 | INFO: Blender create Mesh node Cube.019
22:00:17 | INFO: Blender create Mesh node Cube.020
22:00:17 | INFO: Blender create Mesh node Cube.021
22:00:17 | INFO: Blender create Mesh node Cube.022
22:00:17 | INFO: Blender create Mesh node Cube.023
22:00:17 | INFO: Blender create Mesh node Cube.024
22:00:17 | INFO: Blender create Mesh node Cube.025
22:00:17 | INFO: Blender create Mesh node Cube.026
22:00:17 | INFO: Blender create Mesh node Cube.027
22:00:17 | INFO: Blender create Mesh node Cube.028
22:00:17 | INFO: Blender create Mesh node Cube.029
22:00:17 | INFO: Blender create Mesh node Cube.030
22:00:17 | INFO: Blender create Mesh node Cube.031
22:00:17 | INFO: Blender create Mesh node Cube.032
22:00:17 | INFO: Blender create Mesh node Cube.033
22:00:17 | INFO: Blender create Mesh node Cube.034
22:00:17 | INFO: Blender create Mesh node Cube.035
22:00:17 | INFO: Blender create Mesh node Cube.036
22:00:17 | INFO: Blender create Mesh node Cube.037
22:00:17 | INFO: Blender create Mesh node Cube.038
22:00:17 | INFO: Blender create Mesh node Cube.039
22:00:17 | INFO: Blender create Mesh node Cube.040
22:00:17 | INFO: Blender create Mesh node Cube.041
22:00:17 | INFO: Blender create Mesh node Cube.042
22:00:17 | INFO: Blender create Mesh node Cube.055
22:00:17 | INFO: Blender create Mesh node Cube.056
22:00:17 | INFO: Blender create Mesh node Cube.057
22:00:17 | INFO: Blender create Mesh node Cube.058
22:00:17 | INFO: Blender create Mesh node Cube.059
22:00:17 | INFO: Blender create Mesh node Cube.060
22:00:17 | INFO: Blender create Mesh node Cube.061
22:00:17 | INFO: Blender create Mesh node Cube.062
22:00:17 | INFO: Blender create Mesh node Cube.063
22:00:17 | INFO: Blender create Mesh node Cube.064
22:00:17 | INFO: Blender create Mesh node Cube.065
22:00:17 | INFO: Blender create Mesh node Cube.066
22:00:17 | INFO: Blender create Mesh node Cube.067
22:00:17 | INFO: Blender create Mesh node Cube.068
22:00:17 | INFO: Blender create Mesh node Cube.069
22:00:17 | INFO: Blender create Mesh node Cube.070
22:00:17 | INFO: Blender create Mesh node Cube.071
22:00:17 | INFO: Blender create Mesh node Cube.072
22:00:17 | INFO: Blender create Mesh node Cube.073
22:00:17 | INFO: Blender create Mesh node Cube.074
22:00:17 | INFO: Blender create Mesh node Cube.075
22:00:17 | INFO: Blender create Mesh node Cube.076
22:00:17 | INFO: Blender create Mesh node Cube.077
22:00:17 | INFO: Blender create Mesh node Cube.078
22:00:17 | INFO: Blender create Mesh node Cube.079
22:00:17 | INFO: Blender create Mesh node Cube.080
22:00:17 | INFO: Blender create Mesh node Cube.081
22:00:17 | INFO: Blender create Mesh node Cube.082
22:00:17 | INFO: Blender create Mesh node Cube.083
22:00:17 | INFO: Blender create Mesh node Cube.084
22:00:17 | INFO: Blender create Mesh node Cube.085
22:00:17 | INFO: Blender create Mesh node Cube.086
22:00:17 | INFO: Blender create Mesh node Cube.087
22:00:17 | INFO: Blender create Mesh node Cube.088
22:00:17 | INFO: Blender create Mesh node Cube.089
22:00:17 | INFO: Blender create Mesh node Cube.090
22:00:17 | INFO: Blender create Mesh node Cube.001
22:00:17 | INFO: Blender create Mesh node Cube.006
22:00:17 | INFO: Blender create Mesh node Cube.054
22:00:17 | INFO: Blender create Mesh node Cube.053
22:00:17 | INFO: Blender create Mesh node Cube.101
22:00:17 | INFO: Blender create Mesh node Cylinder
22:00:17 | INFO: Blender create Mesh node Cube
22:00:17 | INFO: Blender create Mesh node Cube.104
22:00:17 | INFO: Blender create Mesh node Cube.106
22:00:17 | INFO: Blender create Mesh node Cube.107
22:00:17 | INFO: Blender create Mesh node Cube.002
22:00:17 | INFO: Blender create Mesh node Cylinder.002
22:00:17 | INFO: Blender create Mesh node Cube.003
22:00:17 | INFO: Blender create Mesh node Cube.052
22:00:17 | INFO: Blender create Mesh node Cube.100
22:00:17 | INFO: Blender create Mesh node Cube.043
22:00:17 | INFO: Blender create Mesh node Cube.044
22:00:17 | INFO: Blender create Mesh node Cube.045
22:00:17 | INFO: Blender create Mesh node Cube.046
22:00:17 | INFO: Blender create Mesh node Cube.047
22:00:17 | INFO: Blender create Mesh node Cube.048
22:00:17 | INFO: Blender create Mesh node Cube.049
22:00:17 | INFO: Blender create Mesh node Cube.050
22:00:17 | INFO: Blender create Mesh node Cube.051
22:00:17 | INFO: Blender create Mesh node Cube.091
22:00:17 | INFO: Blender create Mesh node Cube.092
22:00:17 | INFO: Blender create Mesh node Cube.093
22:00:17 | INFO: Blender create Mesh node Cube.094
22:00:17 | INFO: Blender create Mesh node Cube.095
22:00:17 | INFO: Blender create Mesh node Cube.096
22:00:17 | INFO: Blender create Mesh node Cube.097
22:00:17 | INFO: Blender create Mesh node Cube.098
22:00:17 | INFO: Blender create Mesh node Cube.099
22:00:17 | INFO: Blender create Mesh node Cube.004
22:00:17 | INFO: Blender create Mesh node Guard ring
22:00:17 | INFO: glTF import finished in 0.23s
{"approved": false, "source": "build/guard_thumb_restored_v21/guard.glb", "clip": "aim_dual", "phase": 0.0, "rows": [{"side": "Right", "hand_triangles": 1369, "pierced_hand_triangles": 27, "crossing_pairs_by_part": {"Frame pin": 12, "Grip side panel": 38, "Polymer grip": 20, "Receiver": 24}, "body_crossing_pairs_by_part": {}, "pierced_face_centres_hand_local_m": {"min": [0.025331854820251465, 0.057326607406139374, 0.015949184074997902], "max": [0.037926752120256424, 0.06896542757749557, 0.025131171569228172]}}, {"side": "Left", "hand_triangles": 1375, "pierced_hand_triangles": 27, "crossing_pairs_by_part": {"Frame pin.001": 12, "Grip side panel.001": 38, "Polymer grip": 20, "Receiver": 26}, "body_crossing_pairs_by_part": {}, "pierced_face_centres_hand_local_m": {"min": [-0.037927042692899704, 0.05723843723535538, 0.01641993038356304], "max": [-0.025332098826766014, 0.06896601617336273, 0.025141235440969467]}}], "scope": "Sampled phase, fully hand-weighted faces distal to 5 cm and evaluated non-hand body; segment-triangle crossings in both directions. Does not prove absence of containment, coplanar overlap or contact in other poses."}
Blender 5.2.2 LTS (hash d13f752e3b9c built 2026-09-15 01:37:04)

Blender quit
