22:02:39 | INFO: Data are loaded, start creating Blender stuff
22:02:39 | INFO: Blender create Mesh node Mesh_0
22:02:40 | INFO: glTF import finished in 0.37s
22:02:40 | INFO: Data are loaded, start creating Blender stuff
22:02:40 | INFO: Blender create Mesh node Cylinder.001
22:02:40 | INFO: Blender create Mesh node Cube.103
22:02:40 | INFO: Blender create Mesh node Cube.005
22:02:40 | INFO: Blender create Mesh node Cube.102
22:02:40 | INFO: Blender create Mesh node Cylinder.003
22:02:40 | INFO: Blender create Mesh node Cylinder.004
22:02:40 | INFO: Blender create Mesh node Cube.105
22:02:40 | INFO: Blender create Mesh node Cube.108
22:02:40 | INFO: Blender create Mesh node Cube.007
22:02:40 | INFO: Blender create Mesh node Cube.008
22:02:40 | INFO: Blender create Mesh node Cube.009
22:02:40 | INFO: Blender create Mesh node Cube.010
22:02:40 | INFO: Blender create Mesh node Cube.011
22:02:40 | INFO: Blender create Mesh node Cube.012
22:02:40 | INFO: Blender create Mesh node Cube.013
22:02:40 | INFO: Blender create Mesh node Cube.014
22:02:40 | INFO: Blender create Mesh node Cube.015
22:02:40 | INFO: Blender create Mesh node Cube.016
22:02:40 | INFO: Blender create Mesh node Cube.017
22:02:40 | INFO: Blender create Mesh node Cube.018
22:02:40 | INFO: Blender create Mesh node Cube.019
22:02:40 | INFO: Blender create Mesh node Cube.020
22:02:40 | INFO: Blender create Mesh node Cube.021
22:02:40 | INFO: Blender create Mesh node Cube.022
22:02:40 | INFO: Blender create Mesh node Cube.023
22:02:40 | INFO: Blender create Mesh node Cube.024
22:02:40 | INFO: Blender create Mesh node Cube.025
22:02:40 | INFO: Blender create Mesh node Cube.026
22:02:40 | INFO: Blender create Mesh node Cube.027
22:02:40 | INFO: Blender create Mesh node Cube.028
22:02:40 | INFO: Blender create Mesh node Cube.029
22:02:40 | INFO: Blender create Mesh node Cube.030
22:02:40 | INFO: Blender create Mesh node Cube.031
22:02:40 | INFO: Blender create Mesh node Cube.032
22:02:40 | INFO: Blender create Mesh node Cube.033
22:02:40 | INFO: Blender create Mesh node Cube.034
22:02:40 | INFO: Blender create Mesh node Cube.035
22:02:40 | INFO: Blender create Mesh node Cube.036
22:02:40 | INFO: Blender create Mesh node Cube.037
22:02:40 | INFO: Blender create Mesh node Cube.038
22:02:40 | INFO: Blender create Mesh node Cube.039
22:02:40 | INFO: Blender create Mesh node Cube.040
22:02:40 | INFO: Blender create Mesh node Cube.041
22:02:40 | INFO: Blender create Mesh node Cube.042
22:02:40 | INFO: Blender create Mesh node Cube.055
22:02:40 | INFO: Blender create Mesh node Cube.056
22:02:40 | INFO: Blender create Mesh node Cube.057
22:02:40 | INFO: Blender create Mesh node Cube.058
22:02:40 | INFO: Blender create Mesh node Cube.059
22:02:40 | INFO: Blender create Mesh node Cube.060
22:02:40 | INFO: Blender create Mesh node Cube.061
22:02:40 | INFO: Blender create Mesh node Cube.062
22:02:40 | INFO: Blender create Mesh node Cube.063
22:02:40 | INFO: Blender create Mesh node Cube.064
22:02:40 | INFO: Blender create Mesh node Cube.065
22:02:40 | INFO: Blender create Mesh node Cube.066
22:02:40 | INFO: Blender create Mesh node Cube.067
22:02:40 | INFO: Blender create Mesh node Cube.068
22:02:40 | INFO: Blender create Mesh node Cube.069
22:02:40 | INFO: Blender create Mesh node Cube.070
22:02:40 | INFO: Blender create Mesh node Cube.071
22:02:40 | INFO: Blender create Mesh node Cube.072
22:02:40 | INFO: Blender create Mesh node Cube.073
22:02:40 | INFO: Blender create Mesh node Cube.074
22:02:40 | INFO: Blender create Mesh node Cube.075
22:02:40 | INFO: Blender create Mesh node Cube.076
22:02:40 | INFO: Blender create Mesh node Cube.077
22:02:40 | INFO: Blender create Mesh node Cube.078
22:02:40 | INFO: Blender create Mesh node Cube.079
22:02:40 | INFO: Blender create Mesh node Cube.080
22:02:40 | INFO: Blender create Mesh node Cube.081
22:02:40 | INFO: Blender create Mesh node Cube.082
22:02:40 | INFO: Blender create Mesh node Cube.083
22:02:40 | INFO: Blender create Mesh node Cube.084
22:02:40 | INFO: Blender create Mesh node Cube.085
22:02:40 | INFO: Blender create Mesh node Cube.086
22:02:40 | INFO: Blender create Mesh node Cube.087
22:02:40 | INFO: Blender create Mesh node Cube.088
22:02:40 | INFO: Blender create Mesh node Cube.089
22:02:40 | INFO: Blender create Mesh node Cube.090
22:02:40 | INFO: Blender create Mesh node Cube.001
22:02:40 | INFO: Blender create Mesh node Cube.006
22:02:40 | INFO: Blender create Mesh node Cube.054
22:02:40 | INFO: Blender create Mesh node Cube.053
22:02:40 | INFO: Blender create Mesh node Cube.101
22:02:40 | INFO: Blender create Mesh node Cylinder
22:02:40 | INFO: Blender create Mesh node Cube
22:02:40 | INFO: Blender create Mesh node Cube.104
22:02:40 | INFO: Blender create Mesh node Cube.106
22:02:40 | INFO: Blender create Mesh node Cube.107
22:02:40 | INFO: Blender create Mesh node Cube.002
22:02:40 | INFO: Blender create Mesh node Cylinder.002
22:02:40 | INFO: Blender create Mesh node Cube.003
22:02:40 | INFO: Blender create Mesh node Cube.052
22:02:40 | INFO: Blender create Mesh node Cube.100
22:02:40 | INFO: Blender create Mesh node Cube.043
22:02:40 | INFO: Blender create Mesh node Cube.044
22:02:40 | INFO: Blender create Mesh node Cube.045
22:02:40 | INFO: Blender create Mesh node Cube.046
22:02:40 | INFO: Blender create Mesh node Cube.047
22:02:40 | INFO: Blender create Mesh node Cube.048
22:02:40 | INFO: Blender create Mesh node Cube.049
22:02:40 | INFO: Blender create Mesh node Cube.050
22:02:40 | INFO: Blender create Mesh node Cube.051
22:02:40 | INFO: Blender create Mesh node Cube.091
22:02:40 | INFO: Blender create Mesh node Cube.092
22:02:40 | INFO: Blender create Mesh node Cube.093
22:02:40 | INFO: Blender create Mesh node Cube.094
22:02:40 | INFO: Blender create Mesh node Cube.095
22:02:40 | INFO: Blender create Mesh node Cube.096
22:02:40 | INFO: Blender create Mesh node Cube.097
22:02:40 | INFO: Blender create Mesh node Cube.098
22:02:40 | INFO: Blender create Mesh node Cube.099
22:02:40 | INFO: Blender create Mesh node Cube.004
22:02:40 | INFO: Blender create Mesh node Guard ring
22:02:40 | INFO: glTF import finished in 0.24s
{"approved": false, "source": "build/guard_thumb_restored_v22/guard.glb", "clip": "armed_dual_walk", "phase": 0.0, "rows": [{"side": "Right", "hand_triangles": 1369, "pierced_hand_triangles": 0, "crossing_pairs_by_part": {}, "body_crossing_pairs_by_part": {}, "pierced_face_centres_hand_local_m": null}, {"side": "Left", "hand_triangles": 1375, "pierced_hand_triangles": 0, "crossing_pairs_by_part": {}, "body_crossing_pairs_by_part": {}, "pierced_face_centres_hand_local_m": null}], "scope": "Sampled phase, fully hand-weighted faces distal to 5 cm and evaluated non-hand body; segment-triangle crossings in both directions. Does not prove absence of containment, coplanar overlap or contact in other poses."}
Blender 5.2.2 LTS (hash d13f752e3b9c built 2026-09-15 01:37:04)

Blender quit
