07:09:01 | INFO: Data are loaded, start creating Blender stuff
07:09:01 | INFO: Blender create Mesh node Mesh_0
07:09:02 | INFO: glTF import finished in 0.38s
07:09:02 | INFO: Data are loaded, start creating Blender stuff
07:09:02 | INFO: Blender create Mesh node Cylinder.001
07:09:02 | INFO: Blender create Mesh node Cube.103
07:09:02 | INFO: Blender create Mesh node Cube.005
07:09:02 | INFO: Blender create Mesh node Cube.102
07:09:02 | INFO: Blender create Mesh node Cylinder.003
07:09:02 | INFO: Blender create Mesh node Cylinder.004
07:09:02 | INFO: Blender create Mesh node Cube.105
07:09:02 | INFO: Blender create Mesh node Cube.108
07:09:02 | INFO: Blender create Mesh node Cube.007
07:09:02 | INFO: Blender create Mesh node Cube.008
07:09:02 | INFO: Blender create Mesh node Cube.009
07:09:02 | INFO: Blender create Mesh node Cube.010
07:09:02 | INFO: Blender create Mesh node Cube.011
07:09:02 | INFO: Blender create Mesh node Cube.012
07:09:02 | INFO: Blender create Mesh node Cube.013
07:09:02 | INFO: Blender create Mesh node Cube.014
07:09:02 | INFO: Blender create Mesh node Cube.015
07:09:02 | INFO: Blender create Mesh node Cube.016
07:09:02 | INFO: Blender create Mesh node Cube.017
07:09:02 | INFO: Blender create Mesh node Cube.018
07:09:02 | INFO: Blender create Mesh node Cube.019
07:09:02 | INFO: Blender create Mesh node Cube.020
07:09:02 | INFO: Blender create Mesh node Cube.021
07:09:02 | INFO: Blender create Mesh node Cube.022
07:09:02 | INFO: Blender create Mesh node Cube.023
07:09:02 | INFO: Blender create Mesh node Cube.024
07:09:02 | INFO: Blender create Mesh node Cube.025
07:09:02 | INFO: Blender create Mesh node Cube.026
07:09:02 | INFO: Blender create Mesh node Cube.027
07:09:02 | INFO: Blender create Mesh node Cube.028
07:09:02 | INFO: Blender create Mesh node Cube.029
07:09:02 | INFO: Blender create Mesh node Cube.030
07:09:02 | INFO: Blender create Mesh node Cube.031
07:09:02 | INFO: Blender create Mesh node Cube.032
07:09:02 | INFO: Blender create Mesh node Cube.033
07:09:02 | INFO: Blender create Mesh node Cube.034
07:09:02 | INFO: Blender create Mesh node Cube.035
07:09:02 | INFO: Blender create Mesh node Cube.036
07:09:02 | INFO: Blender create Mesh node Cube.037
07:09:02 | INFO: Blender create Mesh node Cube.038
07:09:02 | INFO: Blender create Mesh node Cube.039
07:09:02 | INFO: Blender create Mesh node Cube.040
07:09:02 | INFO: Blender create Mesh node Cube.041
07:09:02 | INFO: Blender create Mesh node Cube.042
07:09:02 | INFO: Blender create Mesh node Cube.055
07:09:02 | INFO: Blender create Mesh node Cube.056
07:09:02 | INFO: Blender create Mesh node Cube.057
07:09:02 | INFO: Blender create Mesh node Cube.058
07:09:02 | INFO: Blender create Mesh node Cube.059
07:09:02 | INFO: Blender create Mesh node Cube.060
07:09:02 | INFO: Blender create Mesh node Cube.061
07:09:02 | INFO: Blender create Mesh node Cube.062
07:09:02 | INFO: Blender create Mesh node Cube.063
07:09:02 | INFO: Blender create Mesh node Cube.064
07:09:02 | INFO: Blender create Mesh node Cube.065
07:09:02 | INFO: Blender create Mesh node Cube.066
07:09:02 | INFO: Blender create Mesh node Cube.067
07:09:02 | INFO: Blender create Mesh node Cube.068
07:09:02 | INFO: Blender create Mesh node Cube.069
07:09:02 | INFO: Blender create Mesh node Cube.070
07:09:02 | INFO: Blender create Mesh node Cube.071
07:09:02 | INFO: Blender create Mesh node Cube.072
07:09:02 | INFO: Blender create Mesh node Cube.073
07:09:02 | INFO: Blender create Mesh node Cube.074
07:09:02 | INFO: Blender create Mesh node Cube.075
07:09:02 | INFO: Blender create Mesh node Cube.076
07:09:02 | INFO: Blender create Mesh node Cube.077
07:09:02 | INFO: Blender create Mesh node Cube.078
07:09:02 | INFO: Blender create Mesh node Cube.079
07:09:02 | INFO: Blender create Mesh node Cube.080
07:09:02 | INFO: Blender create Mesh node Cube.081
07:09:02 | INFO: Blender create Mesh node Cube.082
07:09:02 | INFO: Blender create Mesh node Cube.083
07:09:02 | INFO: Blender create Mesh node Cube.084
07:09:02 | INFO: Blender create Mesh node Cube.085
07:09:02 | INFO: Blender create Mesh node Cube.086
07:09:02 | INFO: Blender create Mesh node Cube.087
07:09:02 | INFO: Blender create Mesh node Cube.088
07:09:02 | INFO: Blender create Mesh node Cube.089
07:09:02 | INFO: Blender create Mesh node Cube.090
07:09:02 | INFO: Blender create Mesh node Cube.001
07:09:02 | INFO: Blender create Mesh node Cube.006
07:09:02 | INFO: Blender create Mesh node Cube.054
07:09:02 | INFO: Blender create Mesh node Cube.053
07:09:02 | INFO: Blender create Mesh node Cube.101
07:09:02 | INFO: Blender create Mesh node Cylinder
07:09:02 | INFO: Blender create Mesh node Cube
07:09:02 | INFO: Blender create Mesh node Cube.104
07:09:02 | INFO: Blender create Mesh node Cube.106
07:09:02 | INFO: Blender create Mesh node Cube.107
07:09:02 | INFO: Blender create Mesh node Cube.002
07:09:02 | INFO: Blender create Mesh node Cylinder.002
07:09:02 | INFO: Blender create Mesh node Cube.003
07:09:02 | INFO: Blender create Mesh node Cube.052
07:09:02 | INFO: Blender create Mesh node Cube.100
07:09:02 | INFO: Blender create Mesh node Cube.043
07:09:02 | INFO: Blender create Mesh node Cube.044
07:09:02 | INFO: Blender create Mesh node Cube.045
07:09:02 | INFO: Blender create Mesh node Cube.046
07:09:02 | INFO: Blender create Mesh node Cube.047
07:09:02 | INFO: Blender create Mesh node Cube.048
07:09:02 | INFO: Blender create Mesh node Cube.049
07:09:02 | INFO: Blender create Mesh node Cube.050
07:09:02 | INFO: Blender create Mesh node Cube.051
07:09:02 | INFO: Blender create Mesh node Cube.091
07:09:02 | INFO: Blender create Mesh node Cube.092
07:09:02 | INFO: Blender create Mesh node Cube.093
07:09:02 | INFO: Blender create Mesh node Cube.094
07:09:02 | INFO: Blender create Mesh node Cube.095
07:09:02 | INFO: Blender create Mesh node Cube.096
07:09:02 | INFO: Blender create Mesh node Cube.097
07:09:02 | INFO: Blender create Mesh node Cube.098
07:09:02 | INFO: Blender create Mesh node Cube.099
07:09:02 | INFO: Blender create Mesh node Cube.004
07:09:02 | INFO: Blender create Mesh node Guard ring
07:09:02 | INFO: glTF import finished in 0.23s
Info: Saved as "guard.blend"
INFO Draco is available, use library at C:\Program Files\Blender Foundation\Blender 5.2\5.2\scripts\addons_core\io_scene_gltf2\bf_intern_draco_bridge.dll
INFO MeshOptimizer is available, use library at C:\Program Files\Blender Foundation\Blender 5.2\5.2\scripts\addons_core\io_scene_gltf2\bf_intern_meshopt_bridge.dll
07:09:02 | INFO: Starting glTF 2.0 export
07:09:02 | INFO: Extracting primitive: Mesh_0
07:09:02 | INFO: Primitives created: 1
07:09:03 | INFO: Finished glTF 2.0 export in 0.30110597610473633 s

[{'side': 'Right', 'moved_vertices': 284, 'max_shift_m': 0.008695901837266842, 'part_hits': {'Polymer grip': 22, 'Trigger guard': 198, 'Curved trigger': 19, 'Slide catch': 1, 'Receiver': 58, 'Slide catch.001': 6}}, {'side': 'Left', 'moved_vertices': 261, 'max_shift_m': 0.006709257691975532, 'part_hits': {'Slide catch.001': 1, 'Receiver': 65, 'Polymer grip': 44, 'Trigger guard': 158, 'Slide catch': 1, 'Curved trigger': 23}}]
Blender 5.2.2 LTS (hash d13f752e3b9c built 2026-09-15 01:37:04)

Blender quit
