21:05:05 | INFO: Data are loaded, start creating Blender stuff
21:05:05 | INFO: Blender create Mesh node Mesh_0
21:05:06 | INFO: glTF import finished in 0.37s
21:05:06 | INFO: Data are loaded, start creating Blender stuff
21:05:06 | INFO: Blender create Mesh node Cylinder.001
21:05:06 | INFO: Blender create Mesh node Cube.103
21:05:06 | INFO: Blender create Mesh node Cube.005
21:05:06 | INFO: Blender create Mesh node Cube.102
21:05:06 | INFO: Blender create Mesh node Cylinder.003
21:05:06 | INFO: Blender create Mesh node Cylinder.004
21:05:06 | INFO: Blender create Mesh node Cube.105
21:05:06 | INFO: Blender create Mesh node Cube.108
21:05:06 | INFO: Blender create Mesh node Cube.007
21:05:06 | INFO: Blender create Mesh node Cube.008
21:05:06 | INFO: Blender create Mesh node Cube.009
21:05:06 | INFO: Blender create Mesh node Cube.010
21:05:06 | INFO: Blender create Mesh node Cube.011
21:05:06 | INFO: Blender create Mesh node Cube.012
21:05:06 | INFO: Blender create Mesh node Cube.013
21:05:06 | INFO: Blender create Mesh node Cube.014
21:05:06 | INFO: Blender create Mesh node Cube.015
21:05:06 | INFO: Blender create Mesh node Cube.016
21:05:06 | INFO: Blender create Mesh node Cube.017
21:05:06 | INFO: Blender create Mesh node Cube.018
21:05:06 | INFO: Blender create Mesh node Cube.019
21:05:06 | INFO: Blender create Mesh node Cube.020
21:05:06 | INFO: Blender create Mesh node Cube.021
21:05:06 | INFO: Blender create Mesh node Cube.022
21:05:06 | INFO: Blender create Mesh node Cube.023
21:05:06 | INFO: Blender create Mesh node Cube.024
21:05:06 | INFO: Blender create Mesh node Cube.025
21:05:06 | INFO: Blender create Mesh node Cube.026
21:05:06 | INFO: Blender create Mesh node Cube.027
21:05:06 | INFO: Blender create Mesh node Cube.028
21:05:06 | INFO: Blender create Mesh node Cube.029
21:05:06 | INFO: Blender create Mesh node Cube.030
21:05:06 | INFO: Blender create Mesh node Cube.031
21:05:06 | INFO: Blender create Mesh node Cube.032
21:05:06 | INFO: Blender create Mesh node Cube.033
21:05:06 | INFO: Blender create Mesh node Cube.034
21:05:06 | INFO: Blender create Mesh node Cube.035
21:05:06 | INFO: Blender create Mesh node Cube.036
21:05:06 | INFO: Blender create Mesh node Cube.037
21:05:06 | INFO: Blender create Mesh node Cube.038
21:05:06 | INFO: Blender create Mesh node Cube.039
21:05:06 | INFO: Blender create Mesh node Cube.040
21:05:06 | INFO: Blender create Mesh node Cube.041
21:05:06 | INFO: Blender create Mesh node Cube.042
21:05:06 | INFO: Blender create Mesh node Cube.055
21:05:06 | INFO: Blender create Mesh node Cube.056
21:05:06 | INFO: Blender create Mesh node Cube.057
21:05:06 | INFO: Blender create Mesh node Cube.058
21:05:06 | INFO: Blender create Mesh node Cube.059
21:05:06 | INFO: Blender create Mesh node Cube.060
21:05:06 | INFO: Blender create Mesh node Cube.061
21:05:06 | INFO: Blender create Mesh node Cube.062
21:05:06 | INFO: Blender create Mesh node Cube.063
21:05:06 | INFO: Blender create Mesh node Cube.064
21:05:06 | INFO: Blender create Mesh node Cube.065
21:05:06 | INFO: Blender create Mesh node Cube.066
21:05:06 | INFO: Blender create Mesh node Cube.067
21:05:06 | INFO: Blender create Mesh node Cube.068
21:05:06 | INFO: Blender create Mesh node Cube.069
21:05:06 | INFO: Blender create Mesh node Cube.070
21:05:06 | INFO: Blender create Mesh node Cube.071
21:05:06 | INFO: Blender create Mesh node Cube.072
21:05:06 | INFO: Blender create Mesh node Cube.073
21:05:06 | INFO: Blender create Mesh node Cube.074
21:05:06 | INFO: Blender create Mesh node Cube.075
21:05:06 | INFO: Blender create Mesh node Cube.076
21:05:06 | INFO: Blender create Mesh node Cube.077
21:05:06 | INFO: Blender create Mesh node Cube.078
21:05:06 | INFO: Blender create Mesh node Cube.079
21:05:06 | INFO: Blender create Mesh node Cube.080
21:05:06 | INFO: Blender create Mesh node Cube.081
21:05:06 | INFO: Blender create Mesh node Cube.082
21:05:06 | INFO: Blender create Mesh node Cube.083
21:05:06 | INFO: Blender create Mesh node Cube.084
21:05:06 | INFO: Blender create Mesh node Cube.085
21:05:06 | INFO: Blender create Mesh node Cube.086
21:05:06 | INFO: Blender create Mesh node Cube.087
21:05:06 | INFO: Blender create Mesh node Cube.088
21:05:06 | INFO: Blender create Mesh node Cube.089
21:05:06 | INFO: Blender create Mesh node Cube.090
21:05:06 | INFO: Blender create Mesh node Cube.001
21:05:06 | INFO: Blender create Mesh node Cube.006
21:05:06 | INFO: Blender create Mesh node Cube.054
21:05:06 | INFO: Blender create Mesh node Cube.053
21:05:06 | INFO: Blender create Mesh node Cube.101
21:05:06 | INFO: Blender create Mesh node Cylinder
21:05:06 | INFO: Blender create Mesh node Cube
21:05:06 | INFO: Blender create Mesh node Cube.104
21:05:06 | INFO: Blender create Mesh node Cube.106
21:05:06 | INFO: Blender create Mesh node Cube.107
21:05:06 | INFO: Blender create Mesh node Cube.002
21:05:06 | INFO: Blender create Mesh node Cylinder.002
21:05:06 | INFO: Blender create Mesh node Cube.003
21:05:06 | INFO: Blender create Mesh node Cube.052
21:05:06 | INFO: Blender create Mesh node Cube.100
21:05:06 | INFO: Blender create Mesh node Cube.043
21:05:06 | INFO: Blender create Mesh node Cube.044
21:05:06 | INFO: Blender create Mesh node Cube.045
21:05:06 | INFO: Blender create Mesh node Cube.046
21:05:06 | INFO: Blender create Mesh node Cube.047
21:05:06 | INFO: Blender create Mesh node Cube.048
21:05:06 | INFO: Blender create Mesh node Cube.049
21:05:06 | INFO: Blender create Mesh node Cube.050
21:05:06 | INFO: Blender create Mesh node Cube.051
21:05:06 | INFO: Blender create Mesh node Cube.091
21:05:06 | INFO: Blender create Mesh node Cube.092
21:05:06 | INFO: Blender create Mesh node Cube.093
21:05:06 | INFO: Blender create Mesh node Cube.094
21:05:06 | INFO: Blender create Mesh node Cube.095
21:05:06 | INFO: Blender create Mesh node Cube.096
21:05:06 | INFO: Blender create Mesh node Cube.097
21:05:06 | INFO: Blender create Mesh node Cube.098
21:05:06 | INFO: Blender create Mesh node Cube.099
21:05:06 | INFO: Blender create Mesh node Cube.004
21:05:06 | INFO: Blender create Mesh node Guard ring
21:05:06 | INFO: glTF import finished in 0.24s
{"approved": false, "source": "build/guard_lower_grasp_current_v2/guard.glb", "rows": [{"side": "Right", "hand_triangles": 1358, "pierced_hand_triangles": 0, "crossing_pairs_by_part": {}, "pierced_face_centres_hand_local_m": null}, {"side": "Left", "hand_triangles": 1364, "pierced_hand_triangles": 0, "crossing_pairs_by_part": {}, "pierced_face_centres_hand_local_m": null}], "scope": "Dual aim frame 0, fully hand-weighted faces distal to 5 cm; segment-triangle crossings in both directions. Does not prove absence of containment, coplanar overlap or contact in other poses."}
Blender 5.2.2 LTS (hash d13f752e3b9c built 2026-09-15 01:37:04)

Blender quit
