Godot Engine v4.7.2.stable.official.ed1daf0bf - https://godotengine.org

[   0% ] [90m[1mfirst_scan_filesystem[22m | Started Project initialization (5 steps)[39m[0m
[   0% ] [90m[1mfirst_scan_filesystem[22m | Scanning file structure...[39m[0m
[  16% ] [90m[1mfirst_scan_filesystem[22m | Loading global class names...[39m[0m
[  33% ] [90m[1mfirst_scan_filesystem[22m | Verifying GDExtensions...[39m[0m
[  50% ] [90m[1mfirst_scan_filesystem[22m | Creating autoload scripts...[39m[0m
[  66% ] [90m[1mfirst_scan_filesystem[22m | Initializing plugins...[39m[0m
[  83% ] [90m[1mfirst_scan_filesystem[22m | Starting file scan...[39m[0m
[92m[ DONE ][39m [1mfirst_scan_filesystem[22m
[0m
[   0% ] [90m[1mupdate_scripts_classes[22m | Started Registering global classes... (2 steps)[39m[0m
[   0% ] [90m[1mupdate_scripts_classes[22m | [39m[0m
[  33% ] [90m[1mupdate_scripts_classes[22m | [39m[0m
[92m[ DONE ][39m [1mupdate_scripts_classes[22m
[0m
[   0% ] [90m[1m_update_scan_actions[22m | Started Scanning actions... (14 steps)[39m[0m
[   0% ] [90m[1m_update_scan_actions[22m | a.mp3[39m[0m
[   6% ] [90m[1m_update_scan_actions[22m | b.mp3[39m[0m
[  13% ] [90m[1m_update_scan_actions[22m | c3.mp3[39m[0m
[  20% ] [90m[1m_update_scan_actions[22m | c4.mp3[39m[0m
[  26% ] [90m[1m_update_scan_actions[22m | c.mp3[39m[0m
[  33% ] [90m[1m_update_scan_actions[22m | d.mp3[39m[0m
[  40% ] [90m[1m_update_scan_actions[22m | k1.mp3[39m[0m
[  46% ] [90m[1m_update_scan_actions[22m | s1.mp3[39m[0m
[  53% ] [90m[1m_update_scan_actions[22m | s2.mp3[39m[0m
[  60% ] [90m[1m_update_scan_actions[22m | a.mp3[39m[0m
[  66% ] [90m[1m_update_scan_actions[22m | b.mp3[39m[0m
[  73% ] [90m[1m_update_scan_actions[22m | c.mp3[39m[0m
[  80% ] [90m[1m_update_scan_actions[22m | d.mp3[39m[0m
[  86% ] [90m[1m_update_scan_actions[22m | e.mp3[39m[0m
[92m[ DONE ][39m [1m_update_scan_actions[22m
[0m
[   0% ] [90m[1mreimport[22m | Started (Re)Importing Assets (14 steps)[39m[0m
[   0% ] [90m[1mreimport[22m | Preparing files to reimport...[39m[0m
[   6% ] [90m[1mreimport[22m | Preparing files to reimport...[39m[0m
[  13% ] [90m[1mreimport[22m | Preparing files to reimport...[39m[0m
[  20% ] [90m[1mreimport[22m | Preparing files to reimport...[39m[0m
[  26% ] [90m[1mreimport[22m | Preparing files to reimport...[39m[0m
[  33% ] [90m[1mreimport[22m | Preparing files to reimport...[39m[0m
[  40% ] [90m[1mreimport[22m | Preparing files to reimport...[39m[0m
[  46% ] [90m[1mreimport[22m | Preparing files to reimport...[39m[0m
[  53% ] [90m[1mreimport[22m | Preparing files to reimport...[39m[0m
[  60% ] [90m[1mreimport[22m | Preparing files to reimport...[39m[0m
[  66% ] [90m[1mreimport[22m | Preparing files to reimport...[39m[0m
[  73% ] [90m[1mreimport[22m | Preparing files to reimport...[39m[0m
[  80% ] [90m[1mreimport[22m | Preparing files to reimport...[39m[0m
[  86% ] [90m[1mreimport[22m | Preparing files to reimport...[39m[0m
[   0% ] [90m[1mreimport[22m | Executing pre-reimport operations...[39m[0m
[   0% ] [90m[1mreimport[22m | a.mp3[39m[0m
[   6% ] [90m[1mreimport[22m | b.mp3[39m[0m
[  13% ] [90m[1mreimport[22m | c3.mp3[39m[0m
[  20% ] [90m[1mreimport[22m | c4.mp3[39m[0m
[  26% ] [90m[1mreimport[22m | c.mp3[39m[0m
[  33% ] [90m[1mreimport[22m | d.mp3[39m[0m
[  40% ] [90m[1mreimport[22m | k1.mp3[39m[0m
[  46% ] [90m[1mreimport[22m | s1.mp3[39m[0m
[  53% ] [90m[1mreimport[22m | s2.mp3[39m[0m
[  60% ] [90m[1mreimport[22m | a.mp3[39m[0m
[  66% ] [90m[1mreimport[22m | b.mp3[39m[0m
[  73% ] [90m[1mreimport[22m | c.mp3[39m[0m
[  80% ] [90m[1mreimport[22m | d.mp3[39m[0m
[  86% ] [90m[1mreimport[22m | e.mp3[39m[0m
[  93% ] [90m[1mreimport[22m | Finalizing Asset Import...[39m[0m
[92m[ DONE ][39m [1mreimport[22m
[0m
[   0% ] [90m[1mreimport[22m | Started (Re)Importing Assets (14 steps)[39m[0m
[   0% ] [90m[1mreimport[22m | Executing post-reimport operations...[39m[0m
[92m[ DONE ][39m [1mreimport[22m
[0m
[   0% ] [90m[1mloading_editor_layout[22m | Started Loading editor (5 steps)[39m[0m
[   0% ] [90m[1mloading_editor_layout[22m | Loading editor layout...[39m[0m
[  16% ] [90m[1mloading_editor_layout[22m | Loading docks...[39m[0m
[  33% ] [90m[1mloading_editor_layout[22m | Reopening scenes...[39m[0m
[  50% ] [90m[1mloading_editor_layout[22m | Loading central editor layout...[39m[0m
[  66% ] [90m[1mloading_editor_layout[22m | Loading plugin window layout...[39m[0m
[  83% ] [90m[1mloading_editor_layout[22m | Editor layout ready.[39m[0m
[92m[ DONE ][39m [1mloading_editor_layout[22m
[0m
