Godot Engine v4.7.2.stable.official.ed1daf0bf - https://godotengine.org

Checked skin bindings: bellhop
Checked skin bindings: bellhop
Checked skin bindings: biker
Checked skin bindings: biker
Checked skin bindings: boss
Checked skin bindings: boss
Checked skin bindings: buck
Checked skin bindings: buck
Checked skin bindings: burnt
Checked skin bindings: burnt
Checked skin bindings: cass
Checked skin bindings: cass
Checked skin bindings: civilian
Checked skin bindings: civilian
Checked skin bindings: cultist
Checked skin bindings: cultist
Checked skin bindings: demon
Checked skin bindings: demon
Checked skin bindings: fireman
Checked skin bindings: fireman
Checked skin bindings: ghoul
Checked skin bindings: ghoul
Checked skin bindings: guard
Checked skin bindings: guard
Checked skin bindings: gunner
Checked skin bindings: gunner
Checked skin bindings: handler
Checked skin bindings: handler
Checked skin bindings: heavy
Checked skin bindings: heavy
Checked skin bindings: hunter
Checked skin bindings: hunter
Checked skin bindings: riot
Checked skin bindings: riot
Checked skin bindings: scout
Checked skin bindings: scout
Checked skin bindings: scrapper
Checked skin bindings: scrapper
Checked skin bindings: security
Checked skin bindings: security
Checked skin bindings: sniper
Checked skin bindings: sniper
Checked skin bindings: stagehand
Checked skin bindings: stagehand
Checked skin bindings: welder
Checked skin bindings: welder
Checked skin bindings: zombie
Checked skin bindings: zombie
WOUND BINDING REVIEW: 0 failures / 97 surfaces / 48 combinations; max seam gap=0.0
