Godot Engine v4.7.2.stable.official.ed1daf0bf - https://godotengine.org

[level] prewarmed 24 looks in 2228 ms
PASS m01_checkout reachable interactive res://scripts/levels/interactable.gd at (1016.0, 56.0)
PASS m01_checkout reachable interactive res://scripts/levels/interactable.gd at (776.0, 120.0)
PASS m01_checkout reachable interactive  at (104.0, 184.0)
PASS m01_checkout reachable interactive res://scripts/levels/alarm_panel.gd at (88.0, 200.0)
PASS m01_checkout reachable interactive res://scripts/levels/breakable_prop.gd at (1032.0, 200.0)
PASS m01_checkout reachable interactive res://scripts/levels/breakable_prop.gd at (88.0, 392.0)
PASS m01_checkout reachable interactive res://scripts/levels/alarm_panel.gd at (472.0, 584.0)
PASS m01_checkout reachable interactive  at (82.5, 648.0)
PASS m01_checkout reachable interactive res://scripts/levels/interactable.gd at (168.0, 37.0)
PASS m01_checkout reachable interactive res://scripts/levels/interactable.gd at (344.0, 37.0)
PASS m01_checkout reachable interactive res://scripts/levels/interactable.gd at (536.0, 38.0)
PASS m01_checkout reachable interactive res://scripts/levels/interactable.gd at (744.0, 37.0)
PASS m01_checkout reachable interactive res://scripts/levels/interactable.gd at (968.0, 37.0)
PASS m01_checkout reachable interactive res://scripts/levels/interactable.gd at (1000.0, 310.0)
PASS m01_checkout reachable interactive res://scripts/levels/interactable.gd at (248.0, 437.0)
PASS m01_checkout reachable interactive res://scripts/levels/interactable.gd at (392.0, 437.0)
PASS m01_checkout reachable interactive res://scripts/levels/interactable.gd at (600.0, 438.0)
PASS m01_checkout reachable interactive res://scripts/levels/interactable.gd at (816.0, 439.5)
PASS m01_checkout reachable interactive res://scripts/levels/interactable.gd at (216.0, 581.0)
PASS m01_checkout reachable interactive res://scripts/levels/interactable.gd at (328.0, 583.5)
PASS m01_checkout reachable interactive res://scripts/levels/interactable.gd at (488.0, 582.0)
PASS m01_checkout reachable interactive res://scripts/levels/interactable.gd at (648.0, 582.0)
PASS m01_checkout reachable interactive res://scripts/levels/interactable.gd at (728.0, 581.0)
PASS m01_checkout reachable interactive res://scripts/levels/interactable.gd at (1000.0, 264.0)
PASS m01_checkout reachable interactive  at (824.0, 136.0)
PASS m01_checkout reachable interactive  at (200.0, 600.0)
PASS m01_checkout reachable interactive  at (56.0, 776.0)
PASS m01_checkout reachable interactive res://scripts/enemies/npc.gd at (216.0, 56.0)
PASS m01_checkout reachable interactive res://scripts/enemies/npc.gd at (216.0, 456.0)
[level] prewarmed 21 looks in 484 ms
PASS m02_dog_days reachable interactive res://scripts/levels/alarm_panel.gd at (808.0, 40.0)
PASS m02_dog_days reachable interactive res://scripts/levels/interactable.gd at (936.0, 40.0)
PASS m02_dog_days reachable interactive  at (808.0, 152.0)
PASS m02_dog_days reachable interactive  at (520.0, 200.0)
PASS m02_dog_days reachable interactive res://scripts/levels/breakable_prop.gd at (808.0, 216.0)
PASS m02_dog_days reachable interactive res://scripts/levels/breakable_prop.gd at (824.0, 216.0)
PASS m02_dog_days reachable interactive res://scripts/levels/breakable_prop.gd at (856.0, 216.0)
PASS m02_dog_days reachable interactive res://scripts/levels/interactable.gd at (472.0, 280.0)
PASS m02_dog_days reachable interactive  at (200.0, 301.5)
PASS m02_dog_days reachable interactive res://scripts/levels/interactable.gd at (920.0, 21.0)
PASS m02_dog_days reachable interactive res://scripts/levels/interactable.gd at (440.0, 214.0)
PASS m02_dog_days reachable interactive res://scripts/levels/interactable.gd at (520.0, 152.0)
PASS m02_dog_days reachable interactive  at (472.0, 40.0)
PASS m02_dog_days reachable interactive  at (1016.0, 152.0)
PASS m02_dog_days reachable interactive  at (56.0, 664.0)
[level] prewarmed 16 looks in 339 ms
PASS m03_prime_time reachable interactive res://scripts/levels/alarm_panel.gd at (344.0, 40.0)
PASS m03_prime_time reachable interactive res://scripts/levels/breakable_prop.gd at (792.0, 40.0)
PASS m03_prime_time reachable interactive res://scripts/levels/interactable.gd at (1032.0, 40.0)
PASS m03_prime_time reachable interactive res://scripts/levels/interactable.gd at (424.0, 88.0)
PASS m03_prime_time reachable interactive res://scripts/levels/alarm_panel.gd at (840.0, 408.0)
PASS m03_prime_time reachable interactive res://scripts/levels/breakable_prop.gd at (1080.0, 504.0)
PASS m03_prime_time reachable interactive  at (18.5, 584.0)
PASS m03_prime_time reachable interactive  at (338.5, 584.0)
PASS m03_prime_time reachable interactive res://scripts/levels/interactable.gd at (456.0, 69.0)
PASS m03_prime_time reachable interactive res://scripts/levels/interactable.gd at (888.0, 214.0)
PASS m03_prime_time reachable interactive res://scripts/levels/interactable.gd at (1048.0, 214.0)
PASS m03_prime_time reachable interactive res://scripts/levels/interactable.gd at (424.0, 264.0)
PASS m03_prime_time reachable interactive  at (792.0, 232.0)
PASS m03_prime_time reachable interactive  at (312.0, 296.0)
PASS m03_prime_time reachable interactive  at (56.0, 888.0)
PASS m03_prime_time reachable interactive res://scripts/enemies/npc.gd at (72.0, 40.0)
PASS m03_prime_time reachable interactive res://scripts/enemies/npc.gd at (920.0, 328.0)
[level] prewarmed 14 looks in 604 ms
PASS m04_sweet_dreams reachable interactive  at (370.5, 328.0)
PASS m04_sweet_dreams reachable interactive res://scripts/levels/breakable_prop.gd at (840.0, 360.0)
PASS m04_sweet_dreams reachable interactive  at (104.0, 280.0)
PASS m04_sweet_dreams reachable interactive  at (952.0, 536.0)
PASS m04_sweet_dreams reachable interactive  at (1064.0, 920.0)
AUTHORED INTERACTION REACH REVIEW: 0 failures / 66 objects
