bellhop leg cycles 1 unresolved edges 0
bellhop legs cycles 1 unresolved edges 0
biker leg cycles 2 unresolved edges 0
biker legs cycles 1 unresolved edges 0
boss leg cycles 1 unresolved edges 0
boss legs cycles 2 unresolved edges 0
buck leg cycles 4 unresolved edges 0
buck legs cycles 4 unresolved edges 0
burnt leg cycles 1 unresolved edges 0
burnt legs cycles 1 unresolved edges 0
cass leg cycles 1 unresolved edges 0
cass legs cycles 1 unresolved edges 0
civilian leg cycles 1 unresolved edges 0
civilian legs cycles 1 unresolved edges 0
cultist leg cycles 3 unresolved edges 2
cultist legs cycles 2 unresolved edges 0
demon leg cycles 4 unresolved edges 0
demon legs cycles 6 unresolved edges 111
fireman leg cycles 1 unresolved edges 0
fireman legs cycles 1 unresolved edges 0
ghoul leg cycles 6 unresolved edges 0
ghoul legs cycles 6 unresolved edges 67
guard leg cycles 3 unresolved edges 0
guard legs cycles 4 unresolved edges 50
gunner leg cycles 0 unresolved edges 287
gunner legs cycles 0 unresolved edges 346
handler leg cycles 4 unresolved edges 0
handler legs cycles 3 unresolved edges 218
heavy leg cycles 1 unresolved edges 0
heavy legs cycles 1 unresolved edges 0
hunter leg cycles 3 unresolved edges 0
hunter legs cycles 3 unresolved edges 0
riot leg cycles 2 unresolved edges 0
riot legs cycles 2 unresolved edges 0
scout leg cycles 0 unresolved edges 194
scout legs cycles 1 unresolved edges 0
scrapper leg cycles 2 unresolved edges 0
scrapper legs cycles 2 unresolved edges 0
security leg cycles 5 unresolved edges 2
security legs cycles 3 unresolved edges 2
sniper leg cycles 4 unresolved edges 0
sniper legs cycles 4 unresolved edges 0
stagehand leg cycles 1 unresolved edges 0
stagehand legs cycles 1 unresolved edges 0
welder leg cycles 2 unresolved edges 0
welder legs cycles 2 unresolved edges 0
zombie leg cycles 0 unresolved edges 194
zombie legs cycles 0 unresolved edges 177
