Godot Engine v4.7.2.stable.official.ed1daf0bf - https://godotengine.org

bellhop leg open regions=1
bellhop legs open regions=1
biker leg open regions=1
biker legs open regions=1
boss leg open regions=1
boss legs open regions=1
buck leg open regions=1
buck legs open regions=1
burnt leg open regions=1
burnt legs open regions=1
cass leg open regions=1
cass legs open regions=1
civilian leg open regions=1
civilian legs open regions=1
cultist leg open regions=1
cultist legs open regions=1
demon leg open regions=1
demon legs open regions=1
fireman leg open regions=1
fireman legs open regions=1
ghoul leg open regions=1
ghoul legs open regions=1
guard leg open regions=1
guard legs open regions=1
gunner leg open regions=1
gunner legs open regions=1
handler leg open regions=1
handler legs open regions=1
heavy leg open regions=1
heavy legs open regions=1
hunter leg open regions=1
hunter legs open regions=1
riot leg open regions=1
riot legs open regions=1
scout leg open regions=1
scout legs open regions=1
scrapper leg open regions=1
scrapper legs open regions=1
security leg open regions=1
security legs open regions=1
sniper leg open regions=1
sniper legs open regions=1
stagehand leg open regions=1
stagehand legs open regions=1
welder leg open regions=1
welder legs open regions=1
zombie leg open regions=1
zombie legs open regions=1
