Godot Engine v4.7.2.stable.official.ed1daf0bf - https://godotengine.org

PASS Handler uses authored smoke
PASS Dog waits at heel
PASS Leash starts on real left hand
PASS Leash starts on real left hand
PASS Leash starts on real left hand
PASS Leash starts on real left hand
PASS Leash has simulated particles
PASS Physics pins hand anchor
PASS Physics pins collar anchor
PASS Leash stretch bounded at 30 FPS
PASS Leash stretch bounded at 60 FPS
PASS Leash stretch bounded at 120 FPS
PASS Leash stretch bounded at 240 FPS
PASS Resting shape agrees across frame rates
PASS Resting shape agrees across frame rates
PASS Resting shape agrees across frame rates
PASS Resting shape agrees across frame rates
PASS Turns remain stable at 30 FPS
PASS Turns remain stable at 60 FPS
PASS Turns remain stable at 120 FPS
PASS Turns remain stable at 240 FPS
PASS Moving shape agrees across frame rates
PASS Moving shape agrees across frame rates
PASS Moving shape agrees across frame rates
PASS Moving shape agrees across frame rates
PASS Zero delta does not advance rope
PASS Moving dog pulls physical leash
PASS Teleport and long frame keep leash stable
PASS Held handler cannot release dog
PASS Alert releases dog
PASS Release clears leash physics
PASS Alert clears smoking
PASS Alert restores handler weapon
PASS Dog enters active combat
PASS Repeated alert does not repeat release
HANDLER TRANSITION REVIEW: 0 failures []
