Godot Engine v4.7.2.stable.official.ed1daf0bf - https://godotengine.org

bellhop leg preserved=13076 missing=6732 geometry_missing=0
bellhop legs preserved=10086 missing=5133 geometry_missing=0
biker leg preserved=11540 missing=5592 geometry_missing=0
biker legs preserved=7907 missing=4293 geometry_missing=0
boss leg preserved=12702 missing=7094 geometry_missing=0
boss legs preserved=10207 missing=5682 geometry_missing=0
buck leg preserved=10973 missing=6350 geometry_missing=0
buck legs preserved=8363 missing=5062 geometry_missing=0
burnt leg preserved=12932 missing=6273 geometry_missing=0
burnt legs preserved=9269 missing=4557 geometry_missing=0
cass leg preserved=11965 missing=6874 geometry_missing=0
cass legs preserved=10208 missing=6058 geometry_missing=0
civilian leg preserved=11939 missing=6760 geometry_missing=0
civilian legs preserved=9557 missing=5520 geometry_missing=0
cultist leg preserved=9963 missing=5199 geometry_missing=0
cultist legs preserved=7562 missing=3962 geometry_missing=0
demon leg preserved=11993 missing=6164 geometry_missing=0
demon legs preserved=9688 missing=4918 geometry_missing=0
fireman leg preserved=12470 missing=5860 geometry_missing=0
fireman legs preserved=8773 missing=4135 geometry_missing=0
ghoul leg preserved=11235 missing=6347 geometry_missing=0
ghoul legs preserved=7966 missing=4511 geometry_missing=0
guard leg preserved=10828 missing=6079 geometry_missing=0
guard legs preserved=5940 missing=3398 geometry_missing=0
gunner leg preserved=11630 missing=6280 geometry_missing=0
gunner legs preserved=9610 missing=5195 geometry_missing=0
handler leg preserved=11196 missing=5826 geometry_missing=0
handler legs preserved=6592 missing=3318 geometry_missing=0
heavy leg preserved=11575 missing=5713 geometry_missing=0
heavy legs preserved=6877 missing=3490 geometry_missing=0
hunter leg preserved=9802 missing=4915 geometry_missing=0
hunter legs preserved=5693 missing=2759 geometry_missing=0
riot leg preserved=12264 missing=6853 geometry_missing=0
riot legs preserved=8200 missing=4522 geometry_missing=0
scout leg preserved=12525 missing=6716 geometry_missing=0
scout legs preserved=9584 missing=5376 geometry_missing=0
scrapper leg preserved=11036 missing=6200 geometry_missing=0
scrapper legs preserved=7629 missing=4149 geometry_missing=0
security leg preserved=10831 missing=6629 geometry_missing=0
security legs preserved=8916 missing=5522 geometry_missing=0
sniper leg preserved=11519 missing=6175 geometry_missing=0
sniper legs preserved=8829 missing=4550 geometry_missing=0
stagehand leg preserved=12774 missing=7345 geometry_missing=0
stagehand legs preserved=9105 missing=5223 geometry_missing=0
welder leg preserved=10624 missing=5812 geometry_missing=0
welder legs preserved=6616 missing=3613 geometry_missing=0
zombie leg preserved=10694 missing=6186 geometry_missing=0
zombie legs preserved=8330 missing=4898 geometry_missing=0
LIMB PRESERVATION REVIEW: 259818 failures / 739411 protected triangles
