Godot Engine v4.7.2.stable.official.ed1daf0bf - https://godotengine.org

bellhop leg preserved=19808 missing=0 geometry_missing=0
bellhop legs preserved=15219 missing=0 geometry_missing=0
biker leg preserved=17132 missing=0 geometry_missing=0
biker legs preserved=12200 missing=0 geometry_missing=0
boss leg preserved=19796 missing=0 geometry_missing=0
boss legs preserved=15889 missing=0 geometry_missing=0
buck leg preserved=17323 missing=0 geometry_missing=0
buck legs preserved=13425 missing=0 geometry_missing=0
burnt leg preserved=19205 missing=0 geometry_missing=0
burnt legs preserved=13826 missing=0 geometry_missing=0
cass leg preserved=18839 missing=0 geometry_missing=0
cass legs preserved=16266 missing=0 geometry_missing=0
civilian leg preserved=18699 missing=0 geometry_missing=0
civilian legs preserved=15077 missing=0 geometry_missing=0
cultist leg preserved=15162 missing=0 geometry_missing=0
cultist legs preserved=11524 missing=0 geometry_missing=0
demon leg preserved=18157 missing=0 geometry_missing=0
demon legs preserved=14606 missing=0 geometry_missing=0
fireman leg preserved=18330 missing=0 geometry_missing=0
fireman legs preserved=12908 missing=0 geometry_missing=0
ghoul leg preserved=17582 missing=0 geometry_missing=0
ghoul legs preserved=12477 missing=0 geometry_missing=0
guard leg preserved=16907 missing=0 geometry_missing=0
guard legs preserved=9338 missing=0 geometry_missing=0
gunner leg preserved=17910 missing=0 geometry_missing=0
gunner legs preserved=14805 missing=0 geometry_missing=0
handler leg preserved=17022 missing=0 geometry_missing=0
handler legs preserved=9910 missing=0 geometry_missing=0
heavy leg preserved=17288 missing=0 geometry_missing=0
heavy legs preserved=10367 missing=0 geometry_missing=0
hunter leg preserved=14717 missing=0 geometry_missing=0
hunter legs preserved=8452 missing=0 geometry_missing=0
riot leg preserved=19117 missing=0 geometry_missing=0
riot legs preserved=12722 missing=0 geometry_missing=0
scout leg preserved=19241 missing=0 geometry_missing=0
scout legs preserved=14960 missing=0 geometry_missing=0
scrapper leg preserved=17236 missing=0 geometry_missing=0
scrapper legs preserved=11778 missing=0 geometry_missing=0
security leg preserved=17460 missing=0 geometry_missing=0
security legs preserved=14438 missing=0 geometry_missing=0
sniper leg preserved=17694 missing=0 geometry_missing=0
sniper legs preserved=13379 missing=0 geometry_missing=0
stagehand leg preserved=20119 missing=0 geometry_missing=0
stagehand legs preserved=14328 missing=0 geometry_missing=0
welder leg preserved=16436 missing=0 geometry_missing=0
welder legs preserved=10229 missing=0 geometry_missing=0
zombie leg preserved=16880 missing=0 geometry_missing=0
zombie legs preserved=13228 missing=0 geometry_missing=0
LIMB PRESERVATION REVIEW: 0 failures / 739411 protected triangles
