Godot Engine v4.7.2.stable.official.ed1daf0bf - https://godotengine.org

cass walk still playing after 15 seconds
cass run still playing after 15 seconds
cass sneak still playing after 15 seconds
cass armed_walk still playing after 15 seconds
cass armed_run still playing after 15 seconds
cass armed_sneak still playing after 15 seconds
guard walk still playing after 15 seconds
guard run still playing after 15 seconds
guard sneak still playing after 15 seconds
guard armed_walk still playing after 15 seconds
guard armed_run still playing after 15 seconds
guard armed_sneak still playing after 15 seconds
civilian walk still playing after 15 seconds
civilian run still playing after 15 seconds
civilian sneak still playing after 15 seconds
civilian armed_walk still playing after 15 seconds
civilian armed_run still playing after 15 seconds
civilian armed_sneak still playing after 15 seconds
hunter walk still playing after 15 seconds
hunter run still playing after 15 seconds
hunter sneak still playing after 15 seconds
hunter armed_walk still playing after 15 seconds
hunter armed_run still playing after 15 seconds
hunter armed_sneak still playing after 15 seconds
handler walk still playing after 15 seconds
handler run still playing after 15 seconds
handler sneak still playing after 15 seconds
handler armed_walk still playing after 15 seconds
handler armed_run still playing after 15 seconds
handler armed_sneak still playing after 15 seconds
security walk still playing after 15 seconds
security run still playing after 15 seconds
security sneak still playing after 15 seconds
security armed_walk still playing after 15 seconds
security armed_run still playing after 15 seconds
security armed_sneak still playing after 15 seconds
LOCOMOTION REGRESSION: 0 failures
