Godot Engine v4.7.2.stable.official.ed1daf0bf - https://godotengine.org

bellhop walk still playing after 15 seconds
bellhop run still playing after 15 seconds
bellhop sneak still playing after 15 seconds
bellhop armed_walk still playing after 15 seconds
bellhop armed_run still playing after 15 seconds
bellhop armed_sneak still playing after 15 seconds
biker walk still playing after 15 seconds
biker run still playing after 15 seconds
biker sneak still playing after 15 seconds
biker armed_walk still playing after 15 seconds
biker armed_run still playing after 15 seconds
biker armed_sneak still playing after 15 seconds
boss walk still playing after 15 seconds
boss run still playing after 15 seconds
boss sneak still playing after 15 seconds
boss armed_walk still playing after 15 seconds
boss armed_run still playing after 15 seconds
boss armed_sneak still playing after 15 seconds
buck walk still playing after 15 seconds
buck run still playing after 15 seconds
buck sneak still playing after 15 seconds
buck armed_walk still playing after 15 seconds
buck armed_run still playing after 15 seconds
buck armed_sneak still playing after 15 seconds
burnt walk still playing after 15 seconds
burnt run still playing after 15 seconds
burnt sneak still playing after 15 seconds
burnt armed_walk still playing after 15 seconds
burnt armed_run still playing after 15 seconds
burnt armed_sneak still playing after 15 seconds
cass walk still playing after 15 seconds
cass run still playing after 15 seconds
cass sneak still playing after 15 seconds
cass armed_walk still playing after 15 seconds
cass armed_run still playing after 15 seconds
cass armed_sneak still playing after 15 seconds
civilian walk still playing after 15 seconds
civilian run still playing after 15 seconds
civilian sneak still playing after 15 seconds
civilian armed_walk still playing after 15 seconds
civilian armed_run still playing after 15 seconds
civilian armed_sneak still playing after 15 seconds
cultist walk still playing after 15 seconds
cultist run still playing after 15 seconds
cultist sneak still playing after 15 seconds
cultist armed_walk still playing after 15 seconds
cultist armed_run still playing after 15 seconds
cultist armed_sneak still playing after 15 seconds
demon walk still playing after 15 seconds
demon run still playing after 15 seconds
demon sneak still playing after 15 seconds
demon armed_walk still playing after 15 seconds
demon armed_run still playing after 15 seconds
demon armed_sneak still playing after 15 seconds
fireman walk still playing after 15 seconds
fireman run still playing after 15 seconds
fireman sneak still playing after 15 seconds
fireman armed_walk still playing after 15 seconds
fireman armed_run still playing after 15 seconds
fireman armed_sneak still playing after 15 seconds
ghoul walk still playing after 15 seconds
ghoul run still playing after 15 seconds
ghoul sneak still playing after 15 seconds
ghoul armed_walk still playing after 15 seconds
ghoul armed_run still playing after 15 seconds
ghoul armed_sneak still playing after 15 seconds
guard walk still playing after 15 seconds
guard run still playing after 15 seconds
guard sneak still playing after 15 seconds
guard armed_walk still playing after 15 seconds
guard armed_run still playing after 15 seconds
guard armed_sneak still playing after 15 seconds
gunner walk still playing after 15 seconds
gunner run still playing after 15 seconds
gunner sneak still playing after 15 seconds
gunner armed_walk still playing after 15 seconds
gunner armed_run still playing after 15 seconds
gunner armed_sneak still playing after 15 seconds
handler walk still playing after 15 seconds
handler run still playing after 15 seconds
handler sneak still playing after 15 seconds
handler armed_walk still playing after 15 seconds
handler armed_run still playing after 15 seconds
handler armed_sneak still playing after 15 seconds
heavy walk still playing after 15 seconds
heavy run still playing after 15 seconds
heavy sneak still playing after 15 seconds
heavy armed_walk still playing after 15 seconds
heavy armed_run still playing after 15 seconds
heavy armed_sneak still playing after 15 seconds
hunter walk still playing after 15 seconds
hunter run still playing after 15 seconds
hunter sneak still playing after 15 seconds
hunter armed_walk still playing after 15 seconds
hunter armed_run still playing after 15 seconds
hunter armed_sneak still playing after 15 seconds
riot walk still playing after 15 seconds
riot run still playing after 15 seconds
riot sneak still playing after 15 seconds
riot armed_walk still playing after 15 seconds
riot armed_run still playing after 15 seconds
riot armed_sneak still playing after 15 seconds
scout walk still playing after 15 seconds
scout run still playing after 15 seconds
scout sneak still playing after 15 seconds
scout armed_walk still playing after 15 seconds
scout armed_run still playing after 15 seconds
scout armed_sneak still playing after 15 seconds
scrapper walk still playing after 15 seconds
scrapper run still playing after 15 seconds
scrapper sneak still playing after 15 seconds
scrapper armed_walk still playing after 15 seconds
scrapper armed_run still playing after 15 seconds
scrapper armed_sneak still playing after 15 seconds
security walk still playing after 15 seconds
security run still playing after 15 seconds
security sneak still playing after 15 seconds
security armed_walk still playing after 15 seconds
security armed_run still playing after 15 seconds
security armed_sneak still playing after 15 seconds
sniper walk still playing after 15 seconds
sniper run still playing after 15 seconds
sniper sneak still playing after 15 seconds
sniper armed_walk still playing after 15 seconds
sniper armed_run still playing after 15 seconds
sniper armed_sneak still playing after 15 seconds
stagehand walk still playing after 15 seconds
stagehand run still playing after 15 seconds
stagehand sneak still playing after 15 seconds
stagehand armed_walk still playing after 15 seconds
stagehand armed_run still playing after 15 seconds
stagehand armed_sneak still playing after 15 seconds
welder walk still playing after 15 seconds
welder run still playing after 15 seconds
welder sneak still playing after 15 seconds
welder armed_walk still playing after 15 seconds
welder armed_run still playing after 15 seconds
welder armed_sneak still playing after 15 seconds
zombie walk still playing after 15 seconds
zombie run still playing after 15 seconds
zombie sneak still playing after 15 seconds
zombie armed_walk still playing after 15 seconds
zombie armed_run still playing after 15 seconds
zombie armed_sneak still playing after 15 seconds
LOCOMOTION REGRESSION: 0 failures
