Godot Engine v4.7.2.stable.official.ed1daf0bf - https://godotengine.org

[level] prewarmed 24 looks in 2299 ms
PASS m01_checkout flee dolores dir=(1.0, 0.0) travelled=49.35348001495
PASS m01_checkout flee earl dir=(1.0, 0.0) travelled=81.5845326781273
PASS m01_checkout flee dolores dir=(-1.0, 0.0) travelled=81.7507465481758
PASS m01_checkout flee earl dir=(-1.0, 0.0) travelled=81.5018454194069
PASS m01_checkout flee dolores dir=(0.0, -1.0) travelled=81.3340737223625
PASS m01_checkout flee earl dir=(0.0, -1.0) travelled=81.5018452256918
PASS m01_checkout flee dolores dir=(0.0, 1.0) travelled=82.4998931884766
PASS m01_checkout flee earl dir=(0.0, 1.0) travelled=81.7500784397125
[level] prewarmed 21 looks in 469 ms
[level] prewarmed 16 looks in 341 ms
PASS m03_prime_time flee bev dir=(1.0, 0.0) travelled=81.7502124905586
PASS m03_prime_time flee rudy dir=(1.0, 0.0) travelled=81.7518189549446
PASS m03_prime_time flee bev dir=(-1.0, 0.0) travelled=81.9174076914787
PASS m03_prime_time flee rudy dir=(-1.0, 0.0) travelled=82.5018310546875
PASS m03_prime_time flee bev dir=(0.0, -1.0) travelled=81.3335604071617
PASS m03_prime_time flee rudy dir=(0.0, -1.0) travelled=82.499267578125
PASS m03_prime_time flee bev dir=(0.0, 1.0) travelled=82.499870300293
PASS m03_prime_time flee rudy dir=(0.0, 1.0) travelled=82.1695218086243
[level] prewarmed 14 looks in 617 ms
AUTHORED NPC FLEE REVIEW: 0 failures / 16 routes
