Godot Engine v4.7.2.stable.official.ed1daf0bf - https://godotengine.org

[level] prewarmed 24 looks in 2258 ms
PASS m01_checkout e_61,14 (61, 14) -> (58, 12)
PASS m01_checkout e_61,14 (58, 12) -> (62, 16)
PASS m01_checkout e_61,14 (62, 16) -> (61, 14)
PASS m01_checkout e_25,22 (25, 22) -> (34, 22)
PASS m01_checkout e_25,22 (34, 22) -> (34, 13)
PASS m01_checkout e_25,22 (34, 13) -> (19, 13)
PASS m01_checkout e_25,22 (19, 13) -> (19, 22)
PASS m01_checkout e_25,22 (19, 22) -> (25, 22)
PASS m01_checkout e_40,23 (40, 23) -> (48, 23)
PASS m01_checkout e_40,23 (48, 23) -> (48, 14)
PASS m01_checkout e_40,23 (48, 14) -> (40, 23)
PASS m01_checkout e_20,33 (20, 33) -> (44, 33)
PASS m01_checkout e_20,33 (44, 33) -> (20, 33)
PASS m01_checkout e_46,38 (46, 38) -> (44, 37)
PASS m01_checkout e_46,38 (44, 37) -> (51, 39)
PASS m01_checkout e_46,38 (51, 39) -> (46, 38)
PASS m01_checkout e_40,45 (40, 45) -> (52, 45)
PASS m01_checkout e_40,45 (52, 45) -> (52, 50)
PASS m01_checkout e_40,45 (52, 50) -> (26, 51)
PASS m01_checkout e_40,45 (26, 51) -> (26, 45)
PASS m01_checkout e_40,45 (26, 45) -> (40, 45)
[level] prewarmed 21 looks in 510 ms
PASS m02_dog_days e_8,7 (8, 7) -> (8, 12)
PASS m02_dog_days e_8,7 (8, 12) -> (20, 12)
PASS m02_dog_days e_8,7 (20, 12) -> (20, 7)
PASS m02_dog_days e_8,7 (20, 7) -> (8, 7)
PASS m02_dog_days e_44,10 (44, 10) -> (34, 11)
PASS m02_dog_days e_44,10 (34, 11) -> (34, 6)
PASS m02_dog_days e_44,10 (34, 6) -> (44, 6)
PASS m02_dog_days e_44,10 (44, 6) -> (44, 10)
PASS m02_dog_days e_57,16 (57, 16) -> (51, 15)
PASS m02_dog_days e_57,16 (51, 15) -> (61, 13)
PASS m02_dog_days e_57,16 (61, 13) -> (57, 16)
PASS m02_dog_days e_20,31 (20, 31) -> (40, 33)
PASS m02_dog_days e_20,31 (40, 33) -> (40, 26)
PASS m02_dog_days e_20,31 (40, 26) -> (20, 26)
PASS m02_dog_days e_20,31 (20, 26) -> (20, 31)
PASS m02_dog_days e_21,32 (21, 32) -> (41, 34)
PASS m02_dog_days e_21,32 (41, 34) -> (41, 27)
PASS m02_dog_days e_21,32 (41, 27) -> (21, 27)
PASS m02_dog_days e_21,32 (21, 27) -> (21, 32)
[level] prewarmed 16 looks in 342 ms
PASS m03_prime_time e_15,16 (15, 16) -> (9, 16)
PASS m03_prime_time e_15,16 (9, 16) -> (9, 18)
PASS m03_prime_time e_15,16 (9, 18) -> (18, 19)
PASS m03_prime_time e_15,16 (18, 19) -> (15, 16)
PASS m03_prime_time e_55,26 (55, 26) -> (66, 26)
PASS m03_prime_time e_55,26 (66, 26) -> (55, 26)
PASS m03_prime_time e_27,28 (27, 28) -> (27, 31)
PASS m03_prime_time e_27,28 (27, 31) -> (43, 31)
PASS m03_prime_time e_27,28 (43, 31) -> (43, 28)
PASS m03_prime_time e_27,28 (43, 28) -> (27, 28)
PASS m03_prime_time e_8,31 (8, 31) -> (8, 37)
PASS m03_prime_time e_8,31 (8, 37) -> (17, 37)
PASS m03_prime_time e_8,31 (17, 37) -> (17, 31)
PASS m03_prime_time e_8,31 (17, 31) -> (8, 31)
PASS m03_prime_time e_20,46 (20, 46) -> (34, 46)
PASS m03_prime_time e_20,46 (34, 46) -> (34, 51)
PASS m03_prime_time e_20,46 (34, 51) -> (20, 51)
PASS m03_prime_time e_20,46 (20, 51) -> (20, 46)
PASS m03_prime_time e_40,49 (40, 49) -> (54, 49)
PASS m03_prime_time e_40,49 (54, 49) -> (54, 45)
PASS m03_prime_time e_40,49 (54, 45) -> (40, 45)
PASS m03_prime_time e_40,49 (40, 45) -> (40, 49)
[level] prewarmed 14 looks in 822 ms
PATROL ROUTES REVIEW: 0 failures / 62 legs
