WorkerThreadPool: 8 threads, 2 max low-priority.
Godot Engine v4.7.2.stable.official.ed1daf0bf - https://godotengine.org
TextServer: Added interface "Dummy"
TextServer: Added interface "ICU / HarfBuzz / Graphite (Built-in)"
Using "default" pen tablet driver...

TextServer: Primary interface set to: "ICU / HarfBuzz / Graphite (Built-in)".
CORE API HASH: 2004498165
EDITOR API HASH: 1696660745
SceneTreeFTI: traversal method DEFAULT
Loading resource: res://scripts/systems/events.gd remapped: res://scripts/systems/events.gd
Completed load for: 'res://scripts/systems/events.gd' remapped 'res://scripts/systems/events.gd' at thread -1
Loading resource: res://scripts/systems/save_manager.gd remapped: res://scripts/systems/save_manager.gd
Completed load for: 'res://scripts/systems/save_manager.gd' remapped 'res://scripts/systems/save_manager.gd' at thread -1
Loading resource: res://scripts/systems/loc.gd remapped: res://scripts/systems/loc.gd
Completed load for: 'res://scripts/systems/loc.gd' remapped 'res://scripts/systems/loc.gd' at thread -1
Loading resource: res://scripts/systems/input_setup.gd remapped: res://scripts/systems/input_setup.gd
Completed load for: 'res://scripts/systems/input_setup.gd' remapped 'res://scripts/systems/input_setup.gd' at thread -1
Loading resource: res://scripts/systems/audio_manager.gd remapped: res://scripts/systems/audio_manager.gd
Loading resource: res://shaders/painted_shot.gdshader remapped: res://shaders/painted_shot.gdshader
Completed load for: 'res://shaders/painted_shot.gdshader' remapped 'res://shaders/painted_shot.gdshader' at thread -1
Completed load for: 'res://scripts/systems/audio_manager.gd' remapped 'res://scripts/systems/audio_manager.gd' at thread -1
Loading resource: res://scripts/systems/debug_menu.gd remapped: res://scripts/systems/debug_menu.gd
Loading resource: res://assets/art/blender_reload/magazine_loaded.png remapped: res://assets/art/blender_reload/magazine_loaded.png
Loading resource: res://.godot/imported/magazine_loaded.png-8469977a1886b31a8c4a5dc4ebbcf468.ctex remapped: res://.godot/imported/magazine_loaded.png-8469977a1886b31a8c4a5dc4ebbcf468.ctex
Completed load for: 'res://assets/art/blender_reload/magazine_loaded.png' remapped 'res://assets/art/blender_reload/magazine_loaded.png' at thread -1
Loading resource: res://assets/art/blender_reload/magazine_empty.png remapped: res://assets/art/blender_reload/magazine_empty.png
Loading resource: res://.godot/imported/magazine_empty.png-fd99d028b77cb0abc8ea30841b27a255.ctex remapped: res://.godot/imported/magazine_empty.png-fd99d028b77cb0abc8ea30841b27a255.ctex
Completed load for: 'res://assets/art/blender_reload/magazine_empty.png' remapped 'res://assets/art/blender_reload/magazine_empty.png' at thread -1
Loading resource: res://assets/art/blender_reload/spent_brass.png remapped: res://assets/art/blender_reload/spent_brass.png
Loading resource: res://.godot/imported/spent_brass.png-4585a41500456798d748c97a309dc6e3.ctex remapped: res://.godot/imported/spent_brass.png-4585a41500456798d748c97a309dc6e3.ctex
Completed load for: 'res://assets/art/blender_reload/spent_brass.png' remapped 'res://assets/art/blender_reload/spent_brass.png' at thread -1
Loading resource: res://assets/art/blender_reload/spent_shotgun.png remapped: res://assets/art/blender_reload/spent_shotgun.png
Loading resource: res://.godot/imported/spent_shotgun.png-452c6a80372193add59f8f3b778b7511.ctex remapped: res://.godot/imported/spent_shotgun.png-452c6a80372193add59f8f3b778b7511.ctex
Completed load for: 'res://assets/art/blender_reload/spent_shotgun.png' remapped 'res://assets/art/blender_reload/spent_shotgun.png' at thread -1
Completed load for: 'res://scripts/systems/debug_menu.gd' remapped 'res://scripts/systems/debug_menu.gd' at thread -1
Loaded system CA certificates
Loading resource: res://tools/spotlight_review.tscn remapped: res://tools/spotlight_review.tscn
Loading resource: res://tools/spotlight_review.gd remapped: res://tools/spotlight_review.gd
Completed load for: 'res://tools/spotlight_review.gd' remapped 'res://tools/spotlight_review.gd' at thread -1
Completed load for: 'res://tools/spotlight_review.tscn' remapped 'res://tools/spotlight_review.tscn' at thread -1
Loading resource: res://data/missions/m01_checkout.tres remapped: res://data/missions/m01_checkout.tres
Completed load for: 'res://data/missions/m01_checkout.tres' remapped 'res://data/missions/m01_checkout.tres' at thread -1
Loading resource: res://data/missions/m02_dog_days.tres remapped: res://data/missions/m02_dog_days.tres
Completed load for: 'res://data/missions/m02_dog_days.tres' remapped 'res://data/missions/m02_dog_days.tres' at thread -1
Loading resource: res://data/missions/m03_prime_time.tres remapped: res://data/missions/m03_prime_time.tres
Completed load for: 'res://data/missions/m03_prime_time.tres' remapped 'res://data/missions/m03_prime_time.tres' at thread -1
Loading resource: res://data/missions/m04_sweet_dreams.tres remapped: res://data/missions/m04_sweet_dreams.tres
Completed load for: 'res://data/missions/m04_sweet_dreams.tres' remapped 'res://data/missions/m04_sweet_dreams.tres' at thread -1
Loading resource: res://data/characters/bobby.tres remapped: res://data/characters/bobby.tres
Completed load for: 'res://data/characters/bobby.tres' remapped 'res://data/characters/bobby.tres' at thread -1
Loading resource: res://data/characters/cass.tres remapped: res://data/characters/cass.tres
Completed load for: 'res://data/characters/cass.tres' remapped 'res://data/characters/cass.tres' at thread -1
Loading resource: res://data/characters/dana.tres remapped: res://data/characters/dana.tres
Completed load for: 'res://data/characters/dana.tres' remapped 'res://data/characters/dana.tres' at thread -1
Loading resource: res://data/characters/deacon.tres remapped: res://data/characters/deacon.tres
Completed load for: 'res://data/characters/deacon.tres' remapped 'res://data/characters/deacon.tres' at thread -1
Loading resource: res://data/characters/director.tres remapped: res://data/characters/director.tres
Completed load for: 'res://data/characters/director.tres' remapped 'res://data/characters/director.tres' at thread -1
Loading resource: res://data/characters/luz.tres remapped: res://data/characters/luz.tres
Completed load for: 'res://data/characters/luz.tres' remapped 'res://data/characters/luz.tres' at thread -1
Loading resource: res://data/characters/marv.tres remapped: res://data/characters/marv.tres
Completed load for: 'res://data/characters/marv.tres' remapped 'res://data/characters/marv.tres' at thread -1
Loading resource: res://data/characters/nadia.tres remapped: res://data/characters/nadia.tres
Completed load for: 'res://data/characters/nadia.tres' remapped 'res://data/characters/nadia.tres' at thread -1
Loading resource: res://data/characters/tilly.tres remapped: res://data/characters/tilly.tres
Completed load for: 'res://data/characters/tilly.tres' remapped 'res://data/characters/tilly.tres' at thread -1
Loading resource: res://data/characters/wes.tres remapped: res://data/characters/wes.tres
Completed load for: 'res://data/characters/wes.tres' remapped 'res://data/characters/wes.tres' at thread -1
Loading resource: res://shaders/crt_vhs.gdshader remapped: res://shaders/crt_vhs.gdshader
Completed load for: 'res://shaders/crt_vhs.gdshader' remapped 'res://shaders/crt_vhs.gdshader' at thread -1
Loading resource: res://assets/fonts/DejaVuSansMono.ttf remapped: res://assets/fonts/DejaVuSansMono.ttf
Loading resource: res://.godot/imported/DejaVuSansMono.ttf-9a4c8400e0605ada74fff5183c94f917.fontdata remapped: res://.godot/imported/DejaVuSansMono.ttf-9a4c8400e0605ada74fff5183c94f917.fontdata
Completed load for: 'res://assets/fonts/DejaVuSansMono.ttf' remapped 'res://assets/fonts/DejaVuSansMono.ttf' at thread -1
Loading resource: res://assets/fonts/DejaVuSansMono-Bold.ttf remapped: res://assets/fonts/DejaVuSansMono-Bold.ttf
Loading resource: res://.godot/imported/DejaVuSansMono-Bold.ttf-2eecaf3dccb21bcfe2e0ad26b61043b1.fontdata remapped: res://.godot/imported/DejaVuSansMono-Bold.ttf-2eecaf3dccb21bcfe2e0ad26b61043b1.fontdata
Completed load for: 'res://assets/fonts/DejaVuSansMono-Bold.ttf' remapped 'res://assets/fonts/DejaVuSansMono-Bold.ttf' at thread -1
Loading resource: res://assets/characters/baked/l_cass_0.png remapped: res://assets/characters/baked/l_cass_0.png
Loading resource: res://.godot/imported/l_cass_0.png-40d7f74eb1d570dda9e3ee870e6aef77.ctex remapped: res://.godot/imported/l_cass_0.png-40d7f74eb1d570dda9e3ee870e6aef77.ctex
Completed load for: 'res://assets/characters/baked/l_cass_0.png' remapped 'res://assets/characters/baked/l_cass_0.png' at thread -1
Loading resource: res://assets/art/materials/leather.png remapped: res://assets/art/materials/leather.png
Loading resource: res://.godot/imported/leather.png-c1152479338ca8f199ce0fd0abaf89dc.ctex remapped: res://.godot/imported/leather.png-c1152479338ca8f199ce0fd0abaf89dc.ctex
Completed load for: 'res://assets/art/materials/leather.png' remapped 'res://assets/art/materials/leather.png' at thread -1
Loading resource: res://assets/art/cast3d_rt/cass/cass.glb remapped: res://assets/art/cast3d_rt/cass/cass.glb
Loading resource: res://.godot/imported/cass.glb-9bd81c853d161cb0335408ecc49efb18.scn remapped: res://.godot/imported/cass.glb-9bd81c853d161cb0335408ecc49efb18.scn
Loading resource: res://assets/art/cast3d_rt/cass/cass_texture_0.png remapped: res://assets/art/cast3d_rt/cass/cass_texture_0.png
Loading resource: res://.godot/imported/cass_texture_0.png-f392539553c0e0b7ec21f14bcf7ae376.ctex remapped: res://.godot/imported/cass_texture_0.png-f392539553c0e0b7ec21f14bcf7ae376.ctex
Completed load for: 'res://assets/art/cast3d_rt/cass/cass_texture_0.png' remapped 'res://assets/art/cast3d_rt/cass/cass_texture_0.png' at thread -1
Loading resource: res://assets/art/cast3d_rt/cass/cass_hair_auburn.png remapped: res://assets/art/cast3d_rt/cass/cass_hair_auburn.png
Loading resource: res://.godot/imported/cass_hair_auburn.png-b268aa312ba90699d52835454d2d659e.ctex remapped: res://.godot/imported/cass_hair_auburn.png-b268aa312ba90699d52835454d2d659e.ctex
Completed load for: 'res://assets/art/cast3d_rt/cass/cass_hair_auburn.png' remapped 'res://assets/art/cast3d_rt/cass/cass_hair_auburn.png' at thread -1
Completed load for: 'res://assets/art/cast3d_rt/cass/cass.glb' remapped 'res://assets/art/cast3d_rt/cass/cass.glb' at thread -1
PASS No activation during dialogue/input lock
PASS No activation during execution
PASS No activation after death
Loading resource: res://assets/audio/sfx/slowmo_in.wav remapped: res://assets/audio/sfx/slowmo_in.wav
Loading resource: res://.godot/imported/slowmo_in.wav-4964cdccdf5c65ff36958696129e3413.sample remapped: res://.godot/imported/slowmo_in.wav-4964cdccdf5c65ff36958696129e3413.sample
Completed load for: 'res://assets/audio/sfx/slowmo_in.wav' remapped 'res://assets/audio/sfx/slowmo_in.wav' at thread -1
PASS Full charge activates Spotlight
PASS World slows to thirty percent
PASS One real second drains one second at slow motion
PASS Kill rewards half a real second
Loading resource: res://assets/audio/sfx/slowmo_out.wav remapped: res://assets/audio/sfx/slowmo_out.wav
Loading resource: res://.godot/imported/slowmo_out.wav-8997c911ed1913021ba2eeeafe663421.sample remapped: res://.godot/imported/slowmo_out.wav-8997c911ed1913021ba2eeeafe663421.sample
Completed load for: 'res://assets/audio/sfx/slowmo_out.wav' remapped 'res://assets/audio/sfx/slowmo_out.wav' at thread -1
PASS Expiry restores normal time and clamps HUD meter
PASS Expiry disconnects kill callback
PASS Forced end restores normal time
SPOTLIGHT REVIEW: 0 failures
XR: Clearing primary interface
XR: Removed interface "Native mobile"
XR: Removed interface "OpenXR"
Leaked instance: AudioStreamPlaybackWAV:9223372139145463910 - Reference count: 1
Leaked instance: AudioStreamPlaybackWAV:9223372139380344935 - Reference count: 1
Leaked instance: AudioStreamWAV:9223372139095132264 - Reference count: 1
Leaked instance: AudioStreamWAV:9223372139330013290 - Reference count: 1
Hint: Leaked instances typically happen when nodes are removed from the scene tree (with `remove_child()`) but not freed (with `free()` or `queue_free()`).
Resource still in use: res://assets/audio/sfx/slowmo_in.wav (AudioStreamWAV)
Resource still in use: res://assets/audio/sfx/slowmo_out.wav (AudioStreamWAV)
Orphan StringName: SFX (static: 0, total: 2)
StringName: 1 unclaimed string names at exit.
WARNING: 4 ObjectDB instances were leaked at exit (run with `--verbose` for details).
   at: cleanup (core/object/object.cpp:2536)
ERROR: 2 resources still in use at exit.
   at: clear (core/io/resource.cpp:817)
