Godot Engine v4.7.2.stable.official.ed1daf0bf - https://godotengine.org

STATIONARY_AIM bellhop idle -> idle motion={ "LeftFoot": 0.0, "RightFoot": 0.0, "Head": 0.02287192642689 }
STATIONARY_AIM bellhop aim -> aim motion={ "LeftFoot": 0.0, "RightFoot": 0.0, "Head": 0.04866560548544 }
STATIONARY_AIM bellhop aim_dual -> aim_dual motion={ "LeftFoot": 0.0, "RightFoot": 0.0, "Head": 0.04866560548544 }
STATIONARY_AIM biker idle -> idle motion={ "LeftFoot": 0.0, "RightFoot": 0.0, "Head": 0.0257791057229 }
STATIONARY_AIM biker aim -> aim motion={ "LeftFoot": 0.0, "RightFoot": 0.0, "Head": 0.05564934015274 }
STATIONARY_AIM biker aim_dual -> aim_dual motion={ "LeftFoot": 0.0, "RightFoot": 0.0, "Head": 0.05564934015274 }
STATIONARY_AIM boss idle -> idle motion={ "LeftFoot": 0.0, "RightFoot": 0.0, "Head": 0.02533048763871 }
STATIONARY_AIM boss aim -> aim motion={ "LeftFoot": 0.0, "RightFoot": 0.0, "Head": 0.05650992318988 }
STATIONARY_AIM boss aim_dual -> aim_dual motion={ "LeftFoot": 0.0, "RightFoot": 0.0, "Head": 0.05650992318988 }
STATIONARY_AIM buck idle -> idle motion={ "LeftFoot": 0.0, "RightFoot": 0.0, "Head": 0.02386477217078 }
STATIONARY_AIM buck aim -> aim motion={ "LeftFoot": 0.0, "RightFoot": 0.0, "Head": 0.05666823685169 }
STATIONARY_AIM buck aim_dual -> aim_dual motion={ "LeftFoot": 0.0, "RightFoot": 0.0, "Head": 0.05666823685169 }
STATIONARY_AIM burnt idle -> idle motion={ "LeftFoot": 0.0, "RightFoot": 0.0, "Head": 0.02364427223802 }
STATIONARY_AIM burnt aim -> aim motion={ "LeftFoot": 0.0, "RightFoot": 0.0, "Head": 0.05312981829047 }
STATIONARY_AIM burnt aim_dual -> aim_dual motion={ "LeftFoot": 0.0, "RightFoot": 0.0, "Head": 0.05312981829047 }
STATIONARY_AIM civilian idle -> idle motion={ "LeftFoot": 0.0, "RightFoot": 0.0, "Head": 0.02493762597442 }
STATIONARY_AIM civilian aim -> aim motion={ "LeftFoot": 0.0, "RightFoot": 0.0, "Head": 0.05959209427238 }
STATIONARY_AIM civilian aim_dual -> aim_dual motion={ "LeftFoot": 0.0, "RightFoot": 0.0, "Head": 0.05959209427238 }
STATIONARY_AIM cultist idle -> idle motion={ "LeftFoot": 0.0, "RightFoot": 0.0, "Head": 0.02257964573801 }
STATIONARY_AIM cultist aim -> aim motion={ "LeftFoot": 0.0, "RightFoot": 0.0, "Head": 0.05218250304461 }
STATIONARY_AIM cultist aim_dual -> aim_dual motion={ "LeftFoot": 0.0, "RightFoot": 0.0, "Head": 0.05218250304461 }
STATIONARY_AIM demon idle -> idle motion={ "LeftFoot": 0.0, "RightFoot": 0.0, "Head": 0.02057054638863 }
STATIONARY_AIM demon aim -> aim motion={ "LeftFoot": 0.0, "RightFoot": 0.0, "Head": 0.04628710448742 }
STATIONARY_AIM demon aim_dual -> aim_dual motion={ "LeftFoot": 0.0, "RightFoot": 0.0, "Head": 0.04628710448742 }
STATIONARY_AIM fireman idle -> idle motion={ "LeftFoot": 0.0, "RightFoot": 0.0, "Head": 0.02401513978839 }
STATIONARY_AIM fireman aim -> aim motion={ "LeftFoot": 0.0, "RightFoot": 0.0, "Head": 0.05315893515944 }
STATIONARY_AIM fireman aim_dual -> aim_dual motion={ "LeftFoot": 0.0, "RightFoot": 0.0, "Head": 0.05315893515944 }
STATIONARY_AIM ghoul idle -> idle motion={ "LeftFoot": 0.0, "RightFoot": 0.0, "Head": 0.02473698370159 }
STATIONARY_AIM ghoul aim -> aim motion={ "LeftFoot": 0.0, "RightFoot": 0.0, "Head": 0.05247673392296 }
STATIONARY_AIM ghoul aim_dual -> aim_dual motion={ "LeftFoot": 0.0, "RightFoot": 0.0, "Head": 0.05247673392296 }
STATIONARY_AIM guard idle -> idle motion={ "LeftFoot": 0.0, "RightFoot": 0.0, "Head": 0.02322347648442 }
STATIONARY_AIM guard aim -> aim motion={ "LeftFoot": 0.0, "RightFoot": 0.0, "Head": 0.05010380595922 }
STATIONARY_AIM guard aim_dual -> aim_dual motion={ "LeftFoot": 0.0, "RightFoot": 0.0, "Head": 0.05010380595922 }
STATIONARY_AIM gunner idle -> idle motion={ "LeftFoot": 0.0, "RightFoot": 0.0, "Head": 0.01595123298466 }
STATIONARY_AIM gunner aim -> aim motion={ "LeftFoot": 0.0, "RightFoot": 0.0, "Head": 0.03184033185244 }
STATIONARY_AIM gunner aim_dual -> aim_dual motion={ "LeftFoot": 0.0, "RightFoot": 0.0, "Head": 0.03184033185244 }
STATIONARY_AIM handler idle -> idle motion={ "LeftFoot": 0.0, "RightFoot": 0.0, "Head": 0.02509374171495 }
STATIONARY_AIM handler aim -> aim motion={ "LeftFoot": 0.0, "RightFoot": 0.0, "Head": 0.05589072033763 }
STATIONARY_AIM handler aim_dual -> aim_dual motion={ "LeftFoot": 0.0, "RightFoot": 0.0, "Head": 0.05589072033763 }
STATIONARY_AIM heavy idle -> idle motion={ "LeftFoot": 0.0, "RightFoot": 0.0, "Head": 0.02536499127746 }
STATIONARY_AIM heavy aim -> aim motion={ "LeftFoot": 0.0, "RightFoot": 0.0, "Head": 0.05572313442826 }
STATIONARY_AIM heavy aim_dual -> aim_dual motion={ "LeftFoot": 0.0, "RightFoot": 0.0, "Head": 0.05572313442826 }
STATIONARY_AIM hunter idle -> idle motion={ "LeftFoot": 0.0, "RightFoot": 0.0, "Head": 0.02492354996502 }
STATIONARY_AIM hunter aim -> aim motion={ "LeftFoot": 0.0, "RightFoot": 0.0, "Head": 0.05574810504913 }
STATIONARY_AIM hunter aim_dual -> aim_dual motion={ "LeftFoot": 0.0, "RightFoot": 0.0, "Head": 0.05574810504913 }
STATIONARY_AIM riot idle -> idle motion={ "LeftFoot": 0.0, "RightFoot": 0.0, "Head": 0.02356344461441 }
STATIONARY_AIM riot aim -> aim motion={ "LeftFoot": 0.0, "RightFoot": 0.0, "Head": 0.05169864371419 }
STATIONARY_AIM riot aim_dual -> aim_dual motion={ "LeftFoot": 0.0, "RightFoot": 0.0, "Head": 0.05169864371419 }
STATIONARY_AIM scout idle -> idle motion={ "LeftFoot": 0.0, "RightFoot": 0.0, "Head": 0.02239696495235 }
STATIONARY_AIM scout aim -> aim motion={ "LeftFoot": 0.0, "RightFoot": 0.0, "Head": 0.04830339178443 }
STATIONARY_AIM scout aim_dual -> aim_dual motion={ "LeftFoot": 0.0, "RightFoot": 0.0, "Head": 0.04830339178443 }
STATIONARY_AIM scrapper idle -> idle motion={ "LeftFoot": 0.0, "RightFoot": 0.0, "Head": 0.02204981446266 }
STATIONARY_AIM scrapper aim -> aim motion={ "LeftFoot": 0.0, "RightFoot": 0.0, "Head": 0.04849740490317 }
STATIONARY_AIM scrapper aim_dual -> aim_dual motion={ "LeftFoot": 0.0, "RightFoot": 0.0, "Head": 0.04849740490317 }
STATIONARY_AIM security idle -> idle motion={ "LeftFoot": 0.0, "RightFoot": 0.0, "Head": 0.02468122728169 }
STATIONARY_AIM security aim -> aim motion={ "LeftFoot": 0.0, "RightFoot": 0.0, "Head": 0.05512816458941 }
STATIONARY_AIM security aim_dual -> aim_dual motion={ "LeftFoot": 0.0, "RightFoot": 0.0, "Head": 0.05512816458941 }
STATIONARY_AIM sniper idle -> idle motion={ "LeftFoot": 0.0, "RightFoot": 0.0, "Head": 0.01620302349329 }
STATIONARY_AIM sniper aim -> aim motion={ "LeftFoot": 0.0, "RightFoot": 0.0, "Head": 0.03443224728107 }
STATIONARY_AIM sniper aim_dual -> aim_dual motion={ "LeftFoot": 0.0, "RightFoot": 0.0, "Head": 0.03443224728107 }
STATIONARY_AIM stagehand idle -> idle motion={ "LeftFoot": 0.0, "RightFoot": 0.0, "Head": 0.01516934949905 }
STATIONARY_AIM stagehand aim -> aim motion={ "LeftFoot": 0.0, "RightFoot": 0.0, "Head": 0.01524896919727 }
STATIONARY_AIM stagehand aim_dual -> aim_dual motion={ "LeftFoot": 0.0, "RightFoot": 0.0, "Head": 0.01524896919727 }
STATIONARY_AIM welder idle -> idle motion={ "LeftFoot": 0.0, "RightFoot": 0.0, "Head": 0.02312554232776 }
STATIONARY_AIM welder aim -> aim motion={ "LeftFoot": 0.0, "RightFoot": 0.0, "Head": 0.0502321831882 }
STATIONARY_AIM welder aim_dual -> aim_dual motion={ "LeftFoot": 0.0, "RightFoot": 0.0, "Head": 0.0502321831882 }
STATIONARY_AIM zombie idle -> idle motion={ "LeftFoot": 0.0, "RightFoot": 0.0, "Head": 0.02167821861804 }
STATIONARY_AIM zombie aim -> aim motion={ "LeftFoot": 0.0, "RightFoot": 0.0, "Head": 0.05002911761403 }
STATIONARY_AIM zombie aim_dual -> aim_dual motion={ "LeftFoot": 0.0, "RightFoot": 0.0, "Head": 0.05002911761403 }
STATIONARY AIM ANATOMY REVIEW: 69 sampled clips in 23 models
