Godot Engine v4.7.2.stable.official.ed1daf0bf - https://godotengine.org

STATIONARY_AIM bellhop idle -> idle motion={ "LeftFoot": 0.0, "RightFoot": 0.0, "Head": 0.02287192642689 }
STATIONARY_AIM bellhop aim -> aim motion={ "LeftFoot": 0.0, "RightFoot": 0.0, "Head": 0.04866560548544 }
STATIONARY_AIM bellhop aim_dual -> aim_dual motion={ "LeftFoot": 0.0, "RightFoot": 0.0, "Head": 0.04866560548544 }
STATIONARY_AIM biker idle -> idle motion={ "LeftFoot": 0.0, "RightFoot": 0.0, "Head": 0.0257791057229 }
STATIONARY_AIM biker aim -> aim motion={ "LeftFoot": 0.0, "RightFoot": 0.0, "Head": 0.05564934015274 }
STATIONARY_AIM biker aim_dual -> aim_dual motion={ "LeftFoot": 0.0, "RightFoot": 0.0, "Head": 0.05564934015274 }
STATIONARY_AIM boss idle -> idle motion={ "LeftFoot": 0.0, "RightFoot": 0.0, "Head": 0.02533048763871 }
STATIONARY_AIM boss aim -> aim motion={ "LeftFoot": 0.56556761264801, "RightFoot": 0.60752123594284, "Head": 0.05665519461036 }
STATIONARY_AIM boss aim_dual -> aim_dual motion={ "LeftFoot": 0.56556761264801, "RightFoot": 0.60752123594284, "Head": 0.05665519461036 }
STATIONARY_AIM buck idle -> idle motion={ "LeftFoot": 0.0, "RightFoot": 0.0, "Head": 0.02386477217078 }
STATIONARY_AIM buck aim -> aim motion={ "LeftFoot": 0.57275182008743, "RightFoot": 0.63265305757523, "Head": 0.05871823430061 }
STATIONARY_AIM buck aim_dual -> aim_dual motion={ "LeftFoot": 0.57275182008743, "RightFoot": 0.63265305757523, "Head": 0.05871823430061 }
STATIONARY_AIM burnt idle -> idle motion={ "LeftFoot": 0.0, "RightFoot": 0.0, "Head": 0.02364427223802 }
STATIONARY_AIM burnt aim -> aim motion={ "LeftFoot": 0.56589406728745, "RightFoot": 0.61083251237869, "Head": 0.05375913530588 }
STATIONARY_AIM burnt aim_dual -> aim_dual motion={ "LeftFoot": 0.56589406728745, "RightFoot": 0.61083251237869, "Head": 0.05375913530588 }
STATIONARY_AIM civilian idle -> idle motion={ "LeftFoot": 0.0, "RightFoot": 0.0, "Head": 0.02493762597442 }
STATIONARY_AIM civilian aim -> aim motion={ "LeftFoot": 0.56517934799194, "RightFoot": 0.61904096603394, "Head": 0.05616996437311 }
STATIONARY_AIM civilian aim_dual -> aim_dual motion={ "LeftFoot": 0.56517934799194, "RightFoot": 0.61904096603394, "Head": 0.05616996437311 }
STATIONARY_AIM cultist idle -> idle motion={ "LeftFoot": 0.0, "RightFoot": 0.0, "Head": 0.02257964573801 }
STATIONARY_AIM cultist aim -> aim motion={ "LeftFoot": 0.65462571382523, "RightFoot": 0.69745749235153, "Head": 0.05374476313591 }
STATIONARY_AIM cultist aim_dual -> aim_dual motion={ "LeftFoot": 0.65462571382523, "RightFoot": 0.69745749235153, "Head": 0.05374476313591 }
STATIONARY_AIM demon idle -> idle motion={ "LeftFoot": 0.0, "RightFoot": 0.0, "Head": 0.02057054638863 }
STATIONARY_AIM demon aim -> aim motion={ "LeftFoot": 0.6742017865181, "RightFoot": 0.75329625606537, "Head": 0.05086680874228 }
STATIONARY_AIM demon aim_dual -> aim_dual motion={ "LeftFoot": 0.6742017865181, "RightFoot": 0.75329625606537, "Head": 0.05086680874228 }
STATIONARY_AIM fireman idle -> idle motion={ "LeftFoot": 0.0, "RightFoot": 0.0, "Head": 0.02401513978839 }
STATIONARY_AIM fireman aim -> aim motion={ "LeftFoot": 0.63846749067307, "RightFoot": 0.68146097660065, "Head": 0.05879664421082 }
STATIONARY_AIM fireman aim_dual -> aim_dual motion={ "LeftFoot": 0.63846749067307, "RightFoot": 0.68146097660065, "Head": 0.05879664421082 }
STATIONARY_AIM ghoul idle -> idle motion={ "LeftFoot": 0.0, "RightFoot": 0.0, "Head": 0.02473698370159 }
STATIONARY_AIM ghoul aim -> aim motion={ "LeftFoot": 0.63290977478027, "RightFoot": 0.67675089836121, "Head": 0.05101943388581 }
STATIONARY_AIM ghoul aim_dual -> aim_dual motion={ "LeftFoot": 0.63290977478027, "RightFoot": 0.67675089836121, "Head": 0.05101943388581 }
STATIONARY_AIM guard idle -> idle motion={ "LeftFoot": 0.0, "RightFoot": 0.0, "Head": 0.02322347648442 }
STATIONARY_AIM guard aim -> aim motion={ "LeftFoot": 0.0, "RightFoot": 0.0, "Head": 0.05010380595922 }
STATIONARY_AIM guard aim_dual -> aim_dual motion={ "LeftFoot": 0.0, "RightFoot": 0.0, "Head": 0.05010380595922 }
STATIONARY_AIM gunner idle -> idle motion={ "LeftFoot": 0.0, "RightFoot": 0.0, "Head": 0.01595123298466 }
STATIONARY_AIM gunner aim -> aim motion={ "LeftFoot": 0.60784596204758, "RightFoot": 0.6513859629631, "Head": 0.04405272752047 }
STATIONARY_AIM gunner aim_dual -> aim_dual motion={ "LeftFoot": 0.60784596204758, "RightFoot": 0.6513859629631, "Head": 0.04405272752047 }
STATIONARY_AIM handler idle -> idle motion={ "LeftFoot": 0.0, "RightFoot": 0.0, "Head": 0.02509374171495 }
STATIONARY_AIM handler aim -> aim motion={ "LeftFoot": 0.57637321949005, "RightFoot": 0.61917233467102, "Head": 0.05532782897353 }
STATIONARY_AIM handler aim_dual -> aim_dual motion={ "LeftFoot": 0.57637321949005, "RightFoot": 0.61917233467102, "Head": 0.05532782897353 }
STATIONARY_AIM heavy idle -> idle motion={ "LeftFoot": 0.0, "RightFoot": 0.0, "Head": 0.02536499127746 }
STATIONARY_AIM heavy aim -> aim motion={ "LeftFoot": 0.0, "RightFoot": 0.0, "Head": 0.05572313442826 }
STATIONARY_AIM heavy aim_dual -> aim_dual motion={ "LeftFoot": 0.0, "RightFoot": 0.0, "Head": 0.05572313442826 }
STATIONARY_AIM hunter idle -> idle motion={ "LeftFoot": 0.0, "RightFoot": 0.0, "Head": 0.02492354996502 }
STATIONARY_AIM hunter aim -> aim motion={ "LeftFoot": 0.0, "RightFoot": 0.0, "Head": 0.05574810504913 }
STATIONARY_AIM hunter aim_dual -> aim_dual motion={ "LeftFoot": 0.0, "RightFoot": 0.0, "Head": 0.05574810504913 }
STATIONARY_AIM riot idle -> idle motion={ "LeftFoot": 0.0, "RightFoot": 0.0, "Head": 0.02356344461441 }
STATIONARY_AIM riot aim -> aim motion={ "LeftFoot": 0.56176543235779, "RightFoot": 0.60447472333908, "Head": 0.05686776712537 }
STATIONARY_AIM riot aim_dual -> aim_dual motion={ "LeftFoot": 0.56176543235779, "RightFoot": 0.60447472333908, "Head": 0.05686776712537 }
STATIONARY_AIM scout idle -> idle motion={ "LeftFoot": 0.0, "RightFoot": 0.0, "Head": 0.02239696495235 }
STATIONARY_AIM scout aim -> aim motion={ "LeftFoot": 0.52136862277985, "RightFoot": 0.55644643306732, "Head": 0.0524843223393 }
STATIONARY_AIM scout aim_dual -> aim_dual motion={ "LeftFoot": 0.52136862277985, "RightFoot": 0.55644643306732, "Head": 0.0524843223393 }
STATIONARY_AIM scrapper idle -> idle motion={ "LeftFoot": 0.0, "RightFoot": 0.0, "Head": 0.02204981446266 }
STATIONARY_AIM scrapper aim -> aim motion={ "LeftFoot": 0.58457767963409, "RightFoot": 0.63219678401947, "Head": 0.053960185498 }
STATIONARY_AIM scrapper aim_dual -> aim_dual motion={ "LeftFoot": 0.58457767963409, "RightFoot": 0.63219678401947, "Head": 0.053960185498 }
STATIONARY_AIM security idle -> idle motion={ "LeftFoot": 0.0, "RightFoot": 0.0, "Head": 0.02468122728169 }
STATIONARY_AIM security aim -> aim motion={ "LeftFoot": 0.58514142036438, "RightFoot": 0.6288954615593, "Head": 0.05629274994135 }
STATIONARY_AIM security aim_dual -> aim_dual motion={ "LeftFoot": 0.58514142036438, "RightFoot": 0.6288954615593, "Head": 0.05629274994135 }
STATIONARY_AIM sniper idle -> idle motion={ "LeftFoot": 0.0, "RightFoot": 0.0, "Head": 0.01620302349329 }
STATIONARY_AIM sniper aim -> aim motion={ "LeftFoot": 0.54990655183792, "RightFoot": 0.6040153503418, "Head": 0.04650250449777 }
STATIONARY_AIM sniper aim_dual -> aim_dual motion={ "LeftFoot": 0.54990655183792, "RightFoot": 0.6040153503418, "Head": 0.04650250449777 }
STATIONARY_AIM stagehand idle -> idle motion={ "LeftFoot": 0.0, "RightFoot": 0.0, "Head": 0.01516934949905 }
STATIONARY_AIM stagehand aim -> aim motion={ "LeftFoot": 0.47787290811539, "RightFoot": 0.59408730268478, "Head": 0.06582942605019 }
STATIONARY_AIM stagehand aim_dual -> aim_dual motion={ "LeftFoot": 0.47787290811539, "RightFoot": 0.59408730268478, "Head": 0.06582942605019 }
STATIONARY_AIM welder idle -> idle motion={ "LeftFoot": 0.0, "RightFoot": 0.0, "Head": 0.02312554232776 }
STATIONARY_AIM welder aim -> aim motion={ "LeftFoot": 0.54391723871231, "RightFoot": 0.59274023771286, "Head": 0.0555632263422 }
STATIONARY_AIM welder aim_dual -> aim_dual motion={ "LeftFoot": 0.54391723871231, "RightFoot": 0.59274023771286, "Head": 0.0555632263422 }
STATIONARY_AIM zombie idle -> idle motion={ "LeftFoot": 0.0, "RightFoot": 0.0, "Head": 0.02167821861804 }
STATIONARY_AIM zombie aim -> aim motion={ "LeftFoot": 0.54943549633026, "RightFoot": 0.74393624067307, "Head": 0.05358142778277 }
STATIONARY_AIM zombie aim_dual -> aim_dual motion={ "LeftFoot": 0.54943549633026, "RightFoot": 0.74393624067307, "Head": 0.05358142778277 }
STATIONARY AIM ANATOMY REVIEW: 69 sampled clips in 23 models
