Godot Engine v4.7.2.stable.official.ed1daf0bf - https://godotengine.org

STATIONARY_AIM bellhop idle -> idle motion={ "LeftFoot": 0.0, "RightFoot": 0.0, "Head": 0.02353050932288 }
STATIONARY_AIM bellhop aim -> aim motion={ "LeftFoot": 0.0, "RightFoot": 0.0, "Head": 0.04876811057329 }
STATIONARY_AIM bellhop aim_dual -> aim_dual motion={ "LeftFoot": 0.0, "RightFoot": 0.0, "Head": 0.04876811057329 }
STATIONARY_AIM biker idle -> idle motion={ "LeftFoot": 0.0, "RightFoot": 0.0, "Head": 0.02652131021023 }
STATIONARY_AIM biker aim -> aim motion={ "LeftFoot": 0.00000001490116, "RightFoot": 0.00000019514263, "Head": 0.05582413822412 }
STATIONARY_AIM biker aim_dual -> aim_dual motion={ "LeftFoot": 0.00000001490116, "RightFoot": 0.00000019514263, "Head": 0.05582413822412 }
STATIONARY_AIM boss idle -> idle motion={ "LeftFoot": 0.0, "RightFoot": 0.0, "Head": 0.026431446895 }
STATIONARY_AIM boss aim -> aim motion={ "LeftFoot": 0.00000002686345, "RightFoot": 0.00000022806567, "Head": 0.05667188391089 }
STATIONARY_AIM boss aim_dual -> aim_dual motion={ "LeftFoot": 0.00000002686345, "RightFoot": 0.00000022806567, "Head": 0.05667188391089 }
STATIONARY_AIM buck idle -> idle motion={ "LeftFoot": 0.0, "RightFoot": 0.0, "Head": 0.02529709786177 }
STATIONARY_AIM buck aim -> aim motion={ "LeftFoot": 0.00000001490116, "RightFoot": 0.0, "Head": 0.05692532286048 }
STATIONARY_AIM buck aim_dual -> aim_dual motion={ "LeftFoot": 0.00000001490116, "RightFoot": 0.0, "Head": 0.05692532286048 }
STATIONARY_AIM burnt idle -> idle motion={ "LeftFoot": 0.0, "RightFoot": 0.0, "Head": 0.02467193640769 }
STATIONARY_AIM burnt aim -> aim motion={ "LeftFoot": 0.0, "RightFoot": 0.0, "Head": 0.05327800661325 }
STATIONARY_AIM burnt aim_dual -> aim_dual motion={ "LeftFoot": 0.0, "RightFoot": 0.0, "Head": 0.05327800661325 }
STATIONARY_AIM civilian idle -> idle motion={ "LeftFoot": 0.0, "RightFoot": 0.0, "Head": 0.02607792057097 }
STATIONARY_AIM civilian aim -> aim motion={ "LeftFoot": 0.00000008940697, "RightFoot": 0.000000120137, "Head": 0.05976998433471 }
STATIONARY_AIM civilian aim_dual -> aim_dual motion={ "LeftFoot": 0.00000008940697, "RightFoot": 0.000000120137, "Head": 0.05976998433471 }
STATIONARY_AIM cultist idle -> idle motion={ "LeftFoot": 0.0, "RightFoot": 0.0, "Head": 0.02291875332594 }
STATIONARY_AIM cultist aim -> aim motion={ "LeftFoot": 0.00000006143906, "RightFoot": 0.00000002980232, "Head": 0.05232744663954 }
STATIONARY_AIM cultist aim_dual -> aim_dual motion={ "LeftFoot": 0.00000006143906, "RightFoot": 0.00000002980232, "Head": 0.05232744663954 }
STATIONARY_AIM demon idle -> idle motion={ "LeftFoot": 0.0, "RightFoot": 0.0, "Head": 0.0218051597476 }
STATIONARY_AIM demon aim -> aim motion={ "LeftFoot": 0.0, "RightFoot": 0.0, "Head": 0.04641337320209 }
STATIONARY_AIM demon aim_dual -> aim_dual motion={ "LeftFoot": 0.0, "RightFoot": 0.0, "Head": 0.04641337320209 }
STATIONARY_AIM fireman idle -> idle motion={ "LeftFoot": 0.0, "RightFoot": 0.0, "Head": 0.02505895867944 }
STATIONARY_AIM fireman aim -> aim motion={ "LeftFoot": 0.0, "RightFoot": 0.0, "Head": 0.05330175161362 }
STATIONARY_AIM fireman aim_dual -> aim_dual motion={ "LeftFoot": 0.0, "RightFoot": 0.0, "Head": 0.05330175161362 }
STATIONARY_AIM ghoul idle -> idle motion={ "LeftFoot": 0.0, "RightFoot": 0.0, "Head": 0.02539658360183 }
STATIONARY_AIM ghoul aim -> aim motion={ "LeftFoot": 0.00000006365779, "RightFoot": 0.00000005960464, "Head": 0.05260095745325 }
STATIONARY_AIM ghoul aim_dual -> aim_dual motion={ "LeftFoot": 0.00000006365779, "RightFoot": 0.00000005960464, "Head": 0.05260095745325 }
STATIONARY_AIM guard idle -> idle motion={ "LeftFoot": 0.0, "RightFoot": 0.0, "Head": 0.02444132976234 }
STATIONARY_AIM guard aim -> aim motion={ "LeftFoot": 0.0, "RightFoot": 0.0, "Head": 0.05016346648335 }
STATIONARY_AIM guard aim_dual -> aim_dual motion={ "LeftFoot": 0.0, "RightFoot": 0.0, "Head": 0.05016346648335 }
STATIONARY_AIM gunner idle -> idle motion={ "LeftFoot": 0.0, "RightFoot": 0.0, "Head": 0.01662515848875 }
STATIONARY_AIM gunner aim -> aim motion={ "LeftFoot": 0.00000001490116, "RightFoot": 0.00000001666, "Head": 0.03190778940916 }
STATIONARY_AIM gunner aim_dual -> aim_dual motion={ "LeftFoot": 0.00000001490116, "RightFoot": 0.00000001666, "Head": 0.03190778940916 }
STATIONARY_AIM handler idle -> idle motion={ "LeftFoot": 0.0, "RightFoot": 0.0, "Head": 0.02680354937911 }
STATIONARY_AIM handler aim -> aim motion={ "LeftFoot": 0.00000022598729, "RightFoot": 0.00000002980232, "Head": 0.05605172365904 }
STATIONARY_AIM handler aim_dual -> aim_dual motion={ "LeftFoot": 0.00000022598729, "RightFoot": 0.00000002980232, "Head": 0.05605172365904 }
STATIONARY_AIM heavy idle -> idle motion={ "LeftFoot": 0.0, "RightFoot": 0.0, "Head": 0.02609535865486 }
STATIONARY_AIM heavy aim -> aim motion={ "LeftFoot": 0.0, "RightFoot": 0.0, "Head": 0.0557948127389 }
STATIONARY_AIM heavy aim_dual -> aim_dual motion={ "LeftFoot": 0.0, "RightFoot": 0.0, "Head": 0.0557948127389 }
STATIONARY_AIM hunter idle -> idle motion={ "LeftFoot": 0.0, "RightFoot": 0.0, "Head": 0.02623063325882 }
STATIONARY_AIM hunter aim -> aim motion={ "LeftFoot": 0.0, "RightFoot": 0.0, "Head": 0.05579918622971 }
STATIONARY_AIM hunter aim_dual -> aim_dual motion={ "LeftFoot": 0.0, "RightFoot": 0.0, "Head": 0.05579918622971 }
STATIONARY_AIM riot idle -> idle motion={ "LeftFoot": 0.0, "RightFoot": 0.0, "Head": 0.02458755299449 }
STATIONARY_AIM riot aim -> aim motion={ "LeftFoot": 0.0, "RightFoot": 0.0, "Head": 0.051847551018 }
STATIONARY_AIM riot aim_dual -> aim_dual motion={ "LeftFoot": 0.0, "RightFoot": 0.0, "Head": 0.051847551018 }
STATIONARY_AIM scout idle -> idle motion={ "LeftFoot": 0.0, "RightFoot": 0.0, "Head": 0.02341770008206 }
STATIONARY_AIM scout aim -> aim motion={ "LeftFoot": 0.0, "RightFoot": 0.0, "Head": 0.04843249544501 }
STATIONARY_AIM scout aim_dual -> aim_dual motion={ "LeftFoot": 0.0, "RightFoot": 0.0, "Head": 0.04843249544501 }
STATIONARY_AIM scrapper idle -> idle motion={ "LeftFoot": 0.0, "RightFoot": 0.0, "Head": 0.02337324433029 }
STATIONARY_AIM scrapper aim -> aim motion={ "LeftFoot": 0.0, "RightFoot": 0.0, "Head": 0.04862851649523 }
STATIONARY_AIM scrapper aim_dual -> aim_dual motion={ "LeftFoot": 0.0, "RightFoot": 0.0, "Head": 0.04862851649523 }
STATIONARY_AIM security idle -> idle motion={ "LeftFoot": 0.0, "RightFoot": 0.0, "Head": 0.02597553096712 }
STATIONARY_AIM security aim -> aim motion={ "LeftFoot": 0.00000001490116, "RightFoot": 0.00000000745058, "Head": 0.05517894029617 }
STATIONARY_AIM security aim_dual -> aim_dual motion={ "LeftFoot": 0.00000001490116, "RightFoot": 0.00000000745058, "Head": 0.05517894029617 }
STATIONARY_AIM sniper idle -> idle motion={ "LeftFoot": 0.0, "RightFoot": 0.0, "Head": 0.01694144494832 }
STATIONARY_AIM sniper aim -> aim motion={ "LeftFoot": 0.00000003332001, "RightFoot": 0.00000004470348, "Head": 0.03451733291149 }
STATIONARY_AIM sniper aim_dual -> aim_dual motion={ "LeftFoot": 0.00000003332001, "RightFoot": 0.00000004470348, "Head": 0.03451733291149 }
STATIONARY_AIM stagehand idle -> idle motion={ "LeftFoot": 0.0, "RightFoot": 0.0, "Head": 0.01578517071903 }
STATIONARY_AIM stagehand aim -> aim motion={ "LeftFoot": 0.00000027028258, "RightFoot": 0.00000040644949, "Head": 0.01512099243701 }
STATIONARY_AIM stagehand aim_dual -> aim_dual motion={ "LeftFoot": 0.00000027028258, "RightFoot": 0.00000040644949, "Head": 0.01512099243701 }
STATIONARY_AIM welder idle -> idle motion={ "LeftFoot": 0.0, "RightFoot": 0.0, "Head": 0.02413065172732 }
STATIONARY_AIM welder aim -> aim motion={ "LeftFoot": 0.0, "RightFoot": 0.0, "Head": 0.05036815628409 }
STATIONARY_AIM welder aim_dual -> aim_dual motion={ "LeftFoot": 0.0, "RightFoot": 0.0, "Head": 0.05036815628409 }
STATIONARY_AIM zombie idle -> idle motion={ "LeftFoot": 0.0, "RightFoot": 0.0, "Head": 0.02225626446307 }
STATIONARY_AIM zombie aim -> aim motion={ "LeftFoot": 0.00000004214685, "RightFoot": 0.00000008720681, "Head": 0.05033041536808 }
STATIONARY_AIM zombie aim_dual -> aim_dual motion={ "LeftFoot": 0.00000004214685, "RightFoot": 0.00000008720681, "Head": 0.05033041536808 }
STATIONARY AIM ANATOMY REVIEW: 69 sampled clips in 23 models
