Godot Engine v4.7.2.stable.official.ed1daf0bf - https://godotengine.org

bellhop arm open regions=1
biker arm open regions=1
boss arm open regions=1
buck arm open regions=1
burnt arm open regions=1
cass arm open regions=1
civilian arm open regions=1
cultist arm open regions=1
demon arm open regions=1
fireman arm open regions=1
ghoul arm open regions=1
guard arm open regions=1
gunner arm open regions=1
handler arm open regions=1
heavy arm open regions=1
hunter arm open regions=1
riot arm open regions=1
scout arm open regions=1
scrapper arm open regions=1
security arm open regions=1
sniper arm open regions=1
stagehand arm open regions=1
welder arm open regions=1
zombie arm open regions=1
