bellhop head cycles 2 unresolved edges 0
bellhop arm cycles 1 unresolved edges 0
bellhop leg cycles 1 unresolved edges 0
bellhop legs cycles 1 unresolved edges 0
biker head cycles 2 unresolved edges 0
biker arm cycles 1 unresolved edges 0
biker leg cycles 3 unresolved edges 0
biker legs cycles 3 unresolved edges 0
boss head cycles 1 unresolved edges 0
boss arm cycles 1 unresolved edges 0
boss leg cycles 2 unresolved edges 0
boss legs cycles 4 unresolved edges 0
buck head cycles 3 unresolved edges 0
buck arm cycles 1 unresolved edges 0
buck leg cycles 2 unresolved edges 0
buck legs cycles 3 unresolved edges 0
burnt head cycles 1 unresolved edges 0
burnt arm cycles 1 unresolved edges 0
burnt leg cycles 1 unresolved edges 0
burnt legs cycles 1 unresolved edges 0
cass head cycles 2 unresolved edges 12
cass arm cycles 6 unresolved edges 0
cass leg cycles 1 unresolved edges 0
cass legs cycles 1 unresolved edges 0
civilian head cycles 1 unresolved edges 0
civilian arm cycles 1 unresolved edges 0
civilian leg cycles 1 unresolved edges 0
civilian legs cycles 4 unresolved edges 0
cultist head cycles 2 unresolved edges 0
cultist arm cycles 2 unresolved edges 0
cultist leg cycles 4 unresolved edges 0
cultist legs cycles 2 unresolved edges 0
demon head cycles 3 unresolved edges 0
demon arm cycles 2 unresolved edges 0
demon leg cycles 3 unresolved edges 0
demon legs cycles 3 unresolved edges 0
fireman head cycles 2 unresolved edges 0
fireman arm cycles 1 unresolved edges 0
fireman leg cycles 1 unresolved edges 0
fireman legs cycles 1 unresolved edges 0
ghoul head cycles 2 unresolved edges 0
ghoul arm cycles 2 unresolved edges 0
ghoul leg cycles 4 unresolved edges 0
ghoul legs cycles 7 unresolved edges 0
guard head cycles 5 unresolved edges 0
guard arm cycles 1 unresolved edges 0
guard leg cycles 5 unresolved edges 1
guard legs cycles 1 unresolved edges 0
gunner head cycles 1 unresolved edges 0
gunner arm cycles 3 unresolved edges 0
gunner leg cycles 2 unresolved edges 0
gunner legs cycles 4 unresolved edges 0
handler head cycles 1 unresolved edges 0
handler arm cycles 1 unresolved edges 0
handler leg cycles 1 unresolved edges 0
handler legs cycles 2 unresolved edges 0
heavy head cycles 1 unresolved edges 0
heavy arm cycles 2 unresolved edges 0
heavy leg cycles 2 unresolved edges 2
heavy legs cycles 2 unresolved edges 0
hunter head cycles 1 unresolved edges 0
hunter arm cycles 2 unresolved edges 0
hunter leg cycles 1 unresolved edges 0
hunter legs cycles 2 unresolved edges 0
riot head cycles 1 unresolved edges 0
riot arm cycles 2 unresolved edges 0
riot leg cycles 1 unresolved edges 0
riot legs cycles 6 unresolved edges 0
scout head cycles 1 unresolved edges 0
scout arm cycles 1 unresolved edges 0
scout leg cycles 1 unresolved edges 0
scout legs cycles 1 unresolved edges 0
scrapper head cycles 1 unresolved edges 0
scrapper arm cycles 1 unresolved edges 0
scrapper leg cycles 2 unresolved edges 0
scrapper legs cycles 1 unresolved edges 0
security head cycles 2 unresolved edges 0
security arm cycles 2 unresolved edges 0
security leg cycles 7 unresolved edges 18
security legs cycles 3 unresolved edges 0
sniper head cycles 4 unresolved edges 0
sniper arm cycles 1 unresolved edges 0
sniper leg cycles 2 unresolved edges 0
sniper legs cycles 1 unresolved edges 0
stagehand head cycles 1 unresolved edges 0
stagehand arm cycles 1 unresolved edges 0
stagehand leg cycles 1 unresolved edges 0
stagehand legs cycles 1 unresolved edges 0
welder head cycles 2 unresolved edges 0
welder arm cycles 1 unresolved edges 0
welder leg cycles 2 unresolved edges 0
welder legs cycles 1 unresolved edges 0
zombie head cycles 1 unresolved edges 0
zombie arm cycles 3 unresolved edges 0
zombie leg cycles 1 unresolved edges 0
zombie legs cycles 1 unresolved edges 0
