Godot Engine v4.7.2.stable.official.ed1daf0bf - https://godotengine.org

PASS punch has a visible hand stroke
PASS punch recovers its starting hand pose
PASS punch is fully extended at damage contact
punch reach=4.98086357116699 peak=62 endpoint gap=0.47722262144089
PASS punch_left has a visible hand stroke
PASS punch_left recovers its starting hand pose
PASS punch_left is fully extended at damage contact
punch_left reach=4.99600648880005 peak=62 endpoint gap=0.47800117731094
PASS melee has a visible hand stroke
PASS melee recovers its starting hand pose
melee reach=5.93028926849365 peak=27 endpoint gap=0.09244228154421
PASS grab has a visible hand stroke
PASS grab recovers its starting hand pose
grab reach=10.0351457595825 peak=26 endpoint gap=0.24036380648613
PASS held has a visible hand stroke
PASS held recovers its starting hand pose
held reach=5.16200828552246 peak=71 endpoint gap=0.04434421285987
PASS stab has a visible hand stroke
PASS stab recovers its starting hand pose
PASS knife reaches contact at its damage timing
stab reach=4.06765270233154 peak=62 endpoint gap=0.47251218557358
PASS attack start does not flash a fallback arm
PASS punch 0: body preserves committed contact direction while aim changes
PASS authored attack has no fallback arm
PASS trail follows attack phase and moving body
PASS roll releases committed attack
PASS roll cancels the attack trail
PASS attack start does not flash a fallback arm
PASS punch 1: body preserves committed contact direction while aim changes
PASS authored attack has no fallback arm
PASS trail follows attack phase and moving body
PASS roll releases committed attack
PASS roll cancels the attack trail
PASS attack start does not flash a fallback arm
PASS punch 2: body preserves committed contact direction while aim changes
PASS authored attack has no fallback arm
PASS trail follows attack phase and moving body
PASS roll releases committed attack
PASS roll cancels the attack trail
PASS attack start does not flash a fallback arm
PASS punch 3: body preserves committed contact direction while aim changes
PASS authored attack has no fallback arm
PASS trail follows attack phase and moving body
PASS roll releases committed attack
PASS roll cancels the attack trail
PASS attack start does not flash a fallback arm
PASS punch 4: body preserves committed contact direction while aim changes
PASS authored attack has no fallback arm
PASS trail follows attack phase and moving body
PASS roll releases committed attack
PASS roll cancels the attack trail
PASS attack start does not flash a fallback arm
PASS punch 5: body preserves committed contact direction while aim changes
PASS authored attack has no fallback arm
PASS trail follows attack phase and moving body
PASS roll releases committed attack
PASS roll cancels the attack trail
PASS attack start does not flash a fallback arm
PASS punch 6: body preserves committed contact direction while aim changes
PASS authored attack has no fallback arm
PASS trail follows attack phase and moving body
PASS roll releases committed attack
PASS roll cancels the attack trail
PASS attack start does not flash a fallback arm
PASS punch 7: body preserves committed contact direction while aim changes
PASS authored attack has no fallback arm
PASS trail follows attack phase and moving body
PASS roll releases committed attack
PASS roll cancels the attack trail
PASS attack start does not flash a fallback arm
PASS knife 0: body preserves committed contact direction while aim changes
PASS authored attack has no fallback arm
PASS trail follows attack phase and moving body
PASS roll releases committed attack
PASS roll cancels the attack trail
PASS attack start does not flash a fallback arm
PASS knife 1: body preserves committed contact direction while aim changes
PASS authored attack has no fallback arm
PASS trail follows attack phase and moving body
PASS roll releases committed attack
PASS roll cancels the attack trail
PASS attack start does not flash a fallback arm
PASS knife 2: body preserves committed contact direction while aim changes
PASS authored attack has no fallback arm
PASS trail follows attack phase and moving body
PASS roll releases committed attack
PASS roll cancels the attack trail
PASS attack start does not flash a fallback arm
PASS knife 3: body preserves committed contact direction while aim changes
PASS authored attack has no fallback arm
PASS trail follows attack phase and moving body
PASS roll releases committed attack
PASS roll cancels the attack trail
PASS attack start does not flash a fallback arm
PASS knife 4: body preserves committed contact direction while aim changes
PASS authored attack has no fallback arm
PASS trail follows attack phase and moving body
PASS roll releases committed attack
PASS roll cancels the attack trail
PASS attack start does not flash a fallback arm
PASS knife 5: body preserves committed contact direction while aim changes
PASS authored attack has no fallback arm
PASS trail follows attack phase and moving body
PASS roll releases committed attack
PASS roll cancels the attack trail
PASS attack start does not flash a fallback arm
PASS knife 6: body preserves committed contact direction while aim changes
PASS authored attack has no fallback arm
PASS trail follows attack phase and moving body
PASS roll releases committed attack
PASS roll cancels the attack trail
PASS attack start does not flash a fallback arm
PASS knife 7: body preserves committed contact direction while aim changes
PASS authored attack has no fallback arm
PASS trail follows attack phase and moving body
PASS roll releases committed attack
PASS roll cancels the attack trail
PASS attack start does not flash a fallback arm
PASS bat 0: body preserves committed contact direction while aim changes
PASS authored attack has no fallback arm
PASS trail follows attack phase and moving body
PASS trail direction matches authored Blender arc
PASS roll releases committed attack
PASS roll cancels the attack trail
PASS attack start does not flash a fallback arm
PASS bat 1: body preserves committed contact direction while aim changes
PASS authored attack has no fallback arm
PASS trail follows attack phase and moving body
PASS trail direction matches authored Blender arc
PASS roll releases committed attack
PASS roll cancels the attack trail
PASS attack start does not flash a fallback arm
PASS bat 2: body preserves committed contact direction while aim changes
PASS authored attack has no fallback arm
PASS trail follows attack phase and moving body
PASS trail direction matches authored Blender arc
PASS roll releases committed attack
PASS roll cancels the attack trail
PASS attack start does not flash a fallback arm
PASS bat 3: body preserves committed contact direction while aim changes
PASS authored attack has no fallback arm
PASS trail follows attack phase and moving body
PASS trail direction matches authored Blender arc
PASS roll releases committed attack
PASS roll cancels the attack trail
PASS attack start does not flash a fallback arm
PASS bat 4: body preserves committed contact direction while aim changes
PASS authored attack has no fallback arm
PASS trail follows attack phase and moving body
PASS trail direction matches authored Blender arc
PASS roll releases committed attack
PASS roll cancels the attack trail
PASS attack start does not flash a fallback arm
PASS bat 5: body preserves committed contact direction while aim changes
PASS authored attack has no fallback arm
PASS trail follows attack phase and moving body
PASS trail direction matches authored Blender arc
PASS roll releases committed attack
PASS roll cancels the attack trail
PASS attack start does not flash a fallback arm
PASS bat 6: body preserves committed contact direction while aim changes
PASS authored attack has no fallback arm
PASS trail follows attack phase and moving body
PASS trail direction matches authored Blender arc
PASS roll releases committed attack
PASS roll cancels the attack trail
PASS attack start does not flash a fallback arm
PASS bat 7: body preserves committed contact direction while aim changes
PASS authored attack has no fallback arm
PASS trail follows attack phase and moving body
PASS trail direction matches authored Blender arc
PASS roll releases committed attack
PASS roll cancels the attack trail
COMBAT ANIMATION REGRESSION: 0 failures
