Godot Engine v4.7.2.stable.official.ed1daf0bf - https://godotengine.org

PASS punch has a visible hand stroke
PASS punch recovers its starting hand pose
PASS punch reaches extension at damage contact
punch reach=4.34468603134155 peak=53 endpoint gap=0.22578477859497
PASS punch_left has a visible hand stroke
PASS punch_left recovers its starting hand pose
PASS punch_left reaches extension at damage contact
punch_left reach=4.33911275863647 peak=53 endpoint gap=0.22624669969082
PASS melee has a visible hand stroke
PASS melee recovers its starting hand pose
melee reach=5.93030977249146 peak=27 endpoint gap=0.09247066825628
PASS grab has a visible hand stroke
PASS grab recovers its starting hand pose
grab reach=10.0352048873901 peak=26 endpoint gap=0.24036674201488
PASS held has a visible hand stroke
PASS held recovers its starting hand pose
held reach=5.16207981109619 peak=71 endpoint gap=0.04434402659535
PASS stab has a visible hand stroke
PASS stab recovers its starting hand pose
PASS knife reaches contact at its damage timing
stab reach=4.06765270233154 peak=62 endpoint gap=0.47251218557358
PASS attack start does not flash a fallback arm
PASS punch 0: body preserves committed contact direction while aim changes
PASS authored attack has no fallback arm
PASS trail follows attack phase and moving body
PASS roll releases committed attack
PASS roll cancels the attack trail
PASS attack start does not flash a fallback arm
PASS punch 1: body preserves committed contact direction while aim changes
PASS authored attack has no fallback arm
PASS trail follows attack phase and moving body
PASS roll releases committed attack
PASS roll cancels the attack trail
PASS attack start does not flash a fallback arm
PASS punch 2: body preserves committed contact direction while aim changes
PASS authored attack has no fallback arm
PASS trail follows attack phase and moving body
PASS roll releases committed attack
PASS roll cancels the attack trail
PASS attack start does not flash a fallback arm
PASS punch 3: body preserves committed contact direction while aim changes
PASS authored attack has no fallback arm
PASS trail follows attack phase and moving body
PASS roll releases committed attack
PASS roll cancels the attack trail
PASS attack start does not flash a fallback arm
PASS punch 4: body preserves committed contact direction while aim changes
PASS authored attack has no fallback arm
PASS trail follows attack phase and moving body
PASS roll releases committed attack
PASS roll cancels the attack trail
PASS attack start does not flash a fallback arm
PASS punch 5: body preserves committed contact direction while aim changes
PASS authored attack has no fallback arm
PASS trail follows attack phase and moving body
PASS roll releases committed attack
PASS roll cancels the attack trail
PASS attack start does not flash a fallback arm
PASS punch 6: body preserves committed contact direction while aim changes
PASS authored attack has no fallback arm
PASS trail follows attack phase and moving body
PASS roll releases committed attack
PASS roll cancels the attack trail
PASS attack start does not flash a fallback arm
PASS punch 7: body preserves committed contact direction while aim changes
PASS authored attack has no fallback arm
PASS trail follows attack phase and moving body
PASS roll releases committed attack
PASS roll cancels the attack trail
PASS attack start does not flash a fallback arm
PASS knife 0: body preserves committed contact direction while aim changes
PASS authored attack has no fallback arm
PASS trail follows attack phase and moving body
PASS roll releases committed attack
PASS roll cancels the attack trail
PASS attack start does not flash a fallback arm
PASS knife 1: body preserves committed contact direction while aim changes
PASS authored attack has no fallback arm
PASS trail follows attack phase and moving body
PASS roll releases committed attack
PASS roll cancels the attack trail
PASS attack start does not flash a fallback arm
PASS knife 2: body preserves committed contact direction while aim changes
PASS authored attack has no fallback arm
PASS trail follows attack phase and moving body
PASS roll releases committed attack
PASS roll cancels the attack trail
PASS attack start does not flash a fallback arm
PASS knife 3: body preserves committed contact direction while aim changes
PASS authored attack has no fallback arm
PASS trail follows attack phase and moving body
PASS roll releases committed attack
PASS roll cancels the attack trail
PASS attack start does not flash a fallback arm
PASS knife 4: body preserves committed contact direction while aim changes
PASS authored attack has no fallback arm
PASS trail follows attack phase and moving body
PASS roll releases committed attack
PASS roll cancels the attack trail
PASS attack start does not flash a fallback arm
PASS knife 5: body preserves committed contact direction while aim changes
PASS authored attack has no fallback arm
PASS trail follows attack phase and moving body
PASS roll releases committed attack
PASS roll cancels the attack trail
PASS attack start does not flash a fallback arm
PASS knife 6: body preserves committed contact direction while aim changes
PASS authored attack has no fallback arm
PASS trail follows attack phase and moving body
PASS roll releases committed attack
PASS roll cancels the attack trail
PASS attack start does not flash a fallback arm
PASS knife 7: body preserves committed contact direction while aim changes
PASS authored attack has no fallback arm
PASS trail follows attack phase and moving body
PASS roll releases committed attack
PASS roll cancels the attack trail
PASS attack start does not flash a fallback arm
PASS bat 0: body preserves committed contact direction while aim changes
PASS authored attack has no fallback arm
PASS trail follows attack phase and moving body
PASS trail direction matches authored Blender arc
PASS roll releases committed attack
PASS roll cancels the attack trail
PASS attack start does not flash a fallback arm
PASS bat 1: body preserves committed contact direction while aim changes
PASS authored attack has no fallback arm
PASS trail follows attack phase and moving body
PASS trail direction matches authored Blender arc
PASS roll releases committed attack
PASS roll cancels the attack trail
PASS attack start does not flash a fallback arm
PASS bat 2: body preserves committed contact direction while aim changes
PASS authored attack has no fallback arm
PASS trail follows attack phase and moving body
PASS trail direction matches authored Blender arc
PASS roll releases committed attack
PASS roll cancels the attack trail
PASS attack start does not flash a fallback arm
PASS bat 3: body preserves committed contact direction while aim changes
PASS authored attack has no fallback arm
PASS trail follows attack phase and moving body
PASS trail direction matches authored Blender arc
PASS roll releases committed attack
PASS roll cancels the attack trail
PASS attack start does not flash a fallback arm
PASS bat 4: body preserves committed contact direction while aim changes
PASS authored attack has no fallback arm
PASS trail follows attack phase and moving body
PASS trail direction matches authored Blender arc
PASS roll releases committed attack
PASS roll cancels the attack trail
PASS attack start does not flash a fallback arm
PASS bat 5: body preserves committed contact direction while aim changes
PASS authored attack has no fallback arm
PASS trail follows attack phase and moving body
PASS trail direction matches authored Blender arc
PASS roll releases committed attack
PASS roll cancels the attack trail
PASS attack start does not flash a fallback arm
PASS bat 6: body preserves committed contact direction while aim changes
PASS authored attack has no fallback arm
PASS trail follows attack phase and moving body
PASS trail direction matches authored Blender arc
PASS roll releases committed attack
PASS roll cancels the attack trail
PASS attack start does not flash a fallback arm
PASS bat 7: body preserves committed contact direction while aim changes
PASS authored attack has no fallback arm
PASS trail follows attack phase and moving body
PASS trail direction matches authored Blender arc
PASS roll releases committed attack
PASS roll cancels the attack trail
COMBAT ANIMATION REGRESSION: 0 failures
