Godot Engine v4.7.2.stable.official.ed1daf0bf - https://godotengine.org

[   0% ] [90m[1mfirst_scan_filesystem[22m | Started Project initialization (5 steps)[39m[0m
[   0% ] [90m[1mfirst_scan_filesystem[22m | Scanning file structure...[39m[0m
[  16% ] [90m[1mfirst_scan_filesystem[22m | Loading global class names...[39m[0m
[  33% ] [90m[1mfirst_scan_filesystem[22m | Verifying GDExtensions...[39m[0m
[  50% ] [90m[1mfirst_scan_filesystem[22m | Creating autoload scripts...[39m[0m
[  66% ] [90m[1mfirst_scan_filesystem[22m | Initializing plugins...[39m[0m
[  83% ] [90m[1mfirst_scan_filesystem[22m | Starting file scan...[39m[0m
[92m[ DONE ][39m [1mfirst_scan_filesystem[22m
[0m
[   0% ] [90m[1mupdate_scripts_classes[22m | Started Registering global classes... (3 steps)[39m[0m
[   0% ] [90m[1mupdate_scripts_classes[22m | [39m[0m
[  25% ] [90m[1mupdate_scripts_classes[22m | [39m[0m
[  50% ] [90m[1mupdate_scripts_classes[22m | [39m[0m
[92m[ DONE ][39m [1mupdate_scripts_classes[22m
[0m
[   0% ] [90m[1m_update_scan_actions[22m | Started Scanning actions... (76 steps)[39m[0m
[   0% ] [90m[1m_update_scan_actions[22m | cass.glb[39m[0m
[   1% ] [90m[1m_update_scan_actions[22m | 000.png[39m[0m
[   2% ] [90m[1m_update_scan_actions[22m | 001.png[39m[0m
[   3% ] [90m[1m_update_scan_actions[22m | 002.png[39m[0m
[   5% ] [90m[1m_update_scan_actions[22m | 003.png[39m[0m
[   6% ] [90m[1m_update_scan_actions[22m | 004.png[39m[0m
[   7% ] [90m[1m_update_scan_actions[22m | 005.png[39m[0m
[   9% ] [90m[1m_update_scan_actions[22m | 006.png[39m[0m
[  10% ] [90m[1m_update_scan_actions[22m | 007.png[39m[0m
[  11% ] [90m[1m_update_scan_actions[22m | 008.png[39m[0m
[  12% ] [90m[1m_update_scan_actions[22m | 009.png[39m[0m
[  14% ] [90m[1m_update_scan_actions[22m | 010.png[39m[0m
[  15% ] [90m[1m_update_scan_actions[22m | 011.png[39m[0m
[  16% ] [90m[1m_update_scan_actions[22m | 012.png[39m[0m
[  18% ] [90m[1m_update_scan_actions[22m | 013.png[39m[0m
[  19% ] [90m[1m_update_scan_actions[22m | 014.png[39m[0m
[  20% ] [90m[1m_update_scan_actions[22m | 015.png[39m[0m
[  22% ] [90m[1m_update_scan_actions[22m | 016.png[39m[0m
[  23% ] [90m[1m_update_scan_actions[22m | 017.png[39m[0m
[  24% ] [90m[1m_update_scan_actions[22m | 018.png[39m[0m
[  25% ] [90m[1m_update_scan_actions[22m | 019.png[39m[0m
[  27% ] [90m[1m_update_scan_actions[22m | 020.png[39m[0m
[  28% ] [90m[1m_update_scan_actions[22m | 021.png[39m[0m
[  29% ] [90m[1m_update_scan_actions[22m | 022.png[39m[0m
[  31% ] [90m[1m_update_scan_actions[22m | 023.png[39m[0m
[  32% ] [90m[1m_update_scan_actions[22m | 024.png[39m[0m
[  33% ] [90m[1m_update_scan_actions[22m | 025.png[39m[0m
[  35% ] [90m[1m_update_scan_actions[22m | 026.png[39m[0m
[  36% ] [90m[1m_update_scan_actions[22m | 027.png[39m[0m
[  37% ] [90m[1m_update_scan_actions[22m | 028.png[39m[0m
[  38% ] [90m[1m_update_scan_actions[22m | 029.png[39m[0m
[  40% ] [90m[1m_update_scan_actions[22m | 030.png[39m[0m
[  41% ] [90m[1m_update_scan_actions[22m | 031.png[39m[0m
[  42% ] [90m[1m_update_scan_actions[22m | 032.png[39m[0m
[  44% ] [90m[1m_update_scan_actions[22m | 033.png[39m[0m
[  45% ] [90m[1m_update_scan_actions[22m | 034.png[39m[0m
[  46% ] [90m[1m_update_scan_actions[22m | 035.png[39m[0m
[  48% ] [90m[1m_update_scan_actions[22m | 036.png[39m[0m
[  49% ] [90m[1m_update_scan_actions[22m | 037.png[39m[0m
[  50% ] [90m[1m_update_scan_actions[22m | 038.png[39m[0m
[  51% ] [90m[1m_update_scan_actions[22m | 039.png[39m[0m
[  53% ] [90m[1m_update_scan_actions[22m | 040.png[39m[0m
[  54% ] [90m[1m_update_scan_actions[22m | 041.png[39m[0m
[  55% ] [90m[1m_update_scan_actions[22m | 042.png[39m[0m
[  57% ] [90m[1m_update_scan_actions[22m | 043.png[39m[0m
[  58% ] [90m[1m_update_scan_actions[22m | 044.png[39m[0m
[  59% ] [90m[1m_update_scan_actions[22m | 045.png[39m[0m
[  61% ] [90m[1m_update_scan_actions[22m | 046.png[39m[0m
[  62% ] [90m[1m_update_scan_actions[22m | 047.png[39m[0m
[  63% ] [90m[1m_update_scan_actions[22m | 048.png[39m[0m
[  64% ] [90m[1m_update_scan_actions[22m | 049.png[39m[0m
[  66% ] [90m[1m_update_scan_actions[22m | 050.png[39m[0m
[  67% ] [90m[1m_update_scan_actions[22m | 051.png[39m[0m
[  68% ] [90m[1m_update_scan_actions[22m | 052.png[39m[0m
[  70% ] [90m[1m_update_scan_actions[22m | 053.png[39m[0m
[  71% ] [90m[1m_update_scan_actions[22m | 054.png[39m[0m
[  72% ] [90m[1m_update_scan_actions[22m | 055.png[39m[0m
[  74% ] [90m[1m_update_scan_actions[22m | 056.png[39m[0m
[  75% ] [90m[1m_update_scan_actions[22m | 057.png[39m[0m
[  76% ] [90m[1m_update_scan_actions[22m | 058.png[39m[0m
[  77% ] [90m[1m_update_scan_actions[22m | 059.png[39m[0m
[  79% ] [90m[1m_update_scan_actions[22m | 060.png[39m[0m
[  80% ] [90m[1m_update_scan_actions[22m | 061.png[39m[0m
[  81% ] [90m[1m_update_scan_actions[22m | 062.png[39m[0m
[  83% ] [90m[1m_update_scan_actions[22m | 063.png[39m[0m
[  84% ] [90m[1m_update_scan_actions[22m | 064.png[39m[0m
[  85% ] [90m[1m_update_scan_actions[22m | cass_before_5a11358b5498.glb[39m[0m
[  87% ] [90m[1m_update_scan_actions[22m | level_000.png[39m[0m
[  88% ] [90m[1m_update_scan_actions[22m | level_045.png[39m[0m
[  89% ] [90m[1m_update_scan_actions[22m | level_090.png[39m[0m
[  90% ] [90m[1m_update_scan_actions[22m | level_135.png[39m[0m
[  92% ] [90m[1m_update_scan_actions[22m | level_180.png[39m[0m
[  93% ] [90m[1m_update_scan_actions[22m | level_225.png[39m[0m
[  94% ] [90m[1m_update_scan_actions[22m | level_270.png[39m[0m
[  96% ] [90m[1m_update_scan_actions[22m | level_315.png[39m[0m
[  97% ] [90m[1m_update_scan_actions[22m | pose_comparison.png[39m[0m
[92m[ DONE ][39m [1m_update_scan_actions[22m
[0m
[   0% ] [90m[1mreimport[22m | Started (Re)Importing Assets (78 steps)[39m[0m
[   0% ] [90m[1mreimport[22m | Preparing files to reimport...[39m[0m
[   1% ] [90m[1mreimport[22m | Preparing files to reimport...[39m[0m
[   2% ] [90m[1mreimport[22m | Preparing files to reimport...[39m[0m
[   3% ] [90m[1mreimport[22m | Preparing files to reimport...[39m[0m
[   5% ] [90m[1mreimport[22m | Preparing files to reimport...[39m[0m
[   6% ] [90m[1mreimport[22m | Preparing files to reimport...[39m[0m
[   7% ] [90m[1mreimport[22m | Preparing files to reimport...[39m[0m
[   8% ] [90m[1mreimport[22m | Preparing files to reimport...[39m[0m
[  10% ] [90m[1mreimport[22m | Preparing files to reimport...[39m[0m
[  11% ] [90m[1mreimport[22m | Preparing files to reimport...[39m[0m
[  12% ] [90m[1mreimport[22m | Preparing files to reimport...[39m[0m
[  13% ] [90m[1mreimport[22m | Preparing files to reimport...[39m[0m
[  15% ] [90m[1mreimport[22m | Preparing files to reimport...[39m[0m
[  16% ] [90m[1mreimport[22m | Preparing files to reimport...[39m[0m
[  17% ] [90m[1mreimport[22m | Preparing files to reimport...[39m[0m
[  18% ] [90m[1mreimport[22m | Preparing files to reimport...[39m[0m
[  20% ] [90m[1mreimport[22m | Preparing files to reimport...[39m[0m
[  21% ] [90m[1mreimport[22m | Preparing files to reimport...[39m[0m
[  22% ] [90m[1mreimport[22m | Preparing files to reimport...[39m[0m
[  24% ] [90m[1mreimport[22m | Preparing files to reimport...[39m[0m
[  25% ] [90m[1mreimport[22m | Preparing files to reimport...[39m[0m
[  26% ] [90m[1mreimport[22m | Preparing files to reimport...[39m[0m
[  27% ] [90m[1mreimport[22m | Preparing files to reimport...[39m[0m
[  29% ] [90m[1mreimport[22m | Preparing files to reimport...[39m[0m
[  30% ] [90m[1mreimport[22m | Preparing files to reimport...[39m[0m
[  31% ] [90m[1mreimport[22m | Preparing files to reimport...[39m[0m
[  32% ] [90m[1mreimport[22m | Preparing files to reimport...[39m[0m
[  34% ] [90m[1mreimport[22m | Preparing files to reimport...[39m[0m
[  35% ] [90m[1mreimport[22m | Preparing files to reimport...[39m[0m
[  36% ] [90m[1mreimport[22m | Preparing files to reimport...[39m[0m
[  37% ] [90m[1mreimport[22m | Preparing files to reimport...[39m[0m
[  39% ] [90m[1mreimport[22m | Preparing files to reimport...[39m[0m
[  40% ] [90m[1mreimport[22m | Preparing files to reimport...[39m[0m
[  41% ] [90m[1mreimport[22m | Preparing files to reimport...[39m[0m
[  43% ] [90m[1mreimport[22m | Preparing files to reimport...[39m[0m
[  44% ] [90m[1mreimport[22m | Preparing files to reimport...[39m[0m
[  45% ] [90m[1mreimport[22m | Preparing files to reimport...[39m[0m
[  46% ] [90m[1mreimport[22m | Preparing files to reimport...[39m[0m
[  48% ] [90m[1mreimport[22m | Preparing files to reimport...[39m[0m
[  49% ] [90m[1mreimport[22m | Preparing files to reimport...[39m[0m
[  50% ] [90m[1mreimport[22m | Preparing files to reimport...[39m[0m
[  51% ] [90m[1mreimport[22m | Preparing files to reimport...[39m[0m
[  53% ] [90m[1mreimport[22m | Preparing files to reimport...[39m[0m
[  54% ] [90m[1mreimport[22m | Preparing files to reimport...[39m[0m
[  55% ] [90m[1mreimport[22m | Preparing files to reimport...[39m[0m
[  56% ] [90m[1mreimport[22m | Preparing files to reimport...[39m[0m
[  58% ] [90m[1mreimport[22m | Preparing files to reimport...[39m[0m
[  59% ] [90m[1mreimport[22m | Preparing files to reimport...[39m[0m
[  60% ] [90m[1mreimport[22m | Preparing files to reimport...[39m[0m
[  62% ] [90m[1mreimport[22m | Preparing files to reimport...[39m[0m
[  63% ] [90m[1mreimport[22m | Preparing files to reimport...[39m[0m
[  64% ] [90m[1mreimport[22m | Preparing files to reimport...[39m[0m
[  65% ] [90m[1mreimport[22m | Preparing files to reimport...[39m[0m
[  67% ] [90m[1mreimport[22m | Preparing files to reimport...[39m[0m
[  68% ] [90m[1mreimport[22m | Preparing files to reimport...[39m[0m
[  69% ] [90m[1mreimport[22m | Preparing files to reimport...[39m[0m
[  70% ] [90m[1mreimport[22m | Preparing files to reimport...[39m[0m
[  72% ] [90m[1mreimport[22m | Preparing files to reimport...[39m[0m
[  73% ] [90m[1mreimport[22m | Preparing files to reimport...[39m[0m
[  74% ] [90m[1mreimport[22m | Preparing files to reimport...[39m[0m
[  75% ] [90m[1mreimport[22m | Preparing files to reimport...[39m[0m
[  77% ] [90m[1mreimport[22m | Preparing files to reimport...[39m[0m
[  78% ] [90m[1mreimport[22m | Preparing files to reimport...[39m[0m
[  79% ] [90m[1mreimport[22m | Preparing files to reimport...[39m[0m
[  81% ] [90m[1mreimport[22m | Preparing files to reimport...[39m[0m
[  82% ] [90m[1mreimport[22m | Preparing files to reimport...[39m[0m
[  83% ] [90m[1mreimport[22m | Preparing files to reimport...[39m[0m
[  84% ] [90m[1mreimport[22m | Preparing files to reimport...[39m[0m
[  86% ] [90m[1mreimport[22m | Preparing files to reimport...[39m[0m
[  87% ] [90m[1mreimport[22m | Preparing files to reimport...[39m[0m
[  88% ] [90m[1mreimport[22m | Preparing files to reimport...[39m[0m
[  89% ] [90m[1mreimport[22m | Preparing files to reimport...[39m[0m
[  91% ] [90m[1mreimport[22m | Preparing files to reimport...[39m[0m
[  92% ] [90m[1mreimport[22m | Preparing files to reimport...[39m[0m
[  93% ] [90m[1mreimport[22m | Preparing files to reimport...[39m[0m
[  94% ] [90m[1mreimport[22m | Preparing files to reimport...[39m[0m
[  96% ] [90m[1mreimport[22m | Preparing files to reimport...[39m[0m
[  97% ] [90m[1mreimport[22m | Preparing files to reimport...[39m[0m
[   0% ] [90m[1mreimport[22m | Executing pre-reimport operations...[39m[0m
[   0% ] [90m[1mpreload_reimporting_scene[22m | Started Preparing scenes for reload (1 steps)[39m[0m
[   0% ] [90m[1mpreload_reimporting_scene[22m | Analyzing scene [empty][39m[0m
[  50% ] [90m[1mpreload_reimporting_scene[22m | Preparation done.[39m[0m
[92m[ DONE ][39m [1mpreload_reimporting_scene[22m
[0m
[   0% ] [90m[1mreimport[22m | 054.png[39m[0m
[   1% ] [90m[1mreimport[22m | 053.png[39m[0m
[   2% ] [90m[1mreimport[22m | 052.png[39m[0m
[   3% ] [90m[1mreimport[22m | 051.png[39m[0m
[   5% ] [90m[1mreimport[22m | 050.png[39m[0m
[   6% ] [90m[1mreimport[22m | 049.png[39m[0m
[   7% ] [90m[1mreimport[22m | 048.png[39m[0m
[   8% ] [90m[1mreimport[22m | 047.png[39m[0m
[  10% ] [90m[1mreimport[22m | 046.png[39m[0m
[  11% ] [90m[1mreimport[22m | 045.png[39m[0m
[  12% ] [90m[1mreimport[22m | 044.png[39m[0m
[  13% ] [90m[1mreimport[22m | 043.png[39m[0m
[  15% ] [90m[1mreimport[22m | 042.png[39m[0m
[  16% ] [90m[1mreimport[22m | 041.png[39m[0m
[  17% ] [90m[1mreimport[22m | 040.png[39m[0m
[  18% ] [90m[1mreimport[22m | 039.png[39m[0m
[  20% ] [90m[1mreimport[22m | 038.png[39m[0m
[  21% ] [90m[1mreimport[22m | 037.png[39m[0m
[  22% ] [90m[1mreimport[22m | 036.png[39m[0m
[  24% ] [90m[1mreimport[22m | pose_comparison.png[39m[0m
[  25% ] [90m[1mreimport[22m | level_315.png[39m[0m
[  26% ] [90m[1mreimport[22m | level_270.png[39m[0m
[  27% ] [90m[1mreimport[22m | level_225.png[39m[0m
[  29% ] [90m[1mreimport[22m | level_180.png[39m[0m
[  30% ] [90m[1mreimport[22m | level_135.png[39m[0m
[  31% ] [90m[1mreimport[22m | level_090.png[39m[0m
[  32% ] [90m[1mreimport[22m | level_045.png[39m[0m
[  34% ] [90m[1mreimport[22m | level_000.png[39m[0m
[  35% ] [90m[1mreimport[22m | 064.png[39m[0m
[  36% ] [90m[1mreimport[22m | 063.png[39m[0m
[  37% ] [90m[1mreimport[22m | 062.png[39m[0m
[  39% ] [90m[1mreimport[22m | 061.png[39m[0m
[  40% ] [90m[1mreimport[22m | 060.png[39m[0m
[  41% ] [90m[1mreimport[22m | 059.png[39m[0m
[  43% ] [90m[1mreimport[22m | 058.png[39m[0m
[  44% ] [90m[1mreimport[22m | 057.png[39m[0m
[  45% ] [90m[1mreimport[22m | 056.png[39m[0m
[  46% ] [90m[1mreimport[22m | 055.png[39m[0m
[  48% ] [90m[1mreimport[22m | 016.png[39m[0m
[  49% ] [90m[1mreimport[22m | 015.png[39m[0m
[  50% ] [90m[1mreimport[22m | 014.png[39m[0m
[  51% ] [90m[1mreimport[22m | 013.png[39m[0m
[  53% ] [90m[1mreimport[22m | 012.png[39m[0m
[  54% ] [90m[1mreimport[22m | 011.png[39m[0m
[  55% ] [90m[1mreimport[22m | 010.png[39m[0m
[  56% ] [90m[1mreimport[22m | 009.png[39m[0m
[  58% ] [90m[1mreimport[22m | 008.png[39m[0m
[  59% ] [90m[1mreimport[22m | 007.png[39m[0m
[  60% ] [90m[1mreimport[22m | 006.png[39m[0m
[  62% ] [90m[1mreimport[22m | 005.png[39m[0m
[  63% ] [90m[1mreimport[22m | 004.png[39m[0m
[  64% ] [90m[1mreimport[22m | 003.png[39m[0m
[  65% ] [90m[1mreimport[22m | 002.png[39m[0m
[  67% ] [90m[1mreimport[22m | 001.png[39m[0m
[  68% ] [90m[1mreimport[22m | 000.png[39m[0m
[  69% ] [90m[1mreimport[22m | cass_hair_auburn.png[39m[0m
[  70% ] [90m[1mreimport[22m | cass_texture_0.png[39m[0m
[  72% ] [90m[1mreimport[22m | 035.png[39m[0m
[  73% ] [90m[1mreimport[22m | 034.png[39m[0m
[  74% ] [90m[1mreimport[22m | 033.png[39m[0m
[  75% ] [90m[1mreimport[22m | 032.png[39m[0m
[  77% ] [90m[1mreimport[22m | 031.png[39m[0m
[  78% ] [90m[1mreimport[22m | 030.png[39m[0m
[  79% ] [90m[1mreimport[22m | 029.png[39m[0m
[  81% ] [90m[1mreimport[22m | 028.png[39m[0m
[  82% ] [90m[1mreimport[22m | 027.png[39m[0m
[  83% ] [90m[1mreimport[22m | 026.png[39m[0m
[  84% ] [90m[1mreimport[22m | 025.png[39m[0m
[  86% ] [90m[1mreimport[22m | 024.png[39m[0m
[  87% ] [90m[1mreimport[22m | 023.png[39m[0m
[  88% ] [90m[1mreimport[22m | 022.png[39m[0m
[  89% ] [90m[1mreimport[22m | 021.png[39m[0m
[  91% ] [90m[1mreimport[22m | 020.png[39m[0m
[  92% ] [90m[1mreimport[22m | 019.png[39m[0m
[  93% ] [90m[1mreimport[22m | 018.png[39m[0m
[  93% ] [90m[1mreimport[22m | 018.png[39m[0m
[  94% ] [90m[1mreimport[22m | 017.png[39m[0m
[  96% ] [90m[1mreimport[22m | cass_before_5a11358b5498.glb[39m[0m
[   0% ] [90m[1mimport[22m | Started Import Scene (104 steps)[39m[0m
[   0% ] [90m[1mimport[22m | Importing Scene...[39m[0m
[   1% ] [90m[1mimport[22m | Running Custom Script...[39m[0m
[  99% ] [90m[1mimport[22m | Saving...[39m[0m
[92m[ DONE ][39m [1mimport[22m
[0m
[  97% ] [90m[1mreimport[22m | cass.glb[39m[0m
[   0% ] [90m[1mimport[22m | Started Import Scene (104 steps)[39m[0m
[   0% ] [90m[1mimport[22m | Importing Scene...[39m[0m
[   1% ] [90m[1mimport[22m | Running Custom Script...[39m[0m
[  99% ] [90m[1mimport[22m | Saving...[39m[0m
[92m[ DONE ][39m [1mimport[22m
[0m
[  98% ] [90m[1mreimport[22m | Finalizing Asset Import...[39m[0m
[92m[ DONE ][39m [1mreimport[22m
[0m
[   0% ] [90m[1mreimport[22m | Started (Re)Importing Assets (78 steps)[39m[0m
[   0% ] [90m[1mreimport[22m | Executing post-reimport operations...[39m[0m
[92m[ DONE ][39m [1mreimport[22m
[0m
[   0% ] [90m[1mloading_editor_layout[22m | Started Loading editor (5 steps)[39m[0m
[   0% ] [90m[1mloading_editor_layout[22m | Loading editor layout...[39m[0m
[  16% ] [90m[1mloading_editor_layout[22m | Loading docks...[39m[0m
[  33% ] [90m[1mloading_editor_layout[22m | Reopening scenes...[39m[0m
[  50% ] [90m[1mloading_editor_layout[22m | Loading central editor layout...[39m[0m
[  66% ] [90m[1mloading_editor_layout[22m | Loading plugin window layout...[39m[0m
[  83% ] [90m[1mloading_editor_layout[22m | Editor layout ready.[39m[0m
[92m[ DONE ][39m [1mloading_editor_layout[22m
[0m
