Godot Engine v4.7.2.stable.official.ed1daf0bf - https://godotengine.org

[   0% ] [90m[1mfirst_scan_filesystem[22m | Started Project initialization (5 steps)[39m[0m
[   0% ] [90m[1mfirst_scan_filesystem[22m | Scanning file structure...[39m[0m
[  16% ] [90m[1mfirst_scan_filesystem[22m | Loading global class names...[39m[0m
[  33% ] [90m[1mfirst_scan_filesystem[22m | Verifying GDExtensions...[39m[0m
[  50% ] [90m[1mfirst_scan_filesystem[22m | Creating autoload scripts...[39m[0m
[  66% ] [90m[1mfirst_scan_filesystem[22m | Initializing plugins...[39m[0m
[  83% ] [90m[1mfirst_scan_filesystem[22m | Starting file scan...[39m[0m
[92m[ DONE ][39m [1mfirst_scan_filesystem[22m
[0m
[   0% ] [90m[1mupdate_scripts_classes[22m | Started Registering global classes... (18 steps)[39m[0m
[   0% ] [90m[1mupdate_scripts_classes[22m | Enemy[39m[0m
[   5% ] [90m[1mupdate_scripts_classes[22m | Level[39m[0m
[  10% ] [90m[1mupdate_scripts_classes[22m | [39m[0m
[  15% ] [90m[1mupdate_scripts_classes[22m | FrameSequence[39m[0m
[  21% ] [90m[1mupdate_scripts_classes[22m | Portrait[39m[0m
[  26% ] [90m[1mupdate_scripts_classes[22m | [39m[0m
[  31% ] [90m[1mupdate_scripts_classes[22m | [39m[0m
[  36% ] [90m[1mupdate_scripts_classes[22m | [39m[0m
[  42% ] [90m[1mupdate_scripts_classes[22m | [39m[0m
[  47% ] [90m[1mupdate_scripts_classes[22m | [39m[0m
[  52% ] [90m[1mupdate_scripts_classes[22m | [39m[0m
[  57% ] [90m[1mupdate_scripts_classes[22m | [39m[0m
[  63% ] [90m[1mupdate_scripts_classes[22m | [39m[0m
[  68% ] [90m[1mupdate_scripts_classes[22m | [39m[0m
[  73% ] [90m[1mupdate_scripts_classes[22m | [39m[0m
[  78% ] [90m[1mupdate_scripts_classes[22m | [39m[0m
[  84% ] [90m[1mupdate_scripts_classes[22m | [39m[0m
[  89% ] [90m[1mupdate_scripts_classes[22m | [39m[0m
[92m[ DONE ][39m [1mupdate_scripts_classes[22m
[0m
[   0% ] [90m[1m_update_scan_actions[22m | Started Scanning actions... (38 steps)[39m[0m
[   0% ] [90m[1m_update_scan_actions[22m | mom_blink.png[39m[0m
[   2% ] [90m[1m_update_scan_actions[22m | laundry_cart_game_review.png[39m[0m
[   5% ] [90m[1m_update_scan_actions[22m | laundry_cart_v1.png[39m[0m
[   7% ] [90m[1m_update_scan_actions[22m | laundry_cart_v2.png[39m[0m
[  10% ] [90m[1m_update_scan_actions[22m | laundry_cart_v3.png[39m[0m
[  12% ] [90m[1m_update_scan_actions[22m | laundry_cart_v4.png[39m[0m
[  15% ] [90m[1m_update_scan_actions[22m | blink_mask.png[39m[0m
[  17% ] [90m[1m_update_scan_actions[22m | blink_native.png[39m[0m
[  20% ] [90m[1m_update_scan_actions[22m | mouth_mask.png[39m[0m
[  23% ] [90m[1m_update_scan_actions[22m | talk_native.png[39m[0m
[  25% ] [90m[1m_update_scan_actions[22m | talk_v2_mask.png[39m[0m
[  28% ] [90m[1m_update_scan_actions[22m | talk_wide_mask.png[39m[0m
[  30% ] [90m[1m_update_scan_actions[22m | talk_wide_native.png[39m[0m
[  33% ] [90m[1m_update_scan_actions[22m | m01_checkout_0.png[39m[0m
[  35% ] [90m[1m_update_scan_actions[22m | m01_checkout_0_warehouse_entry.png[39m[0m
[  38% ] [90m[1m_update_scan_actions[22m | m01_checkout_1.png[39m[0m
[  41% ] [90m[1m_update_scan_actions[22m | m01_checkout_1_warehouse_entry.png[39m[0m
[  43% ] [90m[1m_update_scan_actions[22m | m01_checkout_2.png[39m[0m
[  46% ] [90m[1m_update_scan_actions[22m | m01_checkout_2_warehouse_entry.png[39m[0m
[  48% ] [90m[1m_update_scan_actions[22m | m02_dog_days_3.png[39m[0m
[  51% ] [90m[1m_update_scan_actions[22m | m02_dog_days_3_warehouse_entry.png[39m[0m
[  53% ] [90m[1m_update_scan_actions[22m | m02_dog_days_4.png[39m[0m
[  56% ] [90m[1m_update_scan_actions[22m | m02_dog_days_4_warehouse_entry.png[39m[0m
[  58% ] [90m[1m_update_scan_actions[22m | m02_dog_days_5.png[39m[0m
[  61% ] [90m[1m_update_scan_actions[22m | m02_dog_days_5_warehouse_entry.png[39m[0m
[  64% ] [90m[1m_update_scan_actions[22m | m03_prime_time_6.png[39m[0m
[  66% ] [90m[1m_update_scan_actions[22m | m03_prime_time_6_warehouse_entry.png[39m[0m
[  69% ] [90m[1m_update_scan_actions[22m | m03_prime_time_7.png[39m[0m
[  71% ] [90m[1m_update_scan_actions[22m | m03_prime_time_7_warehouse_entry.png[39m[0m
[  74% ] [90m[1m_update_scan_actions[22m | m03_prime_time_8.png[39m[0m
[  76% ] [90m[1m_update_scan_actions[22m | m03_prime_time_8_warehouse_entry.png[39m[0m
[  79% ] [90m[1m_update_scan_actions[22m | placement_current_contact.png[39m[0m
[  82% ] [90m[1m_update_scan_actions[22m | runtime_blink.png[39m[0m
[  84% ] [90m[1m_update_scan_actions[22m | runtime_blink_clean.png[39m[0m
[  87% ] [90m[1m_update_scan_actions[22m | runtime_wide.png[39m[0m
[  89% ] [90m[1m_update_scan_actions[22m | runtime_wide_clean.png[39m[0m
[  92% ] [90m[1m_update_scan_actions[22m | cass_portrait_style_review.png[39m[0m
[  94% ] [90m[1m_update_scan_actions[22m | mom_portrait_detail.png[39m[0m
[92m[ DONE ][39m [1m_update_scan_actions[22m
[0m
[   0% ] [90m[1mreimport[22m | Started (Re)Importing Assets (38 steps)[39m[0m
[   0% ] [90m[1mreimport[22m | Preparing files to reimport...[39m[0m
[   2% ] [90m[1mreimport[22m | Preparing files to reimport...[39m[0m
[   5% ] [90m[1mreimport[22m | Preparing files to reimport...[39m[0m
[   7% ] [90m[1mreimport[22m | Preparing files to reimport...[39m[0m
[  10% ] [90m[1mreimport[22m | Preparing files to reimport...[39m[0m
[  12% ] [90m[1mreimport[22m | Preparing files to reimport...[39m[0m
[  15% ] [90m[1mreimport[22m | Preparing files to reimport...[39m[0m
[  17% ] [90m[1mreimport[22m | Preparing files to reimport...[39m[0m
[  20% ] [90m[1mreimport[22m | Preparing files to reimport...[39m[0m
[  23% ] [90m[1mreimport[22m | Preparing files to reimport...[39m[0m
[  25% ] [90m[1mreimport[22m | Preparing files to reimport...[39m[0m
[  28% ] [90m[1mreimport[22m | Preparing files to reimport...[39m[0m
[  30% ] [90m[1mreimport[22m | Preparing files to reimport...[39m[0m
[  33% ] [90m[1mreimport[22m | Preparing files to reimport...[39m[0m
[  35% ] [90m[1mreimport[22m | Preparing files to reimport...[39m[0m
[  38% ] [90m[1mreimport[22m | Preparing files to reimport...[39m[0m
[  41% ] [90m[1mreimport[22m | Preparing files to reimport...[39m[0m
[  43% ] [90m[1mreimport[22m | Preparing files to reimport...[39m[0m
[  46% ] [90m[1mreimport[22m | Preparing files to reimport...[39m[0m
[  48% ] [90m[1mreimport[22m | Preparing files to reimport...[39m[0m
[  51% ] [90m[1mreimport[22m | Preparing files to reimport...[39m[0m
[  53% ] [90m[1mreimport[22m | Preparing files to reimport...[39m[0m
[  56% ] [90m[1mreimport[22m | Preparing files to reimport...[39m[0m
[  58% ] [90m[1mreimport[22m | Preparing files to reimport...[39m[0m
[  61% ] [90m[1mreimport[22m | Preparing files to reimport...[39m[0m
[  64% ] [90m[1mreimport[22m | Preparing files to reimport...[39m[0m
[  66% ] [90m[1mreimport[22m | Preparing files to reimport...[39m[0m
[  69% ] [90m[1mreimport[22m | Preparing files to reimport...[39m[0m
[  71% ] [90m[1mreimport[22m | Preparing files to reimport...[39m[0m
[  74% ] [90m[1mreimport[22m | Preparing files to reimport...[39m[0m
[  76% ] [90m[1mreimport[22m | Preparing files to reimport...[39m[0m
[  79% ] [90m[1mreimport[22m | Preparing files to reimport...[39m[0m
[  82% ] [90m[1mreimport[22m | Preparing files to reimport...[39m[0m
[  84% ] [90m[1mreimport[22m | Preparing files to reimport...[39m[0m
[  87% ] [90m[1mreimport[22m | Preparing files to reimport...[39m[0m
[  89% ] [90m[1mreimport[22m | Preparing files to reimport...[39m[0m
[  92% ] [90m[1mreimport[22m | Preparing files to reimport...[39m[0m
[  94% ] [90m[1mreimport[22m | Preparing files to reimport...[39m[0m
[   0% ] [90m[1mreimport[22m | Executing pre-reimport operations...[39m[0m
[   0% ] [90m[1mreimport[22m | m02_dog_days_3.png[39m[0m
[   2% ] [90m[1mreimport[22m | m02_dog_days_3_warehouse_entry.png[39m[0m
[   5% ] [90m[1mreimport[22m | m02_dog_days_4.png[39m[0m
[   7% ] [90m[1mreimport[22m | m02_dog_days_4_warehouse_entry.png[39m[0m
[  10% ] [90m[1mreimport[22m | m02_dog_days_5.png[39m[0m
[  12% ] [90m[1mreimport[22m | m02_dog_days_5_warehouse_entry.png[39m[0m
[  15% ] [90m[1mreimport[22m | m03_prime_time_6.png[39m[0m
[  17% ] [90m[1mreimport[22m | m03_prime_time_6_warehouse_entry.png[39m[0m
[  20% ] [90m[1mreimport[22m | m03_prime_time_7.png[39m[0m
[  23% ] [90m[1mreimport[22m | m03_prime_time_7_warehouse_entry.png[39m[0m
[  25% ] [90m[1mreimport[22m | m03_prime_time_8.png[39m[0m
[  28% ] [90m[1mreimport[22m | m03_prime_time_8_warehouse_entry.png[39m[0m
[  30% ] [90m[1mreimport[22m | placement_current_contact.png[39m[0m
[  33% ] [90m[1mreimport[22m | runtime_blink.png[39m[0m
[  35% ] [90m[1mreimport[22m | runtime_blink_clean.png[39m[0m
[  38% ] [90m[1mreimport[22m | runtime_wide.png[39m[0m
[  41% ] [90m[1mreimport[22m | runtime_wide_clean.png[39m[0m
[  43% ] [90m[1mreimport[22m | cass_portrait_style_review.png[39m[0m
[  46% ] [90m[1mreimport[22m | mom_portrait_detail.png[39m[0m
[  48% ] [90m[1mreimport[22m | mom_blink.png[39m[0m
[  51% ] [90m[1mreimport[22m | laundry_cart_game_review.png[39m[0m
[  53% ] [90m[1mreimport[22m | laundry_cart_v1.png[39m[0m
[  56% ] [90m[1mreimport[22m | laundry_cart_v2.png[39m[0m
[  58% ] [90m[1mreimport[22m | laundry_cart_v3.png[39m[0m
[  61% ] [90m[1mreimport[22m | laundry_cart_v4.png[39m[0m
[  64% ] [90m[1mreimport[22m | blink_mask.png[39m[0m
[  66% ] [90m[1mreimport[22m | blink_native.png[39m[0m
[  69% ] [90m[1mreimport[22m | mouth_mask.png[39m[0m
[  71% ] [90m[1mreimport[22m | talk_native.png[39m[0m
[  74% ] [90m[1mreimport[22m | talk_v2_mask.png[39m[0m
[  76% ] [90m[1mreimport[22m | talk_wide_mask.png[39m[0m
[  79% ] [90m[1mreimport[22m | talk_wide_native.png[39m[0m
[  82% ] [90m[1mreimport[22m | m01_checkout_0.png[39m[0m
[  84% ] [90m[1mreimport[22m | m01_checkout_0_warehouse_entry.png[39m[0m
[  87% ] [90m[1mreimport[22m | m01_checkout_1.png[39m[0m
[  89% ] [90m[1mreimport[22m | m01_checkout_1_warehouse_entry.png[39m[0m
[  92% ] [90m[1mreimport[22m | m01_checkout_2.png[39m[0m
[  94% ] [90m[1mreimport[22m | m01_checkout_2_warehouse_entry.png[39m[0m
[  97% ] [90m[1mreimport[22m | Finalizing Asset Import...[39m[0m
[92m[ DONE ][39m [1mreimport[22m
[0m
[   0% ] [90m[1mreimport[22m | Started (Re)Importing Assets (38 steps)[39m[0m
[   0% ] [90m[1mreimport[22m | Executing post-reimport operations...[39m[0m
[92m[ DONE ][39m [1mreimport[22m
[0m
[   0% ] [90m[1mloading_editor_layout[22m | Started Loading editor (5 steps)[39m[0m
[   0% ] [90m[1mloading_editor_layout[22m | Loading editor layout...[39m[0m
[  16% ] [90m[1mloading_editor_layout[22m | Loading docks...[39m[0m
[  33% ] [90m[1mloading_editor_layout[22m | Reopening scenes...[39m[0m
[  50% ] [90m[1mloading_editor_layout[22m | Loading central editor layout...[39m[0m
[  66% ] [90m[1mloading_editor_layout[22m | Loading plugin window layout...[39m[0m
[  83% ] [90m[1mloading_editor_layout[22m | Editor layout ready.[39m[0m
[92m[ DONE ][39m [1mloading_editor_layout[22m
[0m
